02-11 22:01:11.577 E/WifiStaIfaceAidlImpl( 1796): getCachedScanData failed with service-specific exception: android.os.ServiceSpecificException:  (code 4)
02-11 22:01:12.252 E/BatteryDump( 1458): !@new_battery_dump : 3712,-240,100,100,15,341,340,360,335,0,349,363,336,Discharging,NO_CHARGING,None,Good,NONE,0,Normal,0,0,11400,0x40000000,0x10000,0x0,0,0,231,v0004,0,0/0-0-0-0,0000,0000,00000000,3712,3708,0,7,-247,0,151,0,157,1000,0,
02-11 22:01:13.267 E/msys    (15100): E[N mns]_OnDiskCacheGetData(632)=>Start post callback cache refresh DNS resolution
02-11 22:01:13.271 E/msys    (15100): E[N mns]_OnDiskCacheGetData(632)=>Start post callback cache refresh DNS resolution
02-11 22:01:13.277 E/msys    (15100): E[N mns]_LogError(228)=>Failed to resolve using system DNS resolver, getaddrinfo(): No address associated with hostname
02-11 22:01:13.277 E/msys    (15100): E[N mns]_LogError(228)=>Failed to resolve using system DNS resolver, getaddrinfo(): No address associated with hostname
02-11 22:01:13.278 E/SecVibrator-HAL-AIDL-EXT( 1463): V_5_0: performPrebakedHapticPattern 1 : 4000 : 0
02-11 22:01:13.279 E/SecVibrator-HAL-AIDL-CORE( 1463): HW_API: [setRepeatForForceFeedbackAw]repeat: 0
02-11 22:01:13.279 E/SecVibrator-HAL-AIDL-CORE( 1463): HW_API: [setForceFeedbackAmplitude]amplitude: 4000
02-11 22:01:13.279 E/SecVibrator-HAL-AIDL-CORE( 1463): HW_API: [uploadForceFeedbackeffect]ioctl success ,uploaded effect with ID: 0
02-11 22:01:13.279 E/SecVibrator-HAL-AIDL-CORE( 1463): HW_API: do_on for timeoutMs: 1000
02-11 22:01:13.280 E/SecVibrator-HAL-AIDL-CORE( 1463): HW_API: [triggerForceFeedbackVibration]on: 1
02-11 22:01:13.370 E/HBD     ( 6945): RtsCueLocation updateCursorLoc failed, cursor info is not exist 
02-11 22:01:13.397 E/SecVibrator-HAL-AIDL-CORE( 1463): V_2_0: Vibrator off
02-11 22:01:13.397 E/SecVibrator-HAL-AIDL-CORE( 1463): HW_API: do_off
02-11 22:01:13.397 E/SecVibrator-HAL-AIDL-CORE( 1463): HW_API: [triggerForceFeedbackVibration]on: 0
02-11 22:01:13.436 E/SecVibrator-HAL-AIDL-EXT( 1463): V_5_0: performPrebakedHapticPattern 1 : 4000 : 0
02-11 22:01:13.436 E/SecVibrator-HAL-AIDL-CORE( 1463): HW_API: [setRepeatForForceFeedbackAw]repeat: 0
02-11 22:01:13.436 E/SecVibrator-HAL-AIDL-CORE( 1463): HW_API: [setForceFeedbackAmplitude]amplitude: 4000
02-11 22:01:13.437 E/SecVibrator-HAL-AIDL-CORE( 1463): HW_API: [uploadForceFeedbackeffect]ioctl success ,uploaded effect with ID: 0
02-11 22:01:13.437 E/SecVibrator-HAL-AIDL-CORE( 1463): HW_API: do_on for timeoutMs: 1000
02-11 22:01:13.437 E/SecVibrator-HAL-AIDL-CORE( 1463): HW_API: [triggerForceFeedbackVibration]on: 1
02-11 22:01:13.556 E/SecVibrator-HAL-AIDL-CORE( 1463): V_2_0: Vibrator off
02-11 22:01:13.557 E/SecVibrator-HAL-AIDL-CORE( 1463): HW_API: do_off
02-11 22:01:13.557 E/SecVibrator-HAL-AIDL-CORE( 1463): HW_API: [triggerForceFeedbackVibration]on: 0
02-11 22:01:13.708 E/SecVibrator-HAL-AIDL-EXT( 1463): V_5_0: performPrebakedHapticPattern 51 : 4000 : 0
02-11 22:01:13.709 E/SecVibrator-HAL-AIDL-CORE( 1463): HW_API: [setRepeatForForceFeedbackAw]repeat: 0
02-11 22:01:13.709 E/SecVibrator-HAL-AIDL-CORE( 1463): HW_API: [setForceFeedbackAmplitude]amplitude: 4000
02-11 22:01:13.709 E/SecVibrator-HAL-AIDL-CORE( 1463): HW_API: [uploadForceFeedbackeffect]ioctl success ,uploaded effect with ID: 0
02-11 22:01:13.709 E/SecVibrator-HAL-AIDL-CORE( 1463): HW_API: do_on for timeoutMs: 1000
02-11 22:01:13.709 E/SecVibrator-HAL-AIDL-CORE( 1463): HW_API: [triggerForceFeedbackVibration]on: 1
02-11 22:01:13.840 E/SecVibrator-HAL-AIDL-CORE( 1463): V_2_0: Vibrator off
02-11 22:01:13.840 E/SecVibrator-HAL-AIDL-CORE( 1463): HW_API: do_off
02-11 22:01:13.840 E/SecVibrator-HAL-AIDL-CORE( 1463): HW_API: [triggerForceFeedbackVibration]on: 0
02-11 22:01:13.923 E/SecVibrator-HAL-AIDL-EXT( 1463): V_5_0: performPrebakedHapticPattern 1 : 4000 : 0
02-11 22:01:13.924 E/SecVibrator-HAL-AIDL-CORE( 1463): HW_API: [setRepeatForForceFeedbackAw]repeat: 0
02-11 22:01:13.924 E/SecVibrator-HAL-AIDL-CORE( 1463): HW_API: [setForceFeedbackAmplitude]amplitude: 4000
02-11 22:01:13.924 E/SecVibrator-HAL-AIDL-CORE( 1463): HW_API: [uploadForceFeedbackeffect]ioctl success ,uploaded effect with ID: 0
02-11 22:01:13.924 E/SecVibrator-HAL-AIDL-CORE( 1463): HW_API: do_on for timeoutMs: 1000
02-11 22:01:13.924 E/SecVibrator-HAL-AIDL-CORE( 1463): HW_API: [triggerForceFeedbackVibration]on: 1
02-11 22:01:14.038 E/SecVibrator-HAL-AIDL-CORE( 1463): V_2_0: Vibrator off
02-11 22:01:14.038 E/SecVibrator-HAL-AIDL-CORE( 1463): HW_API: do_off
02-11 22:01:14.038 E/SecVibrator-HAL-AIDL-CORE( 1463): HW_API: [triggerForceFeedbackVibration]on: 0
02-11 22:01:14.044 E/SecVibrator-HAL-AIDL-EXT( 1463): V_5_0: performPrebakedHapticPattern 1 : 4000 : 0
02-11 22:01:14.044 E/SecVibrator-HAL-AIDL-CORE( 1463): HW_API: [setRepeatForForceFeedbackAw]repeat: 0
02-11 22:01:14.044 E/SecVibrator-HAL-AIDL-CORE( 1463): HW_API: [setForceFeedbackAmplitude]amplitude: 4000
02-11 22:01:14.045 E/SecVibrator-HAL-AIDL-CORE( 1463): HW_API: [uploadForceFeedbackeffect]ioctl success ,uploaded effect with ID: 0
02-11 22:01:14.045 E/SecVibrator-HAL-AIDL-CORE( 1463): HW_API: do_on for timeoutMs: 1000
02-11 22:01:14.045 E/SecVibrator-HAL-AIDL-CORE( 1463): HW_API: [triggerForceFeedbackVibration]on: 1
02-11 22:01:14.164 E/SecVibrator-HAL-AIDL-CORE( 1463): V_2_0: Vibrator off
02-11 22:01:14.164 E/SecVibrator-HAL-AIDL-CORE( 1463): HW_API: do_off
02-11 22:01:14.164 E/SecVibrator-HAL-AIDL-CORE( 1463): HW_API: [triggerForceFeedbackVibration]on: 0
02-11 22:01:14.218 E/SecVibrator-HAL-AIDL-EXT( 1463): V_5_0: performPrebakedHapticPattern 1 : 4000 : 0
02-11 22:01:14.218 E/SecVibrator-HAL-AIDL-CORE( 1463): HW_API: [setRepeatForForceFeedbackAw]repeat: 0
02-11 22:01:14.218 E/SecVibrator-HAL-AIDL-CORE( 1463): HW_API: [setForceFeedbackAmplitude]amplitude: 4000
02-11 22:01:14.219 E/SecVibrator-HAL-AIDL-CORE( 1463): HW_API: [uploadForceFeedbackeffect]ioctl success ,uploaded effect with ID: 0
02-11 22:01:14.219 E/SecVibrator-HAL-AIDL-CORE( 1463): HW_API: do_on for timeoutMs: 1000
02-11 22:01:14.219 E/SecVibrator-HAL-AIDL-CORE( 1463): HW_API: [triggerForceFeedbackVibration]on: 1
02-11 22:01:14.253 E/msys    (15100): E[N mns]_OnDiskCacheGetData(632)=>Start post callback cache refresh DNS resolution
02-11 22:01:14.273 E/msys    (15100): E[N mns]_LogError(228)=>Failed to resolve using system DNS resolver, getaddrinfo(): No address associated with hostname
02-11 22:01:14.336 E/SecVibrator-HAL-AIDL-CORE( 1463): V_2_0: Vibrator off
02-11 22:01:14.336 E/SecVibrator-HAL-AIDL-CORE( 1463): HW_API: do_off
02-11 22:01:14.336 E/SecVibrator-HAL-AIDL-CORE( 1463): HW_API: [triggerForceFeedbackVibration]on: 0
02-11 22:01:14.346 E/msys    (15100): E[N mns]_OnDiskCacheGetData(632)=>Start post callback cache refresh DNS resolution
02-11 22:01:14.360 E/msys    (15100): E[N mns]_LogError(228)=>Failed to resolve using system DNS resolver, getaddrinfo(): No address associated with hostname
02-11 22:01:14.657 E/WifiStaIfaceAidlImpl( 1796): getCachedScanData failed with service-specific exception: android.os.ServiceSpecificException:  (code 4)
02-11 22:01:14.694 E/SecVibrator-HAL-AIDL-EXT( 1463): V_5_0: performPrebakedHapticPattern 52 : 4000 : 0
02-11 22:01:14.694 E/SecVibrator-HAL-AIDL-CORE( 1463): HW_API: [setRepeatForForceFeedbackAw]repeat: 0
02-11 22:01:14.694 E/SecVibrator-HAL-AIDL-CORE( 1463): HW_API: [setForceFeedbackAmplitude]amplitude: 4000
02-11 22:01:14.695 E/SecVibrator-HAL-AIDL-CORE( 1463): HW_API: [uploadForceFeedbackeffect]ioctl success ,uploaded effect with ID: 0
02-11 22:01:14.695 E/SecVibrator-HAL-AIDL-CORE( 1463): HW_API: do_on for timeoutMs: 1000
02-11 22:01:14.695 E/SecVibrator-HAL-AIDL-CORE( 1463): HW_API: [triggerForceFeedbackVibration]on: 1
02-11 22:01:14.823 E/SecVibrator-HAL-AIDL-CORE( 1463): V_2_0: Vibrator off
02-11 22:01:14.823 E/SecVibrator-HAL-AIDL-CORE( 1463): HW_API: do_off
02-11 22:01:14.823 E/SecVibrator-HAL-AIDL-CORE( 1463): HW_API: [triggerForceFeedbackVibration]on: 0
02-11 22:01:14.854 E/SecVibrator-HAL-AIDL-EXT( 1463): V_5_0: performPrebakedHapticPattern 1 : 4000 : 0
02-11 22:01:14.854 E/SecVibrator-HAL-AIDL-CORE( 1463): HW_API: [setRepeatForForceFeedbackAw]repeat: 0
02-11 22:01:14.854 E/SecVibrator-HAL-AIDL-CORE( 1463): HW_API: [setForceFeedbackAmplitude]amplitude: 4000
02-11 22:01:14.855 E/SecVibrator-HAL-AIDL-CORE( 1463): HW_API: [uploadForceFeedbackeffect]ioctl success ,uploaded effect with ID: 0
02-11 22:01:14.855 E/SecVibrator-HAL-AIDL-CORE( 1463): HW_API: do_on for timeoutMs: 1000
02-11 22:01:14.855 E/SecVibrator-HAL-AIDL-CORE( 1463): HW_API: [triggerForceFeedbackVibration]on: 1
02-11 22:01:14.975 E/SecVibrator-HAL-AIDL-CORE( 1463): V_2_0: Vibrator off
02-11 22:01:14.975 E/SecVibrator-HAL-AIDL-CORE( 1463): HW_API: do_off
02-11 22:01:14.976 E/SecVibrator-HAL-AIDL-CORE( 1463): HW_API: [triggerForceFeedbackVibration]on: 0
02-11 22:01:15.061 E/SecVibrator-HAL-AIDL-EXT( 1463): V_5_0: performPrebakedHapticPattern 1 : 4000 : 0
02-11 22:01:15.062 E/SecVibrator-HAL-AIDL-CORE( 1463): HW_API: [setRepeatForForceFeedbackAw]repeat: 0
02-11 22:01:15.062 E/SecVibrator-HAL-AIDL-CORE( 1463): HW_API: [setForceFeedbackAmplitude]amplitude: 4000
02-11 22:01:15.062 E/SecVibrator-HAL-AIDL-CORE( 1463): HW_API: [uploadForceFeedbackeffect]ioctl success ,uploaded effect with ID: 0
02-11 22:01:15.062 E/SecVibrator-HAL-AIDL-CORE( 1463): HW_API: do_on for timeoutMs: 1000
02-11 22:01:15.064 E/SecVibrator-HAL-AIDL-CORE( 1463): HW_API: [triggerForceFeedbackVibration]on: 1
02-11 22:01:15.176 E/SecVibrator-HAL-AIDL-CORE( 1463): V_2_0: Vibrator off
02-11 22:01:15.177 E/SecVibrator-HAL-AIDL-CORE( 1463): HW_API: do_off
02-11 22:01:15.177 E/SecVibrator-HAL-AIDL-CORE( 1463): HW_API: [triggerForceFeedbackVibration]on: 0
02-11 22:01:15.292 E/SecVibrator-HAL-AIDL-EXT( 1463): V_5_0: performPrebakedHapticPattern 1 : 4000 : 0
02-11 22:01:15.293 E/SecVibrator-HAL-AIDL-CORE( 1463): HW_API: [setRepeatForForceFeedbackAw]repeat: 0
02-11 22:01:15.293 E/SecVibrator-HAL-AIDL-CORE( 1463): HW_API: [setForceFeedbackAmplitude]amplitude: 4000
02-11 22:01:15.295 E/SecVibrator-HAL-AIDL-CORE( 1463): HW_API: [uploadForceFeedbackeffect]ioctl success ,uploaded effect with ID: 0
02-11 22:01:15.295 E/SecVibrator-HAL-AIDL-CORE( 1463): HW_API: do_on for timeoutMs: 1000
02-11 22:01:15.295 E/SecVibrator-HAL-AIDL-CORE( 1463): HW_API: [triggerForceFeedbackVibration]on: 1
02-11 22:01:15.412 E/SecVibrator-HAL-AIDL-CORE( 1463): V_2_0: Vibrator off
02-11 22:01:15.412 E/SecVibrator-HAL-AIDL-CORE( 1463): HW_API: do_off
02-11 22:01:15.412 E/SecVibrator-HAL-AIDL-CORE( 1463): HW_API: [triggerForceFeedbackVibration]on: 0
02-11 22:01:15.493 E/SecVibrator-HAL-AIDL-EXT( 1463): V_5_0: performPrebakedHapticPattern 1 : 4000 : 0
02-11 22:01:15.494 E/SecVibrator-HAL-AIDL-CORE( 1463): HW_API: [setRepeatForForceFeedbackAw]repeat: 0
02-11 22:01:15.494 E/SecVibrator-HAL-AIDL-CORE( 1463): HW_API: [setForceFeedbackAmplitude]amplitude: 4000
02-11 22:01:15.494 E/SecVibrator-HAL-AIDL-CORE( 1463): HW_API: [uploadForceFeedbackeffect]ioctl success ,uploaded effect with ID: 0
02-11 22:01:15.494 E/SecVibrator-HAL-AIDL-CORE( 1463): HW_API: do_on for timeoutMs: 1000
02-11 22:01:15.494 E/SecVibrator-HAL-AIDL-CORE( 1463): HW_API: [triggerForceFeedbackVibration]on: 1
02-11 22:01:15.540 E/SecVibrator-HAL-AIDL-CORE( 1463): V_2_0: Vibrator off
02-11 22:01:15.540 E/SecVibrator-HAL-AIDL-CORE( 1463): HW_API: do_off
02-11 22:01:15.540 E/SecVibrator-HAL-AIDL-CORE( 1463): HW_API: [triggerForceFeedbackVibration]on: 0
02-11 22:01:15.546 E/SecVibrator-HAL-AIDL-EXT( 1463): V_5_0: performPrebakedHapticPattern 1 : 4000 : 0
02-11 22:01:15.547 E/SecVibrator-HAL-AIDL-CORE( 1463): HW_API: [setRepeatForForceFeedbackAw]repeat: 0
02-11 22:01:15.547 E/SecVibrator-HAL-AIDL-CORE( 1463): HW_API: [setForceFeedbackAmplitude]amplitude: 4000
02-11 22:01:15.549 E/SecVibrator-HAL-AIDL-CORE( 1463): HW_API: [uploadForceFeedbackeffect]ioctl success ,uploaded effect with ID: 0
02-11 22:01:15.549 E/SecVibrator-HAL-AIDL-CORE( 1463): HW_API: do_on for timeoutMs: 1000
02-11 22:01:15.549 E/SecVibrator-HAL-AIDL-CORE( 1463): HW_API: [triggerForceFeedbackVibration]on: 1
02-11 22:01:15.665 E/SecVibrator-HAL-AIDL-CORE( 1463): V_2_0: Vibrator off
02-11 22:01:15.666 E/SecVibrator-HAL-AIDL-CORE( 1463): HW_API: do_off
02-11 22:01:15.666 E/SecVibrator-HAL-AIDL-CORE( 1463): HW_API: [triggerForceFeedbackVibration]on: 0
02-11 22:01:15.748 E/SecVibrator-HAL-AIDL-EXT( 1463): V_5_0: performPrebakedHapticPattern 51 : 4000 : 0
02-11 22:01:15.749 E/SecVibrator-HAL-AIDL-CORE( 1463): HW_API: [setRepeatForForceFeedbackAw]repeat: 0
02-11 22:01:15.749 E/SecVibrator-HAL-AIDL-CORE( 1463): HW_API: [setForceFeedbackAmplitude]amplitude: 4000
02-11 22:01:15.749 E/SecVibrator-HAL-AIDL-CORE( 1463): HW_API: [uploadForceFeedbackeffect]ioctl success ,uploaded effect with ID: 0
02-11 22:01:15.749 E/SecVibrator-HAL-AIDL-CORE( 1463): HW_API: do_on for timeoutMs: 1000
02-11 22:01:15.749 E/SecVibrator-HAL-AIDL-CORE( 1463): HW_API: [triggerForceFeedbackVibration]on: 1
02-11 22:01:15.882 E/SecVibrator-HAL-AIDL-CORE( 1463): V_2_0: Vibrator off
02-11 22:01:15.882 E/SecVibrator-HAL-AIDL-CORE( 1463): HW_API: do_off
02-11 22:01:15.882 E/SecVibrator-HAL-AIDL-CORE( 1463): HW_API: [triggerForceFeedbackVibration]on: 0
02-11 22:01:16.445 E/SecVibrator-HAL-AIDL-EXT( 1463): V_5_0: performPrebakedHapticPattern 52 : 4000 : 0
02-11 22:01:16.445 E/SecVibrator-HAL-AIDL-CORE( 1463): HW_API: [setRepeatForForceFeedbackAw]repeat: 0
02-11 22:01:16.445 E/SecVibrator-HAL-AIDL-CORE( 1463): HW_API: [setForceFeedbackAmplitude]amplitude: 4000
02-11 22:01:16.446 E/SecVibrator-HAL-AIDL-CORE( 1463): HW_API: [uploadForceFeedbackeffect]ioctl success ,uploaded effect with ID: 0
02-11 22:01:16.446 E/SecVibrator-HAL-AIDL-CORE( 1463): HW_API: do_on for timeoutMs: 1000
02-11 22:01:16.446 E/SecVibrator-HAL-AIDL-CORE( 1463): HW_API: [triggerForceFeedbackVibration]on: 1
02-11 22:01:16.576 E/SecVibrator-HAL-AIDL-CORE( 1463): V_2_0: Vibrator off
02-11 22:01:16.576 E/SecVibrator-HAL-AIDL-CORE( 1463): HW_API: do_off
02-11 22:01:16.576 E/SecVibrator-HAL-AIDL-CORE( 1463): HW_API: [triggerForceFeedbackVibration]on: 0
02-11 22:01:16.626 E/SecVibrator-HAL-AIDL-EXT( 1463): V_5_0: performPrebakedHapticPattern 52 : 4000 : 0
02-11 22:01:16.627 E/SecVibrator-HAL-AIDL-CORE( 1463): HW_API: [setRepeatForForceFeedbackAw]repeat: 0
02-11 22:01:16.627 E/SecVibrator-HAL-AIDL-CORE( 1463): HW_API: [setForceFeedbackAmplitude]amplitude: 4000
02-11 22:01:16.627 E/SecVibrator-HAL-AIDL-CORE( 1463): HW_API: [uploadForceFeedbackeffect]ioctl success ,uploaded effect with ID: 0
02-11 22:01:16.627 E/SecVibrator-HAL-AIDL-CORE( 1463): HW_API: do_on for timeoutMs: 1000
02-11 22:01:16.628 E/SecVibrator-HAL-AIDL-CORE( 1463): HW_API: [triggerForceFeedbackVibration]on: 1
02-11 22:01:16.660 E/BatteryStatsService( 1796): Invalid uid for waking network packet: -1
02-11 22:01:16.757 E/SecVibrator-HAL-AIDL-CORE( 1463): V_2_0: Vibrator off
02-11 22:01:16.757 E/SecVibrator-HAL-AIDL-CORE( 1463): HW_API: do_off
02-11 22:01:16.757 E/SecVibrator-HAL-AIDL-CORE( 1463): HW_API: [triggerForceFeedbackVibration]on: 0
02-11 22:01:16.808 E/SecVibrator-HAL-AIDL-EXT( 1463): V_5_0: performPrebakedHapticPattern 52 : 4000 : 0
02-11 22:01:16.809 E/SecVibrator-HAL-AIDL-CORE( 1463): HW_API: [setRepeatForForceFeedbackAw]repeat: 0
02-11 22:01:16.809 E/SecVibrator-HAL-AIDL-CORE( 1463): HW_API: [setForceFeedbackAmplitude]amplitude: 4000
02-11 22:01:16.809 E/SecVibrator-HAL-AIDL-CORE( 1463): HW_API: [uploadForceFeedbackeffect]ioctl success ,uploaded effect with ID: 0
02-11 22:01:16.809 E/SecVibrator-HAL-AIDL-CORE( 1463): HW_API: do_on for timeoutMs: 1000
02-11 22:01:16.810 E/SecVibrator-HAL-AIDL-CORE( 1463): HW_API: [triggerForceFeedbackVibration]on: 1
02-11 22:01:16.934 E/SecVibrator-HAL-AIDL-CORE( 1463): V_2_0: Vibrator off
02-11 22:01:16.934 E/SecVibrator-HAL-AIDL-CORE( 1463): HW_API: do_off
02-11 22:01:16.935 E/SecVibrator-HAL-AIDL-CORE( 1463): HW_API: [triggerForceFeedbackVibration]on: 0
02-11 22:01:16.945 E/SecVibrator-HAL-AIDL-EXT( 1463): V_5_0: performPrebakedHapticPattern 1 : 4000 : 0
02-11 22:01:16.945 E/SecVibrator-HAL-AIDL-CORE( 1463): HW_API: [setRepeatForForceFeedbackAw]repeat: 0
02-11 22:01:16.945 E/SecVibrator-HAL-AIDL-CORE( 1463): HW_API: [setForceFeedbackAmplitude]amplitude: 4000
02-11 22:01:16.946 E/SecVibrator-HAL-AIDL-CORE( 1463): HW_API: [uploadForceFeedbackeffect]ioctl success ,uploaded effect with ID: 0
02-11 22:01:16.946 E/SecVibrator-HAL-AIDL-CORE( 1463): HW_API: do_on for timeoutMs: 1000
02-11 22:01:16.946 E/SecVibrator-HAL-AIDL-CORE( 1463): HW_API: [triggerForceFeedbackVibration]on: 1
02-11 22:01:17.066 E/SecVibrator-HAL-AIDL-CORE( 1463): V_2_0: Vibrator off
02-11 22:01:17.066 E/SecVibrator-HAL-AIDL-CORE( 1463): HW_API: do_off
02-11 22:01:17.066 E/SecVibrator-HAL-AIDL-CORE( 1463): HW_API: [triggerForceFeedbackVibration]on: 0
02-11 22:01:17.104 E/SecVibrator-HAL-AIDL-EXT( 1463): V_5_0: performPrebakedHapticPattern 1 : 4000 : 0
02-11 22:01:17.104 E/SecVibrator-HAL-AIDL-CORE( 1463): HW_API: [setRepeatForForceFeedbackAw]repeat: 0
02-11 22:01:17.104 E/SecVibrator-HAL-AIDL-CORE( 1463): HW_API: [setForceFeedbackAmplitude]amplitude: 4000
02-11 22:01:17.105 E/SecVibrator-HAL-AIDL-CORE( 1463): HW_API: [uploadForceFeedbackeffect]ioctl success ,uploaded effect with ID: 0
02-11 22:01:17.105 E/SecVibrator-HAL-AIDL-CORE( 1463): HW_API: do_on for timeoutMs: 1000
02-11 22:01:17.105 E/SecVibrator-HAL-AIDL-CORE( 1463): HW_API: [triggerForceFeedbackVibration]on: 1
02-11 22:01:17.222 E/SecVibrator-HAL-AIDL-CORE( 1463): V_2_0: Vibrator off
02-11 22:01:17.222 E/SecVibrator-HAL-AIDL-CORE( 1463): HW_API: do_off
02-11 22:01:17.222 E/SecVibrator-HAL-AIDL-CORE( 1463): HW_API: [triggerForceFeedbackVibration]on: 0
02-11 22:01:17.308 E/SecVibrator-HAL-AIDL-EXT( 1463): V_5_0: performPrebakedHapticPattern 51 : 4000 : 0
02-11 22:01:17.309 E/SecVibrator-HAL-AIDL-CORE( 1463): HW_API: [setRepeatForForceFeedbackAw]repeat: 0
02-11 22:01:17.309 E/SecVibrator-HAL-AIDL-CORE( 1463): HW_API: [setForceFeedbackAmplitude]amplitude: 4000
02-11 22:01:17.310 E/SecVibrator-HAL-AIDL-CORE( 1463): HW_API: [uploadForceFeedbackeffect]ioctl success ,uploaded effect with ID: 0
02-11 22:01:17.310 E/SecVibrator-HAL-AIDL-CORE( 1463): HW_API: do_on for timeoutMs: 1000
02-11 22:01:17.310 E/SecVibrator-HAL-AIDL-CORE( 1463): HW_API: [triggerForceFeedbackVibration]on: 1
02-11 22:01:17.436 E/SecVibrator-HAL-AIDL-CORE( 1463): V_2_0: Vibrator off
02-11 22:01:17.436 E/SecVibrator-HAL-AIDL-CORE( 1463): HW_API: do_off
02-11 22:01:17.436 E/SecVibrator-HAL-AIDL-CORE( 1463): HW_API: [triggerForceFeedbackVibration]on: 0
02-11 22:01:17.529 E/SecVibrator-HAL-AIDL-EXT( 1463): V_5_0: performPrebakedHapticPattern 1 : 4000 : 0
02-11 22:01:17.530 E/SecVibrator-HAL-AIDL-CORE( 1463): HW_API: [setRepeatForForceFeedbackAw]repeat: 0
02-11 22:01:17.530 E/SecVibrator-HAL-AIDL-CORE( 1463): HW_API: [setForceFeedbackAmplitude]amplitude: 4000
02-11 22:01:17.530 E/SecVibrator-HAL-AIDL-CORE( 1463): HW_API: [uploadForceFeedbackeffect]ioctl success ,uploaded effect with ID: 0
02-11 22:01:17.530 E/SecVibrator-HAL-AIDL-CORE( 1463): HW_API: do_on for timeoutMs: 1000
02-11 22:01:17.530 E/SecVibrator-HAL-AIDL-CORE( 1463): HW_API: [triggerForceFeedbackVibration]on: 1
02-11 22:01:17.651 E/SecVibrator-HAL-AIDL-CORE( 1463): V_2_0: Vibrator off
02-11 22:01:17.651 E/SecVibrator-HAL-AIDL-CORE( 1463): HW_API: do_off
02-11 22:01:17.651 E/SecVibrator-HAL-AIDL-CORE( 1463): HW_API: [triggerForceFeedbackVibration]on: 0
02-11 22:01:17.694 E/WifiStaIfaceAidlImpl( 1796): getCachedScanData failed with service-specific exception: android.os.ServiceSpecificException:  (code 4)
02-11 22:01:17.719 E/SecVibrator-HAL-AIDL-EXT( 1463): V_5_0: performPrebakedHapticPattern 1 : 4000 : 0
02-11 22:01:17.719 E/SecVibrator-HAL-AIDL-CORE( 1463): HW_API: [setRepeatForForceFeedbackAw]repeat: 0
02-11 22:01:17.719 E/SecVibrator-HAL-AIDL-CORE( 1463): HW_API: [setForceFeedbackAmplitude]amplitude: 4000
02-11 22:01:17.719 E/SecVibrator-HAL-AIDL-CORE( 1463): HW_API: [uploadForceFeedbackeffect]ioctl success ,uploaded effect with ID: 0
02-11 22:01:17.720 E/SecVibrator-HAL-AIDL-CORE( 1463): HW_API: do_on for timeoutMs: 1000
02-11 22:01:17.720 E/SecVibrator-HAL-AIDL-CORE( 1463): HW_API: [triggerForceFeedbackVibration]on: 1
02-11 22:01:17.838 E/SecVibrator-HAL-AIDL-CORE( 1463): V_2_0: Vibrator off
02-11 22:01:17.838 E/SecVibrator-HAL-AIDL-CORE( 1463): HW_API: do_off
02-11 22:01:17.838 E/SecVibrator-HAL-AIDL-CORE( 1463): HW_API: [triggerForceFeedbackVibration]on: 0
02-11 22:01:17.878 E/SecVibrator-HAL-AIDL-EXT( 1463): V_5_0: performPrebakedHapticPattern 1 : 4000 : 0
02-11 22:01:17.878 E/SecVibrator-HAL-AIDL-CORE( 1463): HW_API: [setRepeatForForceFeedbackAw]repeat: 0
02-11 22:01:17.878 E/SecVibrator-HAL-AIDL-CORE( 1463): HW_API: [setForceFeedbackAmplitude]amplitude: 4000
02-11 22:01:17.878 E/SecVibrator-HAL-AIDL-CORE( 1463): HW_API: [uploadForceFeedbackeffect]ioctl success ,uploaded effect with ID: 0
02-11 22:01:17.878 E/SecVibrator-HAL-AIDL-CORE( 1463): HW_API: do_on for timeoutMs: 1000
02-11 22:01:17.879 E/SecVibrator-HAL-AIDL-CORE( 1463): HW_API: [triggerForceFeedbackVibration]on: 1
02-11 22:01:17.998 E/SecVibrator-HAL-AIDL-CORE( 1463): V_2_0: Vibrator off
02-11 22:01:17.998 E/SecVibrator-HAL-AIDL-CORE( 1463): HW_API: do_off
02-11 22:01:17.998 E/SecVibrator-HAL-AIDL-CORE( 1463): HW_API: [triggerForceFeedbackVibration]on: 0
02-11 22:01:18.010 E/SecVibrator-HAL-AIDL-EXT( 1463): V_5_0: performPrebakedHapticPattern 51 : 4000 : 0
02-11 22:01:18.011 E/SecVibrator-HAL-AIDL-CORE( 1463): HW_API: [setRepeatForForceFeedbackAw]repeat: 0
02-11 22:01:18.011 E/SecVibrator-HAL-AIDL-CORE( 1463): HW_API: [setForceFeedbackAmplitude]amplitude: 4000
02-11 22:01:18.016 E/SecVibrator-HAL-AIDL-CORE( 1463): HW_API: [uploadForceFeedbackeffect]ioctl success ,uploaded effect with ID: 0
02-11 22:01:18.016 E/SecVibrator-HAL-AIDL-CORE( 1463): HW_API: do_on for timeoutMs: 1000
02-11 22:01:18.017 E/SecVibrator-HAL-AIDL-CORE( 1463): HW_API: [triggerForceFeedbackVibration]on: 1
02-11 22:01:18.141 E/SecVibrator-HAL-AIDL-CORE( 1463): V_2_0: Vibrator off
02-11 22:01:18.141 E/SecVibrator-HAL-AIDL-CORE( 1463): HW_API: do_off
02-11 22:01:18.141 E/SecVibrator-HAL-AIDL-CORE( 1463): HW_API: [triggerForceFeedbackVibration]on: 0
02-11 22:01:18.263 E/SecVibrator-HAL-AIDL-EXT( 1463): V_5_0: performPrebakedHapticPattern 1 : 4000 : 0
02-11 22:01:18.263 E/SecVibrator-HAL-AIDL-CORE( 1463): HW_API: [setRepeatForForceFeedbackAw]repeat: 0
02-11 22:01:18.263 E/SecVibrator-HAL-AIDL-CORE( 1463): HW_API: [setForceFeedbackAmplitude]amplitude: 4000
02-11 22:01:18.263 E/SecVibrator-HAL-AIDL-CORE( 1463): HW_API: [uploadForceFeedbackeffect]ioctl success ,uploaded effect with ID: 0
02-11 22:01:18.264 E/SecVibrator-HAL-AIDL-CORE( 1463): HW_API: do_on for timeoutMs: 1000
02-11 22:01:18.264 E/SecVibrator-HAL-AIDL-CORE( 1463): HW_API: [triggerForceFeedbackVibration]on: 1
02-11 22:01:18.377 E/SecVibrator-HAL-AIDL-CORE( 1463): V_2_0: Vibrator off
02-11 22:01:18.377 E/SecVibrator-HAL-AIDL-CORE( 1463): HW_API: do_off
02-11 22:01:18.377 E/SecVibrator-HAL-AIDL-CORE( 1463): HW_API: [triggerForceFeedbackVibration]on: 0
02-11 22:01:18.386 E/SecVibrator-HAL-AIDL-EXT( 1463): V_5_0: performPrebakedHapticPattern 1 : 4000 : 0
02-11 22:01:18.387 E/SecVibrator-HAL-AIDL-CORE( 1463): HW_API: [setRepeatForForceFeedbackAw]repeat: 0
02-11 22:01:18.387 E/SecVibrator-HAL-AIDL-CORE( 1463): HW_API: [setForceFeedbackAmplitude]amplitude: 4000
02-11 22:01:18.391 E/SecVibrator-HAL-AIDL-CORE( 1463): HW_API: [uploadForceFeedbackeffect]ioctl success ,uploaded effect with ID: 0
02-11 22:01:18.391 E/SecVibrator-HAL-AIDL-CORE( 1463): HW_API: do_on for timeoutMs: 1000
02-11 22:01:18.391 E/SecVibrator-HAL-AIDL-CORE( 1463): HW_API: [triggerForceFeedbackVibration]on: 1
02-11 22:01:18.499 E/SecVibrator-HAL-AIDL-CORE( 1463): V_2_0: Vibrator off
02-11 22:01:18.499 E/SecVibrator-HAL-AIDL-CORE( 1463): HW_API: do_off
02-11 22:01:18.499 E/SecVibrator-HAL-AIDL-CORE( 1463): HW_API: [triggerForceFeedbackVibration]on: 0
02-11 22:01:18.509 E/SecVibrator-HAL-AIDL-EXT( 1463): V_5_0: performPrebakedHapticPattern 51 : 4000 : 0
02-11 22:01:18.509 E/SecVibrator-HAL-AIDL-CORE( 1463): HW_API: [setRepeatForForceFeedbackAw]repeat: 0
02-11 22:01:18.509 E/SecVibrator-HAL-AIDL-CORE( 1463): HW_API: [setForceFeedbackAmplitude]amplitude: 4000
02-11 22:01:18.509 E/SecVibrator-HAL-AIDL-CORE( 1463): HW_API: [uploadForceFeedbackeffect]ioctl success ,uploaded effect with ID: 0
02-11 22:01:18.509 E/SecVibrator-HAL-AIDL-CORE( 1463): HW_API: do_on for timeoutMs: 1000
02-11 22:01:18.509 E/SecVibrator-HAL-AIDL-CORE( 1463): HW_API: [triggerForceFeedbackVibration]on: 1
02-11 22:01:18.640 E/SecVibrator-HAL-AIDL-CORE( 1463): V_2_0: Vibrator off
02-11 22:01:18.640 E/SecVibrator-HAL-AIDL-CORE( 1463): HW_API: do_off
02-11 22:01:18.641 E/SecVibrator-HAL-AIDL-CORE( 1463): HW_API: [triggerForceFeedbackVibration]on: 0
02-11 22:01:18.798 E/SecVibrator-HAL-AIDL-EXT( 1463): V_5_0: performPrebakedHapticPattern 52 : 4000 : 0
02-11 22:01:18.799 E/SecVibrator-HAL-AIDL-CORE( 1463): HW_API: [setRepeatForForceFeedbackAw]repeat: 0
02-11 22:01:18.799 E/SecVibrator-HAL-AIDL-CORE( 1463): HW_API: [setForceFeedbackAmplitude]amplitude: 4000
02-11 22:01:18.799 E/SecVibrator-HAL-AIDL-CORE( 1463): HW_API: [uploadForceFeedbackeffect]ioctl success ,uploaded effect with ID: 0
02-11 22:01:18.799 E/SecVibrator-HAL-AIDL-CORE( 1463): HW_API: do_on for timeoutMs: 1000
02-11 22:01:18.799 E/SecVibrator-HAL-AIDL-CORE( 1463): HW_API: [triggerForceFeedbackVibration]on: 1
02-11 22:01:18.930 E/SecVibrator-HAL-AIDL-CORE( 1463): V_2_0: Vibrator off
02-11 22:01:18.930 E/SecVibrator-HAL-AIDL-CORE( 1463): HW_API: do_off
02-11 22:01:18.931 E/SecVibrator-HAL-AIDL-CORE( 1463): HW_API: [triggerForceFeedbackVibration]on: 0
02-11 22:01:18.950 E/SecVibrator-HAL-AIDL-EXT( 1463): V_5_0: performPrebakedHapticPattern 52 : 4000 : 0
02-11 22:01:18.950 E/SecVibrator-HAL-AIDL-CORE( 1463): HW_API: [setRepeatForForceFeedbackAw]repeat: 0
02-11 22:01:18.950 E/SecVibrator-HAL-AIDL-CORE( 1463): HW_API: [setForceFeedbackAmplitude]amplitude: 4000
02-11 22:01:18.951 E/SecVibrator-HAL-AIDL-CORE( 1463): HW_API: [uploadForceFeedbackeffect]ioctl success ,uploaded effect with ID: 0
02-11 22:01:18.951 E/SecVibrator-HAL-AIDL-CORE( 1463): HW_API: do_on for timeoutMs: 1000
02-11 22:01:18.951 E/SecVibrator-HAL-AIDL-CORE( 1463): HW_API: [triggerForceFeedbackVibration]on: 1
02-11 22:01:19.081 E/SecVibrator-HAL-AIDL-CORE( 1463): V_2_0: Vibrator off
02-11 22:01:19.081 E/SecVibrator-HAL-AIDL-CORE( 1463): HW_API: do_off
02-11 22:01:19.081 E/SecVibrator-HAL-AIDL-CORE( 1463): HW_API: [triggerForceFeedbackVibration]on: 0
02-11 22:01:19.142 E/SecVibrator-HAL-AIDL-EXT( 1463): V_5_0: performPrebakedHapticPattern 1 : 4000 : 0
02-11 22:01:19.142 E/SecVibrator-HAL-AIDL-CORE( 1463): HW_API: [setRepeatForForceFeedbackAw]repeat: 0
02-11 22:01:19.142 E/SecVibrator-HAL-AIDL-CORE( 1463): HW_API: [setForceFeedbackAmplitude]amplitude: 4000
02-11 22:01:19.143 E/SecVibrator-HAL-AIDL-CORE( 1463): HW_API: [uploadForceFeedbackeffect]ioctl success ,uploaded effect with ID: 0
02-11 22:01:19.143 E/SecVibrator-HAL-AIDL-CORE( 1463): HW_API: do_on for timeoutMs: 1000
02-11 22:01:19.143 E/SecVibrator-HAL-AIDL-CORE( 1463): HW_API: [triggerForceFeedbackVibration]on: 1
02-11 22:01:19.262 E/SecVibrator-HAL-AIDL-CORE( 1463): V_2_0: Vibrator off
02-11 22:01:19.263 E/SecVibrator-HAL-AIDL-CORE( 1463): HW_API: do_off
02-11 22:01:19.263 E/SecVibrator-HAL-AIDL-CORE( 1463): HW_API: [triggerForceFeedbackVibration]on: 0
02-11 22:01:19.330 E/SecVibrator-HAL-AIDL-EXT( 1463): V_5_0: performPrebakedHapticPattern 51 : 4000 : 0
02-11 22:01:19.331 E/SecVibrator-HAL-AIDL-CORE( 1463): HW_API: [setRepeatForForceFeedbackAw]repeat: 0
02-11 22:01:19.331 E/SecVibrator-HAL-AIDL-CORE( 1463): HW_API: [setForceFeedbackAmplitude]amplitude: 4000
02-11 22:01:19.332 E/SecVibrator-HAL-AIDL-CORE( 1463): HW_API: [uploadForceFeedbackeffect]ioctl success ,uploaded effect with ID: 0
02-11 22:01:19.332 E/SecVibrator-HAL-AIDL-CORE( 1463): HW_API: do_on for timeoutMs: 1000
02-11 22:01:19.333 E/SecVibrator-HAL-AIDL-CORE( 1463): HW_API: [triggerForceFeedbackVibration]on: 1
02-11 22:01:19.458 E/SecVibrator-HAL-AIDL-CORE( 1463): V_2_0: Vibrator off
02-11 22:01:19.458 E/SecVibrator-HAL-AIDL-CORE( 1463): HW_API: do_off
02-11 22:01:19.458 E/SecVibrator-HAL-AIDL-CORE( 1463): HW_API: [triggerForceFeedbackVibration]on: 0
02-11 22:01:20.487 E/msys    (15100): E[N mns]_OnDiskCacheGetData(632)=>Start post callback cache refresh DNS resolution
02-11 22:01:20.517 E/msys    (15100): E[N mns]_LogError(228)=>Failed to resolve using system DNS resolver, getaddrinfo(): No address associated with hostname
02-11 22:01:20.518 E/msys    (15100): E[N mns]_OnDiskCacheGetData(632)=>Start post callback cache refresh DNS resolution
02-11 22:01:20.521 E/msys    (15100): E[N mns]_LogError(228)=>Failed to resolve using system DNS resolver, getaddrinfo(): No address associated with hostname
02-11 22:01:20.524 E/Watchdog( 1796): !@Sync: 8009 heap(MB): 182 / 203 FD: 1655 [2026-02-11 22:01:20.522]
02-11 22:01:20.767 E/WifiStaIfaceAidlImpl( 1796): getCachedScanData failed with service-specific exception: android.os.ServiceSpecificException:  (code 4)
02-11 22:01:21.061 E/SecVibrator-HAL-AIDL-EXT( 1463): V_5_0: performPrebakedHapticPattern 1 : 4000 : 0
02-11 22:01:21.061 E/SecVibrator-HAL-AIDL-CORE( 1463): HW_API: [setRepeatForForceFeedbackAw]repeat: 0
02-11 22:01:21.061 E/SecVibrator-HAL-AIDL-CORE( 1463): HW_API: [setForceFeedbackAmplitude]amplitude: 4000
02-11 22:01:21.061 E/SecVibrator-HAL-AIDL-CORE( 1463): HW_API: [uploadForceFeedbackeffect]ioctl success ,uploaded effect with ID: 0
02-11 22:01:21.061 E/SecVibrator-HAL-AIDL-CORE( 1463): HW_API: do_on for timeoutMs: 1000
02-11 22:01:21.061 E/SecVibrator-HAL-AIDL-CORE( 1463): HW_API: [triggerForceFeedbackVibration]on: 1
02-11 22:01:21.181 E/SecVibrator-HAL-AIDL-CORE( 1463): V_2_0: Vibrator off
02-11 22:01:21.181 E/SecVibrator-HAL-AIDL-CORE( 1463): HW_API: do_off
02-11 22:01:21.181 E/SecVibrator-HAL-AIDL-CORE( 1463): HW_API: [triggerForceFeedbackVibration]on: 0
02-11 22:01:21.260 E/SecVibrator-HAL-AIDL-EXT( 1463): V_5_0: performPrebakedHapticPattern 1 : 4000 : 0
02-11 22:01:21.260 E/SecVibrator-HAL-AIDL-CORE( 1463): HW_API: [setRepeatForForceFeedbackAw]repeat: 0
02-11 22:01:21.261 E/SecVibrator-HAL-AIDL-CORE( 1463): HW_API: [setForceFeedbackAmplitude]amplitude: 4000
02-11 22:01:21.261 E/SecVibrator-HAL-AIDL-CORE( 1463): HW_API: [uploadForceFeedbackeffect]ioctl success ,uploaded effect with ID: 0
02-11 22:01:21.261 E/SecVibrator-HAL-AIDL-CORE( 1463): HW_API: do_on for timeoutMs: 1000
02-11 22:01:21.261 E/SecVibrator-HAL-AIDL-CORE( 1463): HW_API: [triggerForceFeedbackVibration]on: 1
02-11 22:01:21.381 E/SecVibrator-HAL-AIDL-CORE( 1463): V_2_0: Vibrator off
02-11 22:01:21.381 E/SecVibrator-HAL-AIDL-CORE( 1463): HW_API: do_off
02-11 22:01:21.381 E/SecVibrator-HAL-AIDL-CORE( 1463): HW_API: [triggerForceFeedbackVibration]on: 0
02-11 22:01:21.419 E/SecVibrator-HAL-AIDL-EXT( 1463): V_5_0: performPrebakedHapticPattern 1 : 4000 : 0
02-11 22:01:21.420 E/SecVibrator-HAL-AIDL-CORE( 1463): HW_API: [setRepeatForForceFeedbackAw]repeat: 0
02-11 22:01:21.420 E/SecVibrator-HAL-AIDL-CORE( 1463): HW_API: [setForceFeedbackAmplitude]amplitude: 4000
02-11 22:01:21.421 E/SecVibrator-HAL-AIDL-CORE( 1463): HW_API: [uploadForceFeedbackeffect]ioctl success ,uploaded effect with ID: 0
02-11 22:01:21.421 E/SecVibrator-HAL-AIDL-CORE( 1463): HW_API: do_on for timeoutMs: 1000
02-11 22:01:21.421 E/SecVibrator-HAL-AIDL-CORE( 1463): HW_API: [triggerForceFeedbackVibration]on: 1
02-11 22:01:21.536 E/SecVibrator-HAL-AIDL-CORE( 1463): V_2_0: Vibrator off
02-11 22:01:21.536 E/SecVibrator-HAL-AIDL-CORE( 1463): HW_API: do_off
02-11 22:01:21.536 E/SecVibrator-HAL-AIDL-CORE( 1463): HW_API: [triggerForceFeedbackVibration]on: 0
02-11 22:01:21.610 E/SecVibrator-HAL-AIDL-EXT( 1463): V_5_0: performPrebakedHapticPattern 1 : 4000 : 0
02-11 22:01:21.611 E/SecVibrator-HAL-AIDL-CORE( 1463): HW_API: [setRepeatForForceFeedbackAw]repeat: 0
02-11 22:01:21.611 E/SecVibrator-HAL-AIDL-CORE( 1463): HW_API: [setForceFeedbackAmplitude]amplitude: 4000
02-11 22:01:21.612 E/SecVibrator-HAL-AIDL-CORE( 1463): HW_API: [uploadForceFeedbackeffect]ioctl success ,uploaded effect with ID: 0
02-11 22:01:21.612 E/SecVibrator-HAL-AIDL-CORE( 1463): HW_API: do_on for timeoutMs: 1000
02-11 22:01:21.613 E/SecVibrator-HAL-AIDL-CORE( 1463): HW_API: [triggerForceFeedbackVibration]on: 1
02-11 22:01:21.708 E/SecVibrator-HAL-AIDL-CORE( 1463): V_2_0: Vibrator off
02-11 22:01:21.708 E/SecVibrator-HAL-AIDL-CORE( 1463): HW_API: do_off
02-11 22:01:21.708 E/SecVibrator-HAL-AIDL-CORE( 1463): HW_API: [triggerForceFeedbackVibration]on: 0
02-11 22:01:21.713 E/SecVibrator-HAL-AIDL-EXT( 1463): V_5_0: performPrebakedHapticPattern 1 : 4000 : 0
02-11 22:01:21.714 E/SecVibrator-HAL-AIDL-CORE( 1463): HW_API: [setRepeatForForceFeedbackAw]repeat: 0
02-11 22:01:21.714 E/SecVibrator-HAL-AIDL-CORE( 1463): HW_API: [setForceFeedbackAmplitude]amplitude: 4000
02-11 22:01:21.717 E/SecVibrator-HAL-AIDL-CORE( 1463): HW_API: [uploadForceFeedbackeffect]ioctl success ,uploaded effect with ID: 0
02-11 22:01:21.717 E/SecVibrator-HAL-AIDL-CORE( 1463): HW_API: do_on for timeoutMs: 1000
02-11 22:01:21.717 E/SecVibrator-HAL-AIDL-CORE( 1463): HW_API: [triggerForceFeedbackVibration]on: 1
02-11 22:01:21.831 E/SecVibrator-HAL-AIDL-CORE( 1463): V_2_0: Vibrator off
02-11 22:01:21.831 E/SecVibrator-HAL-AIDL-CORE( 1463): HW_API: do_off
02-11 22:01:21.831 E/SecVibrator-HAL-AIDL-CORE( 1463): HW_API: [triggerForceFeedbackVibration]on: 0
02-11 22:01:21.861 E/SecVibrator-HAL-AIDL-EXT( 1463): V_5_0: performPrebakedHapticPattern 51 : 4000 : 0
02-11 22:01:21.861 E/SecVibrator-HAL-AIDL-CORE( 1463): HW_API: [setRepeatForForceFeedbackAw]repeat: 0
02-11 22:01:21.861 E/SecVibrator-HAL-AIDL-CORE( 1463): HW_API: [setForceFeedbackAmplitude]amplitude: 4000
02-11 22:01:21.864 E/SecVibrator-HAL-AIDL-CORE( 1463): HW_API: [uploadForceFeedbackeffect]ioctl success ,uploaded effect with ID: 0
02-11 22:01:21.864 E/SecVibrator-HAL-AIDL-CORE( 1463): HW_API: do_on for timeoutMs: 1000
02-11 22:01:21.865 E/SecVibrator-HAL-AIDL-CORE( 1463): HW_API: [triggerForceFeedbackVibration]on: 1
02-11 22:01:21.921 E/msys    (15100): E[N mns]_OnDiskCacheGetData(632)=>Start post callback cache refresh DNS resolution
02-11 22:01:21.939 E/msys    (15100): E[N mns]_LogError(228)=>Failed to resolve using system DNS resolver, getaddrinfo(): No address associated with hostname
02-11 22:01:21.991 E/SecVibrator-HAL-AIDL-CORE( 1463): V_2_0: Vibrator off
02-11 22:01:21.991 E/SecVibrator-HAL-AIDL-CORE( 1463): HW_API: do_off
02-11 22:01:21.991 E/SecVibrator-HAL-AIDL-CORE( 1463): HW_API: [triggerForceFeedbackVibration]on: 0
02-11 22:01:22.064 E/SecVibrator-HAL-AIDL-EXT( 1463): V_5_0: performPrebakedHapticPattern 1 : 4000 : 0
02-11 22:01:22.064 E/SecVibrator-HAL-AIDL-CORE( 1463): HW_API: [setRepeatForForceFeedbackAw]repeat: 0
02-11 22:01:22.064 E/SecVibrator-HAL-AIDL-CORE( 1463): HW_API: [setForceFeedbackAmplitude]amplitude: 4000
02-11 22:01:22.064 E/SecVibrator-HAL-AIDL-CORE( 1463): HW_API: [uploadForceFeedbackeffect]ioctl success ,uploaded effect with ID: 0
02-11 22:01:22.064 E/SecVibrator-HAL-AIDL-CORE( 1463): HW_API: do_on for timeoutMs: 1000
02-11 22:01:22.064 E/SecVibrator-HAL-AIDL-CORE( 1463): HW_API: [triggerForceFeedbackVibration]on: 1
02-11 22:01:22.183 E/SecVibrator-HAL-AIDL-CORE( 1463): V_2_0: Vibrator off
02-11 22:01:22.184 E/SecVibrator-HAL-AIDL-CORE( 1463): HW_API: do_off
02-11 22:01:22.184 E/SecVibrator-HAL-AIDL-CORE( 1463): HW_API: [triggerForceFeedbackVibration]on: 0
02-11 22:01:22.237 E/SecVibrator-HAL-AIDL-EXT( 1463): V_5_0: performPrebakedHapticPattern 1 : 4000 : 0
02-11 22:01:22.238 E/SecVibrator-HAL-AIDL-CORE( 1463): HW_API: [setRepeatForForceFeedbackAw]repeat: 0
02-11 22:01:22.238 E/SecVibrator-HAL-AIDL-CORE( 1463): HW_API: [setForceFeedbackAmplitude]amplitude: 4000
02-11 22:01:22.238 E/SecVibrator-HAL-AIDL-CORE( 1463): HW_API: [uploadForceFeedbackeffect]ioctl success ,uploaded effect with ID: 0
02-11 22:01:22.238 E/SecVibrator-HAL-AIDL-CORE( 1463): HW_API: do_on for timeoutMs: 1000
02-11 22:01:22.238 E/SecVibrator-HAL-AIDL-CORE( 1463): HW_API: [triggerForceFeedbackVibration]on: 1
02-11 22:01:22.284 E/msys    (15100): E[N mns]_OnDiskCacheGetData(632)=>Start post callback cache refresh DNS resolution
02-11 22:01:22.298 E/msys    (15100): E[N mns]_LogError(228)=>Failed to resolve using system DNS resolver, getaddrinfo(): No address associated with hostname
02-11 22:01:22.356 E/SecVibrator-HAL-AIDL-CORE( 1463): V_2_0: Vibrator off
02-11 22:01:22.356 E/SecVibrator-HAL-AIDL-CORE( 1463): HW_API: do_off
02-11 22:01:22.356 E/SecVibrator-HAL-AIDL-CORE( 1463): HW_API: [triggerForceFeedbackVibration]on: 0
02-11 22:01:22.583 E/SecVibrator-HAL-AIDL-EXT( 1463): V_5_0: performPrebakedHapticPattern 1 : 4000 : 0
02-11 22:01:22.583 E/SecVibrator-HAL-AIDL-CORE( 1463): HW_API: [setRepeatForForceFeedbackAw]repeat: 0
02-11 22:01:22.583 E/SecVibrator-HAL-AIDL-CORE( 1463): HW_API: [setForceFeedbackAmplitude]amplitude: 4000
02-11 22:01:22.583 E/SecVibrator-HAL-AIDL-CORE( 1463): HW_API: [uploadForceFeedbackeffect]ioctl success ,uploaded effect with ID: 0
02-11 22:01:22.583 E/SecVibrator-HAL-AIDL-CORE( 1463): HW_API: do_on for timeoutMs: 1000
02-11 22:01:22.583 E/SecVibrator-HAL-AIDL-CORE( 1463): HW_API: [triggerForceFeedbackVibration]on: 1
02-11 22:01:22.703 E/SecVibrator-HAL-AIDL-CORE( 1463): V_2_0: Vibrator off
02-11 22:01:22.704 E/SecVibrator-HAL-AIDL-CORE( 1463): HW_API: do_off
02-11 22:01:22.704 E/SecVibrator-HAL-AIDL-CORE( 1463): HW_API: [triggerForceFeedbackVibration]on: 0
02-11 22:01:22.817 E/SecVibrator-HAL-AIDL-EXT( 1463): V_5_0: performPrebakedHapticPattern 1 : 4000 : 0
02-11 22:01:22.817 E/SecVibrator-HAL-AIDL-CORE( 1463): HW_API: [setRepeatForForceFeedbackAw]repeat: 0
02-11 22:01:22.817 E/SecVibrator-HAL-AIDL-CORE( 1463): HW_API: [setForceFeedbackAmplitude]amplitude: 4000
02-11 22:01:22.817 E/SecVibrator-HAL-AIDL-CORE( 1463): HW_API: [uploadForceFeedbackeffect]ioctl success ,uploaded effect with ID: 0
02-11 22:01:22.817 E/SecVibrator-HAL-AIDL-CORE( 1463): HW_API: do_on for timeoutMs: 1000
02-11 22:01:22.818 E/SecVibrator-HAL-AIDL-CORE( 1463): HW_API: [triggerForceFeedbackVibration]on: 1
02-11 22:01:22.936 E/SecVibrator-HAL-AIDL-CORE( 1463): V_2_0: Vibrator off
02-11 22:01:22.936 E/SecVibrator-HAL-AIDL-CORE( 1463): HW_API: do_off
02-11 22:01:22.936 E/SecVibrator-HAL-AIDL-CORE( 1463): HW_API: [triggerForceFeedbackVibration]on: 0
02-11 22:01:23.027 E/SecVibrator-HAL-AIDL-EXT( 1463): V_5_0: performPrebakedHapticPattern 1 : 4000 : 0
02-11 22:01:23.027 E/SecVibrator-HAL-AIDL-CORE( 1463): HW_API: [setRepeatForForceFeedbackAw]repeat: 0
02-11 22:01:23.027 E/SecVibrator-HAL-AIDL-CORE( 1463): HW_API: [setForceFeedbackAmplitude]amplitude: 4000
02-11 22:01:23.028 E/SecVibrator-HAL-AIDL-CORE( 1463): HW_API: [uploadForceFeedbackeffect]ioctl success ,uploaded effect with ID: 0
02-11 22:01:23.028 E/SecVibrator-HAL-AIDL-CORE( 1463): HW_API: do_on for timeoutMs: 1000
02-11 22:01:23.028 E/SecVibrator-HAL-AIDL-CORE( 1463): HW_API: [triggerForceFeedbackVibration]on: 1
02-11 22:01:23.144 E/SecVibrator-HAL-AIDL-CORE( 1463): V_2_0: Vibrator off
02-11 22:01:23.144 E/SecVibrator-HAL-AIDL-CORE( 1463): HW_API: do_off
02-11 22:01:23.145 E/SecVibrator-HAL-AIDL-CORE( 1463): HW_API: [triggerForceFeedbackVibration]on: 0
02-11 22:01:23.203 E/SecVibrator-HAL-AIDL-EXT( 1463): V_5_0: performPrebakedHapticPattern 51 : 4000 : 0
02-11 22:01:23.204 E/SecVibrator-HAL-AIDL-CORE( 1463): HW_API: [setRepeatForForceFeedbackAw]repeat: 0
02-11 22:01:23.204 E/SecVibrator-HAL-AIDL-CORE( 1463): HW_API: [setForceFeedbackAmplitude]amplitude: 4000
02-11 22:01:23.204 E/SecVibrator-HAL-AIDL-CORE( 1463): HW_API: [uploadForceFeedbackeffect]ioctl success ,uploaded effect with ID: 0
02-11 22:01:23.204 E/SecVibrator-HAL-AIDL-CORE( 1463): HW_API: do_on for timeoutMs: 1000
02-11 22:01:23.205 E/SecVibrator-HAL-AIDL-CORE( 1463): HW_API: [triggerForceFeedbackVibration]on: 1
02-11 22:01:23.331 E/SecVibrator-HAL-AIDL-CORE( 1463): V_2_0: Vibrator off
02-11 22:01:23.331 E/SecVibrator-HAL-AIDL-CORE( 1463): HW_API: do_off
02-11 22:01:23.331 E/SecVibrator-HAL-AIDL-CORE( 1463): HW_API: [triggerForceFeedbackVibration]on: 0
02-11 22:01:23.563 E/SamsungAccount( 8427): [FamilyGroupUtil] getCountryCodeListWithRegionMcc - no country code with region mcc
02-11 22:01:23.574 E/SamsungAccount( 8427): [FamilyGroupUtil] getCountryCodeListWithRegionMcc - no country code with region mcc
02-11 22:01:23.590 E/SamsungAccount( 8427): [FamilyGroupUtil] getCountryCodeListWithRegionMcc - no country code with region mcc
02-11 22:01:23.794 E/SecVibrator-HAL-AIDL-EXT( 1463): V_5_0: performPrebakedHapticPattern 23 : 4000 : 0
02-11 22:01:23.794 E/SecVibrator-HAL-AIDL-CORE( 1463): HW_API: [setRepeatForForceFeedbackAw]repeat: 0
02-11 22:01:23.794 E/SecVibrator-HAL-AIDL-CORE( 1463): HW_API: [setForceFeedbackAmplitude]amplitude: 4000
02-11 22:01:23.795 E/SecVibrator-HAL-AIDL-CORE( 1463): HW_API: [uploadForceFeedbackeffect]ioctl success ,uploaded effect with ID: 0
02-11 22:01:23.795 E/SecVibrator-HAL-AIDL-CORE( 1463): HW_API: do_on for timeoutMs: 1000
02-11 22:01:23.795 E/SecVibrator-HAL-AIDL-CORE( 1463): HW_API: [triggerForceFeedbackVibration]on: 1
02-11 22:01:23.798 E/WifiStaIfaceAidlImpl( 1796): getCachedScanData failed with service-specific exception: android.os.ServiceSpecificException:  (code 4)
02-11 22:01:23.913 E/SecVibrator-HAL-AIDL-CORE( 1463): V_2_0: Vibrator off
02-11 22:01:23.913 E/SecVibrator-HAL-AIDL-CORE( 1463): HW_API: do_off
02-11 22:01:23.913 E/SecVibrator-HAL-AIDL-CORE( 1463): HW_API: [triggerForceFeedbackVibration]on: 0
02-11 22:01:23.933 E/MediaCodec( 1639): Media Quality Service not found.
02-11 22:01:23.933 E/Codec2-ComponentInterface( 1667): We have a failed config
02-11 22:01:23.934 E/mediaserver( 1639): Failed to query component interface for required system resources: 6
02-11 22:01:23.937 E/Codec2-ComponentInterface( 1667): We have a failed config
02-11 22:01:24.078 E/WindowManager( 1796): win=Window{4b6c0b8 u0 BackPanelController} destroySurfaces: appStopped=true cleanupOnResume=false win.mWindowRemovalAllowed=false win.mRemoveOnExit=false win.mViewVisibility=8 caller=com.android.server.wm.WindowManagerService.tryStartExitingAnimation:134 com.android.server.wm.WindowManagerService.relayoutWindow:1147 com.android.server.wm.Session.relayout:27 android.view.IWindowSession$Stub.onTransact:829 com.android.server.wm.Session.onTransact:1 android.os.Binder.execTransactInternal:1462 android.os.Binder.execTransact:1401 
02-11 22:01:24.220 E/SecVibrator-HAL-AIDL-EXT( 1463): V_5_0: performPrebakedHapticPattern 23 : 4000 : 0
02-11 22:01:24.221 E/SecVibrator-HAL-AIDL-CORE( 1463): HW_API: [setRepeatForForceFeedbackAw]repeat: 0
02-11 22:01:24.221 E/SecVibrator-HAL-AIDL-CORE( 1463): HW_API: [setForceFeedbackAmplitude]amplitude: 4000
02-11 22:01:24.222 E/SecVibrator-HAL-AIDL-CORE( 1463): HW_API: [uploadForceFeedbackeffect]ioctl success ,uploaded effect with ID: 0
02-11 22:01:24.222 E/SecVibrator-HAL-AIDL-CORE( 1463): HW_API: do_on for timeoutMs: 1000
02-11 22:01:24.222 E/SecVibrator-HAL-AIDL-CORE( 1463): HW_API: [triggerForceFeedbackVibration]on: 1
02-11 22:01:24.314 E/WifiStaIfaceAidlImpl( 1796): getCachedScanData failed with service-specific exception: android.os.ServiceSpecificException:  (code 4)
02-11 22:01:24.340 E/SecVibrator-HAL-AIDL-CORE( 1463): V_2_0: Vibrator off
02-11 22:01:24.340 E/SecVibrator-HAL-AIDL-CORE( 1463): HW_API: do_off
02-11 22:01:24.340 E/SecVibrator-HAL-AIDL-CORE( 1463): HW_API: [triggerForceFeedbackVibration]on: 0
02-11 22:01:24.358 E/SamsungAccount( 8427): [FamilyGroupUtil] getCountryCodeListWithRegionMcc - no country code with region mcc
02-11 22:01:24.363 E/SurfaceFlinger( 1481): alpha changed 1.000 -> 0.000 - Surface(name=52726a9 InputMethod)/@0x71e9bcf - animation-leash of insets_animation#161575
02-11 22:01:24.410 E/WindowManager( 1796): win=Window{52726a9 u0 InputMethod} destroySurfaces: appStopped=true cleanupOnResume=false win.mWindowRemovalAllowed=false win.mRemoveOnExit=false win.mViewVisibility=8 caller=com.android.server.wm.WindowManagerService.tryStartExitingAnimation:134 com.android.server.wm.WindowManagerService.relayoutWindow:1147 com.android.server.wm.Session.relayout:27 android.view.IWindowSession$Stub.onTransact:829 com.android.server.wm.Session.onTransact:1 android.os.Binder.execTransactInternal:1457 android.os.Binder.execTransact:1401 
02-11 22:01:24.422 E/SurfaceFlinger( 1481): alpha changed 1.000 -> 0.000 - Surface(name=52726a9 InputMethod)/@0x71e9bcf - animation-leash of insets_animation#161576
02-11 22:01:24.544 E/WindowManager( 1796): win=Window{4b6c0b8 u0 BackPanelController} destroySurfaces: appStopped=true cleanupOnResume=false win.mWindowRemovalAllowed=false win.mRemoveOnExit=false win.mViewVisibility=8 caller=com.android.server.wm.WindowManagerService.tryStartExitingAnimation:134 com.android.server.wm.WindowManagerService.relayoutWindow:1147 com.android.server.wm.Session.relayout:27 android.view.IWindowSession$Stub.onTransact:829 com.android.server.wm.Session.onTransact:1 android.os.Binder.execTransactInternal:1462 android.os.Binder.execTransact:1401 
02-11 22:01:24.664 E/NativeCustomFrequencyManager( 1481): [NativeCFMS] BpCustomFrequencyManager::acquire()
02-11 22:01:26.865 E/WifiStaIfaceAidlImpl( 1796): getCachedScanData failed with service-specific exception: android.os.ServiceSpecificException:  (code 4)
02-11 22:01:27.728 E/msys    (15100): E[N mns]_OnDiskCacheGetData(632)=>Start post callback cache refresh DNS resolution
02-11 22:01:27.760 E/msys    (15100): E[N mns]_LogError(228)=>Failed to resolve using system DNS resolver, getaddrinfo(): No address associated with hostname
02-11 22:01:27.760 E/msys    (15100): E[N mns]_OnDiskCacheGetData(632)=>Start post callback cache refresh DNS resolution
02-11 22:01:27.769 E/msys    (15100): E[N mns]_LogError(228)=>Failed to resolve using system DNS resolver, getaddrinfo(): No address associated with hostname
02-11 22:01:27.784 E/TaskPersister( 1796): File error accessing recents directory (directory doesn't exist?).
02-11 22:01:29.805 E/msys    (15100): E[N mns]_OnDiskCacheGetData(632)=>Start post callback cache refresh DNS resolution
02-11 22:01:29.826 E/msys    (15100): E[N mns]_LogError(228)=>Failed to resolve using system DNS resolver, getaddrinfo(): No address associated with hostname
02-11 22:01:29.946 E/WifiStaIfaceAidlImpl( 1796): getCachedScanData failed with service-specific exception: android.os.ServiceSpecificException:  (code 4)
02-11 22:01:30.034 E/msys    (15100): E[N mns]_OnDiskCacheGetData(632)=>Start post callback cache refresh DNS resolution
02-11 22:01:30.066 E/msys    (15100): E[N mns]_LogError(228)=>Failed to resolve using system DNS resolver, getaddrinfo(): No address associated with hostname
02-11 22:01:32.972 E/WifiStaIfaceAidlImpl( 1796): getCachedScanData failed with service-specific exception: android.os.ServiceSpecificException:  (code 4)
02-11 22:01:34.256 E/msys    (15100): E[N mns]_OnDiskCacheGetData(632)=>Start post callback cache refresh DNS resolution
02-11 22:01:34.276 E/msys    (15100): E[N mns]_LogError(228)=>Failed to resolve using system DNS resolver, getaddrinfo(): No address associated with hostname
02-11 22:01:34.276 E/msys    (15100): E[N mns]_OnDiskCacheGetData(632)=>Start post callback cache refresh DNS resolution
02-11 22:01:34.284 E/msys    (15100): E[N mns]_LogError(228)=>Failed to resolve using system DNS resolver, getaddrinfo(): No address associated with hostname
02-11 22:01:34.980 E/msys    (15100): E[N mns]_OnDiskCacheGetData(632)=>Start post callback cache refresh DNS resolution
02-11 22:01:35.005 E/msys    (15100): E[N mns]_LogError(228)=>Failed to resolve using system DNS resolver, getaddrinfo(): No address associated with hostname
02-11 22:01:35.005 E/msys    (15100): E[N mns]_OnDiskCacheGetData(632)=>Start post callback cache refresh DNS resolution
02-11 22:01:35.010 E/msys    (15100): E[N mns]_LogError(228)=>Failed to resolve using system DNS resolver, getaddrinfo(): No address associated with hostname
02-11 22:01:36.008 E/WifiStaIfaceAidlImpl( 1796): getCachedScanData failed with service-specific exception: android.os.ServiceSpecificException:  (code 4)
02-11 22:01:36.307 E/msys    (15100): E[N mns]_OnDiskCacheGetData(632)=>Start post callback cache refresh DNS resolution
02-11 22:01:36.330 E/msys    (15100): E[N mns]_LogError(228)=>Failed to resolve using system DNS resolver, getaddrinfo(): No address associated with hostname
02-11 22:01:36.532 E/WifiStaIfaceAidlImpl( 1796): getCachedScanData failed with service-specific exception: android.os.ServiceSpecificException:  (code 4)
02-11 22:01:36.727 E/BatteryStatsService( 1796): Invalid uid for waking network packet: -1
02-11 22:01:36.787 E/msys    (15100): E[N mns]_OnDiskCacheGetData(632)=>Start post callback cache refresh DNS resolution
02-11 22:01:36.815 E/msys    (15100): E[N mns]_LogError(228)=>Failed to resolve using system DNS resolver, getaddrinfo(): No address associated with hostname
02-11 22:01:37.292 E/NotificationService( 1796): notification real name Exception
02-11 22:01:37.292 E/NotificationService( 1796): java.lang.NullPointerException: Attempt to invoke virtual method 'boolean com.android.server.notification.sec.NotificationRealNamePolicy.checkAllowedNotification(android.service.notification.StatusBarNotification)' on a null object reference
02-11 22:01:37.292 E/NotificationService( 1796): 	at com.android.server.notification.NotificationManagerService.enqueueNotificationInternal(qb/105196903 9f38fc1ce7a93800a4cb7aab7d961056d28113a8811dc2091b8cbd2ba3634ae9:124)
02-11 22:01:37.292 E/NotificationService( 1796): 	at com.android.server.notification.NotificationManagerService.enqueueNotificationInternal(qb/105196903 9f38fc1ce7a93800a4cb7aab7d961056d28113a8811dc2091b8cbd2ba3634ae9:2)
