02-11 21:59:11.263 E/ThemeUtils( 3307): View class com.honeyspace.ui.common.iconview.IconViewImpl is an AppCompat widget that can only be used with a Theme.AppCompat theme (or descendant).
02-11 21:59:11.264 E/HoneySpace.BadgeIconDecoratorCreator( 3307): NameNotFoundException /#UserHandle{0}
02-11 21:59:11.264 E/ThemeUtils( 3307): View class com.honeyspace.ui.common.iconview.IconViewImpl is an AppCompat widget that can only be used with a Theme.AppCompat theme (or descendant).
02-11 21:59:11.265 E/HoneySpace.BadgeIconDecoratorCreator( 3307): NameNotFoundException /#UserHandle{0}
02-11 21:59:11.265 E/ThemeUtils( 3307): View class com.honeyspace.ui.common.iconview.IconViewImpl is an AppCompat widget that can only be used with a Theme.AppCompat theme (or descendant).
02-11 21:59:11.265 E/HoneySpace.BadgeIconDecoratorCreator( 3307): NameNotFoundException /#UserHandle{0}
02-11 21:59:11.266 E/ThemeUtils( 3307): View class com.honeyspace.ui.common.iconview.IconViewImpl is an AppCompat widget that can only be used with a Theme.AppCompat theme (or descendant).
02-11 21:59:11.266 E/HoneySpace.BadgeIconDecoratorCreator( 3307): NameNotFoundException /#UserHandle{0}
02-11 21:59:11.290 E/HandwritingModeController( 1796): Cannot get requestId: Handwriting was not initialized.
02-11 21:59:11.304 E/SecVibrator-HAL-AIDL-CORE( 1463): V_2_0: Vibrator off
02-11 21:59:11.304 E/SecVibrator-HAL-AIDL-CORE( 1463): HW_API: do_off
02-11 21:59:11.304 E/SecVibrator-HAL-AIDL-CORE( 1463): HW_API: [triggerForceFeedbackVibration]on: 0
02-11 21:59:11.458 E/BatteryDump( 1458): !@new_battery_dump : 3661,-1067,100,100,15,344,338,351,337,0,348,353,339,Discharging,NO_CHARGING,None,Good,NONE,0,Normal,0,0,11400,0x40000000,0x10000,0x0,0,0,673,v0004,0,0/0-0-0-0,0000,0000,00000000,3661,3680,0,-506,-561,0,151,0,159,1000,0,
02-11 21:59:11.478 E/NotificationService( 1796): notification real name Exception
02-11 21:59:11.478 E/NotificationService( 1796): java.lang.NullPointerException: Attempt to invoke virtual method 'boolean com.android.server.notification.sec.NotificationRealNamePolicy.checkAllowedNotification(android.service.notification.StatusBarNotification)' on a null object reference
02-11 21:59:11.478 E/NotificationService( 1796): 	at com.android.server.notification.NotificationManagerService.enqueueNotificationInternal(qb/105196903 9f38fc1ce7a93800a4cb7aab7d961056d28113a8811dc2091b8cbd2ba3634ae9:124)
02-11 21:59:11.478 E/NotificationService( 1796): 	at com.android.server.notification.NotificationManagerService.enqueueNotificationInternal(qb/105196903 9f38fc1ce7a93800a4cb7aab7d961056d28113a8811dc2091b8cbd2ba3634ae9:2)
02-11 21:59:11.478 E/NotificationService( 1796): 	at com.android.server.notification.NotificationManagerService$17.enqueueNotificationWithTag(qb/105196903 9f38fc1ce7a93800a4cb7aab7d961056d28113a8811dc2091b8cbd2ba3634ae9:97)
02-11 21:59:11.478 E/NotificationService( 1796): 	at android.app.INotificationManager$Stub.onTransact(INotificationManager.java:2027)
02-11 21:59:11.478 E/NotificationService( 1796): 	at android.os.Binder.execTransactInternal(Binder.java:1462)
02-11 21:59:11.478 E/NotificationService( 1796): 	at android.os.Binder.execTransact(Binder.java:1401)
02-11 21:59:11.487 E/SLocation( 1796): SecureDBAdapter - start setEventGeofenceCellDatas : 14
02-11 21:59:11.488 E/SLocation( 1796): SecureDBAdapter - remove EventGeofenceCellData id : 1, cell size : 0___remove EventGeofenceCellData id : 2, cell size : 0___remove EventGeofenceCellData id : 3, cell size : 0___remove EventGeofenceCellData id : 4, cell size : 0___remove EventGeofenceCellData id : 5, cell size : 0___remove EventGeofenceCellData id : 6, cell size : 0___remove EventGeofenceCellData id : 7, cell size : 0___remove EventGeofenceCellData id : 8, cell size : 0___remove EventGeofenceCellData id : 9, cell size : 0___remove EventGeofenceCellData id : 10, cell size : 0___remove EventGeofenceCellData id : 11, cell size : 0___remove EventGeofenceCellData id : 12, cell size : 0___remove EventGeofenceCellData id : 13, cell size : 0___remove EventGeofenceCellData id : 14, cell size : 0___
02-11 21:59:11.488 E/SLocation( 1796): SecureDBAdapter - add EventGeofenceCellDatas___id : 1, cell size : 0___id : 2, cell size : 0___id : 3, cell size : 0___id : 4, cell size : 0___id : 5, cell size : 0___id : 6, cell size : 0___id : 7, cell size : 0___id : 8, cell size : 0___id : 9, cell size : 0___id : 10, cell size : 0___id : 11, cell size : 0___id : 12, cell size : 0___id : 13, cell size : 0___id : 14, cell size : 0
02-11 21:59:11.488 E/SLocation( 1796): SecureDBAdapter - end setEventGeofenceCellDatas
02-11 21:59:11.724 E/pageboostd( 4551): Received HALT command code 2
02-11 21:59:11.730 E/BtGatt.AdvertiseManager( 2828): [GSIM LOG]: gsimLogHandler, msg: MESSAGE_ADV_SET_STOP, appName: com.google.android.gms, id: 0, isLegacy: true
02-11 21:59:11.764 E/SurfaceFlinger( 1481): alpha changed 1.000 -> 0.000 - Surface(name=Task=7580)/@0x3cbc712_transition-leash#161391
02-11 21:59:11.771 E/ActivityThread(32453): Failed to find provider info for com.samsung.android.systemui.edgelighting.plus.provider
02-11 21:59:11.841 E/TransitionChain( 1796): Can't collect into a chain with no transition
02-11 21:59:11.855 E/SurfaceFlinger( 1481): alpha changed 0.000 -> 1.000 - Surface(name=Task=7580)/@0x3cbc712_transition-leash#161391
02-11 21:59:11.869 E/msys    (15100): E[N mns]_OnDiskCacheGetData(632)=>Start post callback cache refresh DNS resolution
02-11 21:59:11.874 E/msys    (15100): E[N mns]_LogError(228)=>Failed to resolve using system DNS resolver, getaddrinfo(): No address associated with hostname
02-11 21:59:11.883 E/SamsungAccount( 8427): [FamilyGroupUtil] getCountryCodeListWithRegionMcc - no country code with region mcc
02-11 21:59:11.896 E/WindowManager( 1796): win=Window{f2df67b u0 com.whatsapp/com.whatsapp.home.ui.HomeActivity} destroySurfaces: appStopped=true cleanupOnResume=false win.mWindowRemovalAllowed=false win.mRemoveOnExit=false win.mViewVisibility=8 caller=com.android.server.wm.ActivityRecord.destroySurfaces:25 com.android.server.wm.ActivityRecord.activityStopped:192 com.android.server.wm.ActivityClientController.activityStopped:97 android.app.IActivityClientController$Stub.onTransact:726 com.android.server.wm.ActivityClientController.onTransact:1 android.os.Binder.execTransactInternal:1462 android.os.Binder.execTransact:1401 
02-11 21:59:11.897 E/SurfaceFlinger( 1481): alpha changed 1.000 -> 0.000 - Surface(name=52726a9 InputMethod)/@0x71e9bcf - animation-leash of insets_animation#161395
02-11 21:59:11.899 E/pageboostd( 4551): Received HALT command code 2
02-11 21:59:11.918 E/WindowManager( 1796): win=Window{2729b54 u0 com.sec.android.app.launcher/com.sec.android.app.launcher.activities.LauncherActivity} destroySurfaces: appStopped=true cleanupOnResume=false win.mWindowRemovalAllowed=false win.mRemoveOnExit=false win.mViewVisibility=4 caller=com.android.server.wm.ActivityRecord.destroySurfaces:25 com.android.server.wm.ActivityRecord.activityStopped:192 com.android.server.wm.ActivityClientController.activityStopped:97 android.app.IActivityClientController$Stub.onTransact:726 com.android.server.wm.ActivityClientController.onTransact:1 android.os.Binder.execTransactInternal:1462 android.os.Binder.execTransact:1401 
02-11 21:59:11.926 E/WindowManager( 1796): win=Window{fa1bfd4 u0 com.sec.android.app.launcher/com.sec.android.app.launcher.activities.LauncherActivity} destroySurfaces: appStopped=true cleanupOnResume=false win.mWindowRemovalAllowed=false win.mRemoveOnExit=false win.mViewVisibility=8 caller=com.android.server.wm.WindowManagerService.tryStartExitingAnimation:134 com.android.server.wm.WindowManagerService.relayoutWindow:1147 com.android.server.wm.Session.relayout:27 android.view.IWindowSession$Stub.onTransact:829 com.android.server.wm.Session.onTransact:1 android.os.Binder.execTransactInternal:1457 android.os.Binder.execTransact:1401 
02-11 21:59:11.938 E/SurfaceFlinger( 1481): alpha changed 1.000 -> 0.000 - Surface(name=Task=8447)/@0x5b21306_transition-leash#161399
02-11 21:59:11.938 E/SurfaceFlinger( 1481): alpha changed 0.000 -> 0.000 - Surface(name=Task=8447)/@0x5b21306_transition-leash#161399
02-11 21:59:11.955 E/SurfaceFlinger( 1481): alpha changed 0.000 -> 1.000 - Surface(name=Task=8447)/@0x5b21306_transition-leash#161399
02-11 21:59:12.053 E/SamsungAccount( 8427): [FamilyGroupUtil] getCountryCodeListWithRegionMcc - no country code with region mcc
02-11 21:59:12.063 E/SurfaceFlinger( 1481): alpha changed 1.000 -> 0.000 - Surface(name=52726a9 InputMethod)/@0x71e9bcf - animation-leash of insets_animation#161410
02-11 21:59:12.067 E/ConversionHelperAidl( 1473): Function: parseAndSetVendorParameters Line: 94 Failed 
02-11 21:59:12.284 E/msys    (15100): E[N mns]_OnDiskCacheGetData(632)=>Start post callback cache refresh DNS resolution
02-11 21:59:12.293 E/WindowManager( 1796): win=Window{4fb737f u0 SnapshotStartingWindow for taskId=8447 EXITING} destroySurfaces: appStopped=false cleanupOnResume=false win.mWindowRemovalAllowed=true win.mRemoveOnExit=true win.mViewVisibility=0 caller=com.android.server.wm.WindowState.onExitAnimationDone:224 com.android.server.wm.WindowState.onAnimationFinished:161 com.android.server.wm.WindowContainer$$ExternalSyntheticLambda8.onAnimationFinished:3 com.android.server.wm.SurfaceAnimator$$ExternalSyntheticLambda0.onAnimationFinished:69 com.android.server.wm.LocalAnimationAdapter$$ExternalSyntheticLambda0.run:10 android.os.Handler.handleCallback:995 android.os.Handler.dispatchMessage:103 
02-11 21:59:12.297 E/SurfaceFlinger( 1481): alpha changed 0.053 -> 0.000 - Surface(name=4fb737f SnapshotStartingWindow for taskId=8447)/@0x756440e - animation-leash of window_animation#161411
02-11 21:59:12.301 E/msys    (15100): E[N mns]_LogError(228)=>Failed to resolve using system DNS resolver, getaddrinfo(): No address associated with hostname
02-11 21:59:12.332 E/WindowManager( 1796): win=Window{e872431 u0 com.sec.android.app.launcher/com.android.quickstep.RecentsActivity} destroySurfaces: appStopped=true cleanupOnResume=false win.mWindowRemovalAllowed=false win.mRemoveOnExit=false win.mViewVisibility=8 caller=com.android.server.wm.ActivityRecord.destroySurfaces:25 com.android.server.wm.ActivityRecord.activityStopped:192 com.android.server.wm.ActivityClientController.activityStopped:97 android.app.IActivityClientController$Stub.onTransact:726 com.android.server.wm.ActivityClientController.onTransact:1 android.os.Binder.execTransactInternal:1462 android.os.Binder.execTransact:1401 
02-11 21:59:12.657 E/NativeCustomFrequencyManager( 1481): [NativeCFMS] BpCustomFrequencyManager::acquire()
02-11 21:59:12.703 E/WifiStaIfaceAidlImpl( 1796): getCachedScanData failed with service-specific exception: android.os.ServiceSpecificException:  (code 4)
02-11 21:59:13.226 E/WifiStaIfaceAidlImpl( 1796): getCachedScanData failed with service-specific exception: android.os.ServiceSpecificException:  (code 4)
02-11 21:59:14.163 E/NativeCustomFrequencyManager( 1481): [NativeCFMS] BpCustomFrequencyManager::acquire()
02-11 21:59:14.909 E/TaskPersister( 1796): File error accessing recents directory (directory doesn't exist?).
02-11 21:59:15.115 E/SensorsHub( 1429): AccSensor : Meta event
02-11 21:59:15.672 E/ScanManager( 2828): [GSIM LOG]: gsimLogHandler, msg: MESSAGE_SCAN_STOP, appName: com.google.android.gms, scannerId: 1, reportDelayMillis=0
02-11 21:59:15.685 E/ScanManager( 2828): [GSIM LOG]: gsimLogHandler, msg: MESSAGE_SCAN_START, appName: com.google.android.gms, scannerId: 1, reportDelayMillis=0
02-11 21:59:15.727 E/WifiStaIfaceAidlImpl( 1796): getCachedScanData failed with service-specific exception: android.os.ServiceSpecificException:  (code 4)
02-11 21:59:15.742 E/NativeCustomFrequencyManager( 1481): [NativeCFMS] BpCustomFrequencyManager::acquire()
02-11 21:59:16.032 E/SamsungAccount( 8427): [FamilyGroupUtil] getCountryCodeListWithRegionMcc - no country code with region mcc
02-11 21:59:16.049 E/SamsungAccount( 8427): [FamilyGroupUtil] getCountryCodeListWithRegionMcc - no country code with region mcc
02-11 21:59:16.096 E/SamsungAccount( 8427): [FamilyGroupUtil] getCountryCodeListWithRegionMcc - no country code with region mcc
02-11 21:59:16.110 E/SurfaceFlinger( 1481): alpha changed 0.000 -> 1.000 - Surface(name=52726a9 InputMethod)/@0x71e9bcf - animation-leash of insets_animation#161410
02-11 21:59:16.664 E/BatteryStatsService( 1796): Invalid uid for waking network packet: -1
02-11 21:59:17.504 E/SecVibrator-HAL-AIDL-EXT( 1463): V_5_0: performPrebakedHapticPattern 1 : 4000 : 0
02-11 21:59:17.505 E/SecVibrator-HAL-AIDL-CORE( 1463): HW_API: [setRepeatForForceFeedbackAw]repeat: 0
02-11 21:59:17.505 E/SecVibrator-HAL-AIDL-CORE( 1463): HW_API: [setForceFeedbackAmplitude]amplitude: 4000
02-11 21:59:17.505 E/SecVibrator-HAL-AIDL-CORE( 1463): HW_API: [uploadForceFeedbackeffect]ioctl success ,uploaded effect with ID: 0
02-11 21:59:17.505 E/SecVibrator-HAL-AIDL-CORE( 1463): HW_API: do_on for timeoutMs: 1000
02-11 21:59:17.505 E/SecVibrator-HAL-AIDL-CORE( 1463): HW_API: [triggerForceFeedbackVibration]on: 1
02-11 21:59:17.529 E/msys    (15100): E[N mns]_OnDiskCacheGetData(632)=>Start post callback cache refresh DNS resolution
02-11 21:59:17.543 E/msys    (15100): E[N mns]_LogError(228)=>Failed to resolve using system DNS resolver, getaddrinfo(): No address associated with hostname
02-11 21:59:17.545 E/msys    (15100): E[N mns]_OnDiskCacheGetData(632)=>Start post callback cache refresh DNS resolution
02-11 21:59:17.551 E/msys    (15100): E[N mns]_LogError(228)=>Failed to resolve using system DNS resolver, getaddrinfo(): No address associated with hostname
02-11 21:59:17.622 E/SecVibrator-HAL-AIDL-CORE( 1463): V_2_0: Vibrator off
02-11 21:59:17.622 E/SecVibrator-HAL-AIDL-CORE( 1463): HW_API: do_off
02-11 21:59:17.622 E/SecVibrator-HAL-AIDL-CORE( 1463): HW_API: [triggerForceFeedbackVibration]on: 0
02-11 21:59:18.749 E/WifiStaIfaceAidlImpl( 1796): getCachedScanData failed with service-specific exception: android.os.ServiceSpecificException:  (code 4)
02-11 21:59:19.723 E/DWBn    (11915): UsageDataManager MemoryTrimmable
02-11 21:59:19.723 E/DWBg    (11915): LocalPkgManager MemoryTrimmable
02-11 21:59:19.741 E/MQTTBypassDGWStreamGroupConnection.cpp(15100): connect failed. Callbacks terminated before ack received
02-11 21:59:19.748 E/MQTTBypassDGWStreamGroupCallbacks.cpp(15100): onStreamGroupError StreamGroupNetworkRequest request cancelled: max retries reached; last err (TransientError domain: MNSSecureTCP code: 1 detail: SecureTCP connection establish timeout)
02-11 21:59:19.960 E/msys    (15100): E[S MSync]_ModularSyncHandleNetworkResponse(1711)=>DB[223] - Encountered a network error (2002: StreamGroupNetworkRequest request cancelled: max retries reached; last err (TransientError domain: MNSSecureTCP code: 1 detail: SecureTCP connection establish timeout))
02-11 21:59:19.961 E/msys    (15100): E[S MSync]_ModularSyncHandleNetworkErrorResponse(1423)=>DB[223] - handle network error response
02-11 21:59:19.982 E/msys    (15100): E[N mns]_OnDiskCacheGetData(632)=>Start post callback cache refresh DNS resolution
02-11 21:59:20.017 E/msys    (15100): E[N mns]_LogError(228)=>Failed to resolve using system DNS resolver, getaddrinfo(): No address associated with hostname
02-11 21:59:20.457 E/Watchdog( 1796): !@Sync: 8005 heap(MB): 173 / 203 FD: 1652 [2026-02-11 21:59:20.456]
02-11 21:59:20.770 E/msys    (15100): E[N mns]_OnDiskCacheGetData(632)=>Start post callback cache refresh DNS resolution
02-11 21:59:20.794 E/msys    (15100): E[N mns]_LogError(228)=>Failed to resolve using system DNS resolver, getaddrinfo(): No address associated with hostname
02-11 21:59:21.551 E/SamsungAccount( 8427): [FamilyGroupUtil] getCountryCodeListWithRegionMcc - no country code with region mcc
02-11 21:59:21.569 E/SamsungAccount( 8427): [FamilyGroupUtil] getCountryCodeListWithRegionMcc - no country code with region mcc
02-11 21:59:21.583 E/SamsungAccount( 8427): [FamilyGroupUtil] getCountryCodeListWithRegionMcc - no country code with region mcc
02-11 21:59:21.780 E/WifiStaIfaceAidlImpl( 1796): getCachedScanData failed with service-specific exception: android.os.ServiceSpecificException:  (code 4)
02-11 21:59:22.411 E/SecVibrator-HAL-AIDL-EXT( 1463): V_5_0: performPrebakedHapticPattern 1 : 4000 : 0
02-11 21:59:22.412 E/SecVibrator-HAL-AIDL-CORE( 1463): HW_API: [setRepeatForForceFeedbackAw]repeat: 0
02-11 21:59:22.412 E/SecVibrator-HAL-AIDL-CORE( 1463): HW_API: [setForceFeedbackAmplitude]amplitude: 4000
02-11 21:59:22.412 E/SecVibrator-HAL-AIDL-CORE( 1463): HW_API: [uploadForceFeedbackeffect]ioctl success ,uploaded effect with ID: 0
02-11 21:59:22.412 E/SecVibrator-HAL-AIDL-CORE( 1463): HW_API: do_on for timeoutMs: 1000
02-11 21:59:22.412 E/SecVibrator-HAL-AIDL-CORE( 1463): HW_API: [triggerForceFeedbackVibration]on: 1
02-11 21:59:22.526 E/SecVibrator-HAL-AIDL-CORE( 1463): V_2_0: Vibrator off
02-11 21:59:22.526 E/SecVibrator-HAL-AIDL-CORE( 1463): HW_API: do_off
02-11 21:59:22.526 E/SecVibrator-HAL-AIDL-CORE( 1463): HW_API: [triggerForceFeedbackVibration]on: 0
02-11 21:59:22.894 E/SecVibrator-HAL-AIDL-EXT( 1463): V_5_0: performPrebakedHapticPattern 1 : 4000 : 0
02-11 21:59:22.895 E/SecVibrator-HAL-AIDL-CORE( 1463): HW_API: [setRepeatForForceFeedbackAw]repeat: 0
02-11 21:59:22.895 E/SecVibrator-HAL-AIDL-CORE( 1463): HW_API: [setForceFeedbackAmplitude]amplitude: 4000
02-11 21:59:22.896 E/SecVibrator-HAL-AIDL-CORE( 1463): HW_API: [uploadForceFeedbackeffect]ioctl success ,uploaded effect with ID: 0
02-11 21:59:22.896 E/SecVibrator-HAL-AIDL-CORE( 1463): HW_API: do_on for timeoutMs: 1000
02-11 21:59:22.896 E/SecVibrator-HAL-AIDL-CORE( 1463): HW_API: [triggerForceFeedbackVibration]on: 1
02-11 21:59:22.983 E/SecVibrator-HAL-AIDL-CORE( 1463): V_2_0: Vibrator off
02-11 21:59:22.983 E/SecVibrator-HAL-AIDL-CORE( 1463): HW_API: do_off
02-11 21:59:22.983 E/SecVibrator-HAL-AIDL-CORE( 1463): HW_API: [triggerForceFeedbackVibration]on: 0
02-11 21:59:22.989 E/SecVibrator-HAL-AIDL-EXT( 1463): V_5_0: performPrebakedHapticPattern 1 : 4000 : 0
02-11 21:59:22.989 E/SecVibrator-HAL-AIDL-CORE( 1463): HW_API: [setRepeatForForceFeedbackAw]repeat: 0
02-11 21:59:22.989 E/SecVibrator-HAL-AIDL-CORE( 1463): HW_API: [setForceFeedbackAmplitude]amplitude: 4000
02-11 21:59:22.990 E/SecVibrator-HAL-AIDL-CORE( 1463): HW_API: [uploadForceFeedbackeffect]ioctl success ,uploaded effect with ID: 0
02-11 21:59:22.990 E/SecVibrator-HAL-AIDL-CORE( 1463): HW_API: do_on for timeoutMs: 1000
02-11 21:59:22.990 E/SecVibrator-HAL-AIDL-CORE( 1463): HW_API: [triggerForceFeedbackVibration]on: 1
02-11 21:59:23.108 E/SecVibrator-HAL-AIDL-CORE( 1463): V_2_0: Vibrator off
02-11 21:59:23.108 E/SecVibrator-HAL-AIDL-CORE( 1463): HW_API: do_off
02-11 21:59:23.108 E/SecVibrator-HAL-AIDL-CORE( 1463): HW_API: [triggerForceFeedbackVibration]on: 0
02-11 21:59:23.261 E/SecVibrator-HAL-AIDL-EXT( 1463): V_5_0: performPrebakedHapticPattern 1 : 4000 : 0
02-11 21:59:23.261 E/SecVibrator-HAL-AIDL-CORE( 1463): HW_API: [setRepeatForForceFeedbackAw]repeat: 0
02-11 21:59:23.261 E/SecVibrator-HAL-AIDL-CORE( 1463): HW_API: [setForceFeedbackAmplitude]amplitude: 4000
02-11 21:59:23.261 E/SecVibrator-HAL-AIDL-CORE( 1463): HW_API: [uploadForceFeedbackeffect]ioctl success ,uploaded effect with ID: 0
02-11 21:59:23.261 E/SecVibrator-HAL-AIDL-CORE( 1463): HW_API: do_on for timeoutMs: 1000
02-11 21:59:23.262 E/SecVibrator-HAL-AIDL-CORE( 1463): HW_API: [triggerForceFeedbackVibration]on: 1
02-11 21:59:23.381 E/SecVibrator-HAL-AIDL-CORE( 1463): V_2_0: Vibrator off
02-11 21:59:23.381 E/SecVibrator-HAL-AIDL-CORE( 1463): HW_API: do_off
02-11 21:59:23.381 E/SecVibrator-HAL-AIDL-CORE( 1463): HW_API: [triggerForceFeedbackVibration]on: 0
02-11 21:59:23.496 E/SecVibrator-HAL-AIDL-EXT( 1463): V_5_0: performPrebakedHapticPattern 1 : 4000 : 0
02-11 21:59:23.496 E/SecVibrator-HAL-AIDL-CORE( 1463): HW_API: [setRepeatForForceFeedbackAw]repeat: 0
02-11 21:59:23.497 E/SecVibrator-HAL-AIDL-CORE( 1463): HW_API: [setForceFeedbackAmplitude]amplitude: 4000
02-11 21:59:23.498 E/SecVibrator-HAL-AIDL-CORE( 1463): HW_API: [uploadForceFeedbackeffect]ioctl success ,uploaded effect with ID: 0
02-11 21:59:23.498 E/SecVibrator-HAL-AIDL-CORE( 1463): HW_API: do_on for timeoutMs: 1000
02-11 21:59:23.498 E/SecVibrator-HAL-AIDL-CORE( 1463): HW_API: [triggerForceFeedbackVibration]on: 1
02-11 21:59:23.590 E/SecVibrator-HAL-AIDL-CORE( 1463): V_2_0: Vibrator off
02-11 21:59:23.591 E/SecVibrator-HAL-AIDL-CORE( 1463): HW_API: do_off
02-11 21:59:23.591 E/SecVibrator-HAL-AIDL-CORE( 1463): HW_API: [triggerForceFeedbackVibration]on: 0
02-11 21:59:23.598 E/SecVibrator-HAL-AIDL-EXT( 1463): V_5_0: performPrebakedHapticPattern 1 : 4000 : 0
02-11 21:59:23.598 E/SecVibrator-HAL-AIDL-CORE( 1463): HW_API: [setRepeatForForceFeedbackAw]repeat: 0
02-11 21:59:23.598 E/SecVibrator-HAL-AIDL-CORE( 1463): HW_API: [setForceFeedbackAmplitude]amplitude: 4000
02-11 21:59:23.599 E/SecVibrator-HAL-AIDL-CORE( 1463): HW_API: [uploadForceFeedbackeffect]ioctl success ,uploaded effect with ID: 0
02-11 21:59:23.599 E/SecVibrator-HAL-AIDL-CORE( 1463): HW_API: do_on for timeoutMs: 1000
02-11 21:59:23.600 E/SecVibrator-HAL-AIDL-CORE( 1463): HW_API: [triggerForceFeedbackVibration]on: 1
02-11 21:59:23.717 E/SecVibrator-HAL-AIDL-CORE( 1463): V_2_0: Vibrator off
02-11 21:59:23.717 E/SecVibrator-HAL-AIDL-CORE( 1463): HW_API: do_off
02-11 21:59:23.717 E/SecVibrator-HAL-AIDL-CORE( 1463): HW_API: [triggerForceFeedbackVibration]on: 0
02-11 21:59:23.733 E/SecVibrator-HAL-AIDL-EXT( 1463): V_5_0: performPrebakedHapticPattern 51 : 4000 : 0
02-11 21:59:23.734 E/SecVibrator-HAL-AIDL-CORE( 1463): HW_API: [setRepeatForForceFeedbackAw]repeat: 0
02-11 21:59:23.734 E/SecVibrator-HAL-AIDL-CORE( 1463): HW_API: [setForceFeedbackAmplitude]amplitude: 4000
02-11 21:59:23.734 E/SecVibrator-HAL-AIDL-CORE( 1463): HW_API: [uploadForceFeedbackeffect]ioctl success ,uploaded effect with ID: 0
02-11 21:59:23.734 E/SecVibrator-HAL-AIDL-CORE( 1463): HW_API: do_on for timeoutMs: 1000
02-11 21:59:23.734 E/SecVibrator-HAL-AIDL-CORE( 1463): HW_API: [triggerForceFeedbackVibration]on: 1
02-11 21:59:23.864 E/SecVibrator-HAL-AIDL-CORE( 1463): V_2_0: Vibrator off
02-11 21:59:23.864 E/SecVibrator-HAL-AIDL-CORE( 1463): HW_API: do_off
02-11 21:59:23.864 E/SecVibrator-HAL-AIDL-CORE( 1463): HW_API: [triggerForceFeedbackVibration]on: 0
02-11 21:59:23.986 E/SecVibrator-HAL-AIDL-EXT( 1463): V_5_0: performPrebakedHapticPattern 51 : 4000 : 0
02-11 21:59:23.986 E/SecVibrator-HAL-AIDL-CORE( 1463): HW_API: [setRepeatForForceFeedbackAw]repeat: 0
02-11 21:59:23.986 E/SecVibrator-HAL-AIDL-CORE( 1463): HW_API: [setForceFeedbackAmplitude]amplitude: 4000
02-11 21:59:23.987 E/SecVibrator-HAL-AIDL-CORE( 1463): HW_API: [uploadForceFeedbackeffect]ioctl success ,uploaded effect with ID: 0
02-11 21:59:23.987 E/SecVibrator-HAL-AIDL-CORE( 1463): HW_API: do_on for timeoutMs: 1000
02-11 21:59:23.987 E/SecVibrator-HAL-AIDL-CORE( 1463): HW_API: [triggerForceFeedbackVibration]on: 1
02-11 21:59:24.113 E/SecVibrator-HAL-AIDL-CORE( 1463): V_2_0: Vibrator off
02-11 21:59:24.113 E/SecVibrator-HAL-AIDL-CORE( 1463): HW_API: do_off
02-11 21:59:24.114 E/SecVibrator-HAL-AIDL-CORE( 1463): HW_API: [triggerForceFeedbackVibration]on: 0
02-11 21:59:24.204 E/SecVibrator-HAL-AIDL-EXT( 1463): V_5_0: performPrebakedHapticPattern 1 : 4000 : 0
02-11 21:59:24.204 E/SecVibrator-HAL-AIDL-CORE( 1463): HW_API: [setRepeatForForceFeedbackAw]repeat: 0
02-11 21:59:24.204 E/SecVibrator-HAL-AIDL-CORE( 1463): HW_API: [setForceFeedbackAmplitude]amplitude: 4000
02-11 21:59:24.206 E/SecVibrator-HAL-AIDL-CORE( 1463): HW_API: [uploadForceFeedbackeffect]ioctl success ,uploaded effect with ID: 0
02-11 21:59:24.207 E/SecVibrator-HAL-AIDL-CORE( 1463): HW_API: do_on for timeoutMs: 1000
02-11 21:59:24.207 E/SecVibrator-HAL-AIDL-CORE( 1463): HW_API: [triggerForceFeedbackVibration]on: 1
02-11 21:59:24.321 E/SecVibrator-HAL-AIDL-CORE( 1463): V_2_0: Vibrator off
02-11 21:59:24.321 E/SecVibrator-HAL-AIDL-CORE( 1463): HW_API: do_off
02-11 21:59:24.321 E/SecVibrator-HAL-AIDL-CORE( 1463): HW_API: [triggerForceFeedbackVibration]on: 0
02-11 21:59:24.752 E/msys    (15100): E[N mns]_OnDiskCacheGetData(632)=>Start post callback cache refresh DNS resolution
02-11 21:59:24.772 E/msys    (15100): E[N mns]_LogError(228)=>Failed to resolve using system DNS resolver, getaddrinfo(): No address associated with hostname
02-11 21:59:24.772 E/msys    (15100): E[N mns]_OnDiskCacheGetData(632)=>Start post callback cache refresh DNS resolution
02-11 21:59:24.778 E/msys    (15100): E[N mns]_OnDiskCacheGetData(632)=>Start post callback cache refresh DNS resolution
02-11 21:59:24.778 E/msys    (15100): E[N mns]_LogError(228)=>Failed to resolve using system DNS resolver, getaddrinfo(): No address associated with hostname
02-11 21:59:24.790 E/msys    (15100): E[N mns]_LogError(228)=>Failed to resolve using system DNS resolver, getaddrinfo(): No address associated with hostname
02-11 21:59:24.840 E/WifiStaIfaceAidlImpl( 1796): getCachedScanData failed with service-specific exception: android.os.ServiceSpecificException:  (code 4)
02-11 21:59:24.978 E/msys    (15100): E[N mns]_OnDiskCacheGetData(632)=>Start post callback cache refresh DNS resolution
02-11 21:59:24.980 E/msys    (15100): E[N mns]_LogError(228)=>Failed to resolve using system DNS resolver, getaddrinfo(): No address associated with hostname
02-11 21:59:25.001 E/msys    (15100): E[N mns]_OnDiskCacheGetData(632)=>Start post callback cache refresh DNS resolution
02-11 21:59:25.006 E/msys    (15100): E[N mns]_LogError(228)=>Failed to resolve using system DNS resolver, getaddrinfo(): No address associated with hostname
02-11 21:59:25.490 E/SamsungAccount( 8427): [FamilyGroupUtil] getCountryCodeListWithRegionMcc - no country code with region mcc
02-11 21:59:25.498 E/SamsungAccount( 8427): [FamilyGroupUtil] getCountryCodeListWithRegionMcc - no country code with region mcc
02-11 21:59:25.511 E/SamsungAccount( 8427): [FamilyGroupUtil] getCountryCodeListWithRegionMcc - no country code with region mcc
02-11 21:59:26.160 E/WindowManager( 1796): win=Window{52726a9 u0 InputMethod} destroySurfaces: appStopped=true cleanupOnResume=false win.mWindowRemovalAllowed=false win.mRemoveOnExit=false win.mViewVisibility=8 caller=com.android.server.wm.WindowManagerService.tryStartExitingAnimation:134 com.android.server.wm.WindowManagerService.relayoutWindow:1147 com.android.server.wm.Session.relayout:27 android.view.IWindowSession$Stub.onTransact:829 com.android.server.wm.Session.onTransact:1 android.os.Binder.execTransactInternal:1457 android.os.Binder.execTransact:1401 
02-11 21:59:26.175 E/SurfaceFlinger( 1481): alpha changed 1.000 -> 0.000 - Surface(name=52726a9 InputMethod)/@0x71e9bcf - animation-leash of insets_animation#161416
02-11 21:59:27.864 E/WifiStaIfaceAidlImpl( 1796): getCachedScanData failed with service-specific exception: android.os.ServiceSpecificException:  (code 4)
02-11 21:59:30.231 E/SamsungAccount( 8427): [FamilyGroupUtil] getCountryCodeListWithRegionMcc - no country code with region mcc
02-11 21:59:30.239 E/SamsungAccount( 8427): [FamilyGroupUtil] getCountryCodeListWithRegionMcc - no country code with region mcc
02-11 21:59:30.286 E/SamsungAccount( 8427): [FamilyGroupUtil] getCountryCodeListWithRegionMcc - no country code with region mcc
02-11 21:59:30.296 E/SurfaceFlinger( 1481): alpha changed 0.000 -> 1.000 - Surface(name=52726a9 InputMethod)/@0x71e9bcf - animation-leash of insets_animation#161416
02-11 21:59:30.932 E/WifiStaIfaceAidlImpl( 1796): getCachedScanData failed with service-specific exception: android.os.ServiceSpecificException:  (code 4)
02-11 21:59:31.992 E/msys    (15100): E[N mns]_OnDiskCacheGetData(632)=>Start post callback cache refresh DNS resolution
02-11 21:59:32.021 E/msys    (15100): E[N mns]_LogError(228)=>Failed to resolve using system DNS resolver, getaddrinfo(): No address associated with hostname
02-11 21:59:32.022 E/msys    (15100): E[N mns]_OnDiskCacheGetData(632)=>Start post callback cache refresh DNS resolution
02-11 21:59:32.038 E/msys    (15100): E[N mns]_LogError(228)=>Failed to resolve using system DNS resolver, getaddrinfo(): No address associated with hostname
02-11 21:59:32.088 E/msys    (15100): E[N mns]_OnDiskCacheGetData(632)=>Start post callback cache refresh DNS resolution
02-11 21:59:32.117 E/msys    (15100): E[N mns]_LogError(228)=>Failed to resolve using system DNS resolver, getaddrinfo(): No address associated with hostname
02-11 21:59:33.234 E/SecVibrator-HAL-AIDL-EXT( 1463): V_5_0: performPrebakedHapticPattern 1 : 4000 : 0
02-11 21:59:33.234 E/SecVibrator-HAL-AIDL-CORE( 1463): HW_API: [setRepeatForForceFeedbackAw]repeat: 0
02-11 21:59:33.234 E/SecVibrator-HAL-AIDL-CORE( 1463): HW_API: [setForceFeedbackAmplitude]amplitude: 4000
02-11 21:59:33.234 E/SecVibrator-HAL-AIDL-CORE( 1463): HW_API: [uploadForceFeedbackeffect]ioctl success ,uploaded effect with ID: 0
02-11 21:59:33.234 E/SecVibrator-HAL-AIDL-CORE( 1463): HW_API: do_on for timeoutMs: 1000
02-11 21:59:33.234 E/SecVibrator-HAL-AIDL-CORE( 1463): HW_API: [triggerForceFeedbackVibration]on: 1
02-11 21:59:33.354 E/SecVibrator-HAL-AIDL-CORE( 1463): V_2_0: Vibrator off
02-11 21:59:33.354 E/SecVibrator-HAL-AIDL-CORE( 1463): HW_API: do_off
02-11 21:59:33.354 E/SecVibrator-HAL-AIDL-CORE( 1463): HW_API: [triggerForceFeedbackVibration]on: 0
02-11 21:59:33.468 E/SecVibrator-HAL-AIDL-EXT( 1463): V_5_0: performPrebakedHapticPattern 1 : 4000 : 0
02-11 21:59:33.469 E/SecVibrator-HAL-AIDL-CORE( 1463): HW_API: [setRepeatForForceFeedbackAw]repeat: 0
02-11 21:59:33.469 E/SecVibrator-HAL-AIDL-CORE( 1463): HW_API: [setForceFeedbackAmplitude]amplitude: 4000
02-11 21:59:33.469 E/SecVibrator-HAL-AIDL-CORE( 1463): HW_API: [uploadForceFeedbackeffect]ioctl success ,uploaded effect with ID: 0
02-11 21:59:33.469 E/SecVibrator-HAL-AIDL-CORE( 1463): HW_API: do_on for timeoutMs: 1000
02-11 21:59:33.469 E/SecVibrator-HAL-AIDL-CORE( 1463): HW_API: [triggerForceFeedbackVibration]on: 1
02-11 21:59:33.587 E/SecVibrator-HAL-AIDL-CORE( 1463): V_2_0: Vibrator off
02-11 21:59:33.587 E/SecVibrator-HAL-AIDL-CORE( 1463): HW_API: do_off
02-11 21:59:33.589 E/SecVibrator-HAL-AIDL-CORE( 1463): HW_API: [triggerForceFeedbackVibration]on: 0
02-11 21:59:33.597 E/SecVibrator-HAL-AIDL-EXT( 1463): V_5_0: performPrebakedHapticPattern 1 : 4000 : 0
02-11 21:59:33.597 E/SecVibrator-HAL-AIDL-CORE( 1463): HW_API: [setRepeatForForceFeedbackAw]repeat: 0
02-11 21:59:33.598 E/SecVibrator-HAL-AIDL-CORE( 1463): HW_API: [setForceFeedbackAmplitude]amplitude: 4000
02-11 21:59:33.598 E/SecVibrator-HAL-AIDL-CORE( 1463): HW_API: [uploadForceFeedbackeffect]ioctl success ,uploaded effect with ID: 0
02-11 21:59:33.598 E/SecVibrator-HAL-AIDL-CORE( 1463): HW_API: do_on for timeoutMs: 1000
02-11 21:59:33.598 E/SecVibrator-HAL-AIDL-CORE( 1463): HW_API: [triggerForceFeedbackVibration]on: 1
02-11 21:59:33.718 E/SecVibrator-HAL-AIDL-CORE( 1463): V_2_0: Vibrator off
02-11 21:59:33.718 E/SecVibrator-HAL-AIDL-CORE( 1463): HW_API: do_off
02-11 21:59:33.718 E/SecVibrator-HAL-AIDL-CORE( 1463): HW_API: [triggerForceFeedbackVibration]on: 0
02-11 21:59:33.807 E/SecVibrator-HAL-AIDL-EXT( 1463): V_5_0: performPrebakedHapticPattern 1 : 4000 : 0
02-11 21:59:33.807 E/SecVibrator-HAL-AIDL-CORE( 1463): HW_API: [setRepeatForForceFeedbackAw]repeat: 0
02-11 21:59:33.807 E/SecVibrator-HAL-AIDL-CORE( 1463): HW_API: [setForceFeedbackAmplitude]amplitude: 4000
02-11 21:59:33.807 E/SecVibrator-HAL-AIDL-CORE( 1463): HW_API: [uploadForceFeedbackeffect]ioctl success ,uploaded effect with ID: 0
02-11 21:59:33.807 E/SecVibrator-HAL-AIDL-CORE( 1463): HW_API: do_on for timeoutMs: 1000
02-11 21:59:33.807 E/SecVibrator-HAL-AIDL-CORE( 1463): HW_API: [triggerForceFeedbackVibration]on: 1
02-11 21:59:33.927 E/SecVibrator-HAL-AIDL-CORE( 1463): V_2_0: Vibrator off
02-11 21:59:33.927 E/SecVibrator-HAL-AIDL-CORE( 1463): HW_API: do_off
02-11 21:59:33.928 E/SecVibrator-HAL-AIDL-CORE( 1463): HW_API: [triggerForceFeedbackVibration]on: 0
02-11 21:59:34.007 E/WifiStaIfaceAidlImpl( 1796): getCachedScanData failed with service-specific exception: android.os.ServiceSpecificException:  (code 4)
02-11 21:59:34.078 E/SecVibrator-HAL-AIDL-EXT( 1463): V_5_0: performPrebakedHapticPattern 1 : 4000 : 0
02-11 21:59:34.079 E/SecVibrator-HAL-AIDL-CORE( 1463): HW_API: [setRepeatForForceFeedbackAw]repeat: 0
02-11 21:59:34.079 E/SecVibrator-HAL-AIDL-CORE( 1463): HW_API: [setForceFeedbackAmplitude]amplitude: 4000
02-11 21:59:34.080 E/SecVibrator-HAL-AIDL-CORE( 1463): HW_API: [uploadForceFeedbackeffect]ioctl success ,uploaded effect with ID: 0
02-11 21:59:34.080 E/SecVibrator-HAL-AIDL-CORE( 1463): HW_API: do_on for timeoutMs: 1000
02-11 21:59:34.080 E/SecVibrator-HAL-AIDL-CORE( 1463): HW_API: [triggerForceFeedbackVibration]on: 1
02-11 21:59:34.196 E/SecVibrator-HAL-AIDL-CORE( 1463): V_2_0: Vibrator off
02-11 21:59:34.196 E/SecVibrator-HAL-AIDL-CORE( 1463): HW_API: do_off
02-11 21:59:34.196 E/SecVibrator-HAL-AIDL-CORE( 1463): HW_API: [triggerForceFeedbackVibration]on: 0
02-11 21:59:34.260 E/SecVibrator-HAL-AIDL-EXT( 1463): V_5_0: performPrebakedHapticPattern 1 : 4000 : 0
02-11 21:59:34.260 E/SecVibrator-HAL-AIDL-CORE( 1463): HW_API: [setRepeatForForceFeedbackAw]repeat: 0
02-11 21:59:34.260 E/SecVibrator-HAL-AIDL-CORE( 1463): HW_API: [setForceFeedbackAmplitude]amplitude: 4000
02-11 21:59:34.261 E/SecVibrator-HAL-AIDL-CORE( 1463): HW_API: [uploadForceFeedbackeffect]ioctl success ,uploaded effect with ID: 0
02-11 21:59:34.261 E/SecVibrator-HAL-AIDL-CORE( 1463): HW_API: do_on for timeoutMs: 1000
02-11 21:59:34.261 E/SecVibrator-HAL-AIDL-CORE( 1463): HW_API: [triggerForceFeedbackVibration]on: 1
02-11 21:59:34.380 E/SecVibrator-HAL-AIDL-CORE( 1463): V_2_0: Vibrator off
02-11 21:59:34.380 E/SecVibrator-HAL-AIDL-CORE( 1463): HW_API: do_off
02-11 21:59:34.380 E/SecVibrator-HAL-AIDL-CORE( 1463): HW_API: [triggerForceFeedbackVibration]on: 0
02-11 21:59:34.449 E/SecVibrator-HAL-AIDL-EXT( 1463): V_5_0: performPrebakedHapticPattern 1 : 4000 : 0
02-11 21:59:34.449 E/SecVibrator-HAL-AIDL-CORE( 1463): HW_API: [setRepeatForForceFeedbackAw]repeat: 0
02-11 21:59:34.449 E/SecVibrator-HAL-AIDL-CORE( 1463): HW_API: [setForceFeedbackAmplitude]amplitude: 4000
02-11 21:59:34.450 E/SecVibrator-HAL-AIDL-CORE( 1463): HW_API: [uploadForceFeedbackeffect]ioctl success ,uploaded effect with ID: 0
02-11 21:59:34.450 E/SecVibrator-HAL-AIDL-CORE( 1463): HW_API: do_on for timeoutMs: 1000
02-11 21:59:34.450 E/SecVibrator-HAL-AIDL-CORE( 1463): HW_API: [triggerForceFeedbackVibration]on: 1
02-11 21:59:34.569 E/SecVibrator-HAL-AIDL-CORE( 1463): V_2_0: Vibrator off
02-11 21:59:34.570 E/SecVibrator-HAL-AIDL-CORE( 1463): HW_API: do_off
02-11 21:59:34.570 E/SecVibrator-HAL-AIDL-CORE( 1463): HW_API: [triggerForceFeedbackVibration]on: 0
02-11 21:59:34.815 E/HandwritingModeController( 1796): Cannot get requestId: Handwriting was not initialized.
02-11 21:59:34.821 E/SamsungAccount( 8427): [FamilyGroupUtil] getCountryCodeListWithRegionMcc - no country code with region mcc
02-11 21:59:34.825 E/SurfaceFlinger( 1481): alpha changed 1.000 -> 0.000 - com.sec.android.app.launcher/com.sec.android.app.launcher.activities.LauncherActivity$_23856#161421
02-11 21:59:34.831 E/SamsungAccount( 8427): [FamilyGroupUtil] getCountryCodeListWithRegionMcc - no country code with region mcc
02-11 21:59:34.841 E/SurfaceFlinger( 1481): alpha changed 1.000 -> 0.000 - Surface(name=TransientLaunchOverlayToken{870dd63 token=android.os.BinderProxy@2c3df92})/@0xc11f776_transition-leash#161423
02-11 21:59:34.841 E/SurfaceFlinger( 1481): alpha changed 1.000 -> 0.000 - Surface(name=Task=1)/@0x8508177_transition-leash#161424
02-11 21:59:34.846 E/SamsungAccount( 8427): [FamilyGroupUtil] getCountryCodeListWithRegionMcc - no country code with region mcc
02-11 21:59:34.858 E/SurfaceFlinger( 1481): alpha changed 0.000 -> 1.000 - Surface(name=TransientLaunchOverlayToken{870dd63 token=android.os.BinderProxy@2c3df92})/@0xc11f776_transition-leash#161423
02-11 21:59:34.858 E/SurfaceFlinger( 1481): alpha changed 0.000 -> 1.000 - Surface(name=Task=1)/@0x8508177_transition-leash#161424
02-11 21:59:34.860 E/SecVibrator-HAL-AIDL-EXT( 1463): V_5_0: performPrebakedHapticPattern 23 : 4000 : 0
02-11 21:59:34.860 E/SecVibrator-HAL-AIDL-CORE( 1463): HW_API: [setRepeatForForceFeedbackAw]repeat: 0
02-11 21:59:34.860 E/SecVibrator-HAL-AIDL-CORE( 1463): HW_API: [setForceFeedbackAmplitude]amplitude: 4000
02-11 21:59:34.861 E/SecVibrator-HAL-AIDL-CORE( 1463): HW_API: [uploadForceFeedbackeffect]ioctl success ,uploaded effect with ID: 0
02-11 21:59:34.861 E/SecVibrator-HAL-AIDL-CORE( 1463): HW_API: do_on for timeoutMs: 1000
02-11 21:59:34.861 E/SecVibrator-HAL-AIDL-CORE( 1463): HW_API: [triggerForceFeedbackVibration]on: 1
02-11 21:59:34.862 E/NativeCustomFrequencyManager( 1481): [NativeCFMS] BpCustomFrequencyManager::acquire()
02-11 21:59:34.865 E/SamsungAccount( 8427): [FamilyGroupUtil] getCountryCodeListWithRegionMcc - no country code with region mcc
02-11 21:59:34.873 E/SamsungAccount( 8427): [FamilyGroupUtil] getCountryCodeListWithRegionMcc - no country code with region mcc
02-11 21:59:34.876 E/SurfaceFlinger( 1481): Caller needs permission android.permission.WAKEUP_SURFACE_FLINGER to use eEarlyWakeup[Start|End] flags
02-11 21:59:34.884 E/SamsungAccount( 8427): [FamilyGroupUtil] getCountryCodeListWithRegionMcc - no country code with region mcc
02-11 21:59:34.980 E/SecVibrator-HAL-AIDL-CORE( 1463): V_2_0: Vibrator off
02-11 21:59:34.980 E/SecVibrator-HAL-AIDL-CORE( 1463): HW_API: do_off
02-11 21:59:34.980 E/SecVibrator-HAL-AIDL-CORE( 1463): HW_API: [triggerForceFeedbackVibration]on: 0
02-11 21:59:34.985 E/SurfaceFlinger( 1481): Caller needs permission android.permission.WAKEUP_SURFACE_FLINGER to use eEarlyWakeup[Start|End] flags
02-11 21:59:34.988 E/ThemeUtils( 3307): View class com.honeyspace.ui.common.iconview.IconViewImpl is an AppCompat widget that can only be used with a Theme.AppCompat theme (or descendant).
02-11 21:59:34.988 E/HoneySpace.BadgeIconDecoratorCreator( 3307): NameNotFoundException /#UserHandle{0}
02-11 21:59:34.989 E/ThemeUtils( 3307): View class com.honeyspace.ui.common.iconview.IconViewImpl is an AppCompat widget that can only be used with a Theme.AppCompat theme (or descendant).
02-11 21:59:34.989 E/HoneySpace.BadgeIconDecoratorCreator( 3307): NameNotFoundException /#UserHandle{0}
02-11 21:59:34.989 E/ThemeUtils( 3307): View class com.honeyspace.ui.common.iconview.IconViewImpl is an AppCompat widget that can only be used with a Theme.AppCompat theme (or descendant).
02-11 21:59:34.989 E/HoneySpace.BadgeIconDecoratorCreator( 3307): NameNotFoundException /#UserHandle{0}
02-11 21:59:34.990 E/ThemeUtils( 3307): View class com.honeyspace.ui.common.iconview.IconViewImpl is an AppCompat widget that can only be used with a Theme.AppCompat theme (or descendant).
02-11 21:59:34.990 E/HoneySpace.BadgeIconDecoratorCreator( 3307): NameNotFoundException /#UserHandle{0}
02-11 21:59:35.009 E/HandwritingModeController( 1796): Cannot get requestId: Handwriting was not initialized.
02-11 21:59:35.054 E/ConversionHelperAidl( 1473): Function: parseAndSetVendorParameters Line: 94 Failed 
02-11 21:59:35.452 E/pageboostd( 4551): Received HALT command code 2
02-11 21:59:35.491 E/SurfaceFlinger( 1481): alpha changed 1.000 -> 0.000 - Surface(name=Task=7580)/@0xb15d244_transition-leash#161432
02-11 21:59:35.497 E/WindowManager( 1796): win=Window{52726a9 u0 InputMethod} destroySurfaces: appStopped=true cleanupOnResume=false win.mWindowRemovalAllowed=false win.mRemoveOnExit=false win.mViewVisibility=8 caller=com.android.server.wm.WindowManagerService.tryStartExitingAnimation:134 com.android.server.wm.WindowManagerService.relayoutWindow:1147 com.android.server.wm.Session.relayout:27 android.view.IWindowSession$Stub.onTransact:829 com.android.server.wm.Session.onTransact:1 android.os.Binder.execTransactInternal:1457 android.os.Binder.execTransact:1401 
02-11 21:59:35.507 E/SurfaceFlinger( 1481): alpha changed 1.000 -> 0.000 - Surface(name=52726a9 InputMethod)/@0x71e9bcf - animation-leash of insets_animation#161433
02-11 21:59:35.578 E/TransitionChain( 1796): Can't collect into a chain with no transition
02-11 21:59:35.583 E/cr_CompositorSurfaceMgr(16755): surfaceDestroyed format : -3
02-11 21:59:35.591 E/SurfaceFlinger( 1481): alpha changed 0.000 -> 1.000 - Surface(name=Task=7580)/@0xb15d244_transition-leash#161432
02-11 21:59:35.609 E/SamsungAccount( 8427): [FamilyGroupUtil] getCountryCodeListWithRegionMcc - no country code with region mcc
02-11 21:59:35.613 E/WindowManager( 1796): win=Window{2729b54 u0 com.sec.android.app.launcher/com.sec.android.app.launcher.activities.LauncherActivity} destroySurfaces: appStopped=true cleanupOnResume=false win.mWindowRemovalAllowed=false win.mRemoveOnExit=false win.mViewVisibility=4 caller=com.android.server.wm.ActivityRecord.destroySurfaces:25 com.android.server.wm.ActivityRecord.activityStopped:192 com.android.server.wm.ActivityClientController.activityStopped:97 android.app.IActivityClientController$Stub.onTransact:726 com.android.server.wm.ActivityClientController.onTransact:1 android.os.Binder.execTransactInternal:1462 android.os.Binder.execTransact:1401 
02-11 21:59:35.615 E/SurfaceFlinger( 1481): alpha changed 1.000 -> 0.000 - Surface(name=52726a9 InputMethod)/@0x71e9bcf - animation-leash of insets_animation#161434
02-11 21:59:35.619 E/WindowManager( 1796): win=Window{fa1bfd4 u0 com.sec.android.app.launcher/com.sec.android.app.launcher.activities.LauncherActivity} destroySurfaces: appStopped=true cleanupOnResume=false win.mWindowRemovalAllowed=false win.mRemoveOnExit=false win.mViewVisibility=8 caller=com.android.server.wm.WindowManagerService.tryStartExitingAnimation:134 com.android.server.wm.WindowManagerService.relayoutWindow:1147 com.android.server.wm.Session.relayout:27 android.view.IWindowSession$Stub.onTransact:829 com.android.server.wm.Session.onTransact:1 android.os.Binder.execTransactInternal:1457 android.os.Binder.execTransact:1401 
02-11 21:59:35.649 E/AtomicFile(16755): Failed to sync file output stream
02-11 21:59:35.657 E/WindowManager( 1796): win=Window{64c9a14 u0 com.android.chrome/org.chromium.chrome.browser.ChromeTabbedActivity} destroySurfaces: appStopped=true cleanupOnResume=false win.mWindowRemovalAllowed=false win.mRemoveOnExit=false win.mViewVisibility=8 caller=com.android.server.wm.ActivityRecord.destroySurfaces:25 com.android.server.wm.ActivityRecord.activityStopped:192 com.android.server.wm.ActivityClientController.activityStopped:97 android.app.IActivityClientController$Stub.onTransact:726 com.android.server.wm.ActivityClientController.onTransact:1 android.os.Binder.execTransactInternal:1462 android.os.Binder.execTransact:1401 
02-11 21:59:36.515 E/SurfaceFlinger( 1481): alpha changed 1.000 -> 0.000 - Surface(name=Task=8445)/@0xeaca80b_transition-leash#161438
02-11 21:59:36.515 E/SurfaceFlinger( 1481): alpha changed 0.000 -> 0.000 - Surface(name=Task=8445)/@0xeaca80b_transition-leash#161438
02-11 21:59:36.540 E/SurfaceFlinger( 1481): alpha changed 0.000 -> 1.000 - Surface(name=Task=8445)/@0xeaca80b_transition-leash#161438
02-11 21:59:36.543 E/NativeCustomFrequencyManager( 1481): [NativeCFMS] BpCustomFrequencyManager::acquire()
02-11 21:59:36.686 E/FileAttributes(28712): Couldn't decode attribute ProjectorClientService.request_id
02-11 21:59:36.686 E/FileAttributes(28712): Couldn't decode attribute fab-options
02-11 21:59:36.686 E/FileAttributes(28712): Couldn't decode attribute display-mimetype
02-11 21:59:36.687 E/FileAttributes(28712): Couldn't decode attribute download-mimetype
02-11 21:59:36.687 E/FileAttributes(28712): Couldn't decode attribute partial-first-file-info
02-11 21:59:36.687 E/FileAttributes(28712): Couldn't decode attribute drive-token-source
02-11 21:59:36.687 E/FileAttributes(28712): Couldn't decode attribute resource-id
02-11 21:59:36.687 E/FileAttributes(28712): Couldn't decode attribute local-editing-icon-resource-id
02-11 21:59:36.687 E/FileAttributes(28712): Couldn't decode attribute abuse-notice-reason
02-11 21:59:36.687 E/FileAttributes(28712): Couldn't decode attribute cse_preview_enabled
02-11 21:59:36.687 E/FileAttributes(28712): Couldn't decode attribute chip-attribute
02-11 21:59:36.687 E/FileAttributes(28712): Couldn't decode attribute item-id
02-11 21:59:36.690 E/SurfaceFlinger( 1481): alpha changed 1.000 -> 0.000 - Surface(name=52726a9 InputMethod)/@0x71e9bcf - animation-leash of insets_animation#161443
02-11 21:59:36.696 E/SamsungAccount( 8427): [FamilyGroupUtil] getCountryCodeListWithRegionMcc - no country code with region mcc
02-11 21:59:36.821 E/AtomicFile( 6945): Failed to rename /data/user_de/0/com.samsung.android.honeyboard/files/selected.json.new to /data/user_de/0/com.samsung.android.honeyboard/files/selected.json
02-11 21:59:36.821 E/AtomicFile( 6945): Failed to rename /data/user_de/0/com.samsung.android.honeyboard/files/selected.json.new to /data/user_de/0/com.samsung.android.honeyboard/files/selected.json
02-11 21:59:36.913 E/WindowManager( 1796): win=Window{e872431 u0 com.sec.android.app.launcher/com.android.quickstep.RecentsActivity} destroySurfaces: appStopped=true cleanupOnResume=false win.mWindowRemovalAllowed=false win.mRemoveOnExit=false win.mViewVisibility=8 caller=com.android.server.wm.ActivityRecord.destroySurfaces:25 com.android.server.wm.ActivityRecord.activityStopped:192 com.android.server.wm.ActivityClientController.activityStopped:97 android.app.IActivityClientController$Stub.onTransact:726 com.android.server.wm.ActivityClientController.onTransact:1 android.os.Binder.execTransactInternal:1462 android.os.Binder.execTransact:1401 
02-11 21:59:36.916 E/WindowManager( 1796): win=Window{ed103bc u0 SnapshotStartingWindow for taskId=8445 EXITING} destroySurfaces: appStopped=false cleanupOnResume=false win.mWindowRemovalAllowed=true win.mRemoveOnExit=true win.mViewVisibility=0 caller=com.android.server.wm.WindowState.onExitAnimationDone:224 com.android.server.wm.WindowState.onAnimationFinished:161 com.android.server.wm.WindowContainer$$ExternalSyntheticLambda8.onAnimationFinished:3 com.android.server.wm.SurfaceAnimator$$ExternalSyntheticLambda0.onAnimationFinished:69 com.android.server.wm.LocalAnimationAdapter$$ExternalSyntheticLambda0.run:10 android.os.Handler.handleCallback:995 android.os.Handler.dispatchMessage:103 
02-11 21:59:36.923 E/SurfaceFlinger( 1481): alpha changed 0.053 -> 0.000 - Surface(name=ed103bc SnapshotStartingWindow for taskId=8445)/@0x9303081 - animation-leash of window_animation#161444
02-11 21:59:37.036 E/WifiStaIfaceAidlImpl( 1796): getCachedScanData failed with service-specific exception: android.os.ServiceSpecificException:  (code 4)
02-11 21:59:39.238 E/msys    (15100): E[N mns]_OnDiskCacheGetData(632)=>Start post callback cache refresh DNS resolution
02-11 21:59:39.264 E/msys    (15100): E[N mns]_LogError(228)=>Failed to resolve using system DNS resolver, getaddrinfo(): No address associated with hostname
02-11 21:59:39.264 E/msys    (15100): E[N mns]_OnDiskCacheGetData(632)=>Start post callback cache refresh DNS resolution
02-11 21:59:39.270 E/msys    (15100): E[N mns]_LogError(228)=>Failed to resolve using system DNS resolver, getaddrinfo(): No address associated with hostname
02-11 21:59:39.463 E/TaskPersister( 1796): File error accessing recents directory (directory doesn't exist?).
02-11 21:59:39.549 E/HwcComposer( 1481): getLuts failed Status(-129, EX_TRANSACTION_FAILED): 'UNKNOWN_TRANSACTION: '
02-11 21:59:39.904 E/msys    (15100): E[N mns]_OnDiskCacheGetData(632)=>Start post callback cache refresh DNS resolution
02-11 21:59:39.917 E/msys    (15100): E[N mns]_LogError(228)=>Failed to resolve using system DNS resolver, getaddrinfo(): No address associated with hostname
02-11 21:59:39.966 E/msys    (15100): E[N mns]_OnDiskCacheGetData(632)=>Start post callback cache refresh DNS resolution
02-11 21:59:39.988 E/msys    (15100): E[N mns]_LogError(228)=>Failed to resolve using system DNS resolver, getaddrinfo(): No address associated with hostname
02-11 21:59:40.063 E/WifiStaIfaceAidlImpl( 1796): getCachedScanData failed with service-specific exception: android.os.ServiceSpecificException:  (code 4)
02-11 21:59:40.558 E/ashmem  (21722): Pinning is deprecated since Android Q. Please use trim or other methods.
02-11 21:59:40.649 E/ogi     (21722): [Gmail] NotificationSyncDebugger: onChimeTickleReceived: Failed to update notification proto data store.
02-11 21:59:40.649 E/ogi     (21722): java.io.IOException: Inoperable file: canonical[/data/data/com.google.android.gm/files/email_notification_timestamp/shared/EmailNotificationTimestamp.pb] freeSpace[139787718656] protoName[EmailNotificationTimestamp] mode[33152]
02-11 21:59:40.649 E/ogi     (21722): 	at aris.dy(PG:97)
02-11 21:59:40.649 E/ogi     (21722): 	at aris.dz(PG:36)
02-11 21:59:40.649 E/ogi     (21722): 	at aris.du(PG:39)
02-11 21:59:40.649 E/ogi     (21722): 	at aryg.b(PG:95)
02-11 21:59:40.649 E/ogi     (21722): 	at zhr.a(PG:73)
02-11 21:59:40.649 E/ogi     (21722): 	at bowl.a(PG:62)
02-11 21:59:40.649 E/ogi     (21722): 	at bowl.a(PG:34)
02-11 21:59:40.649 E/ogi     (21722): 	at btly.a(PG:3)
02-11 21:59:40.649 E/ogi     (21722): 	at btle.run(PG:19)
02-11 21:59:40.649 E/ogi     (21722): 	at btma.run(PG:5)
02-11 21:59:40.649 E/ogi     (21722): 	at btkj.run(PG:17)
02-11 21:59:40.649 E/ogi     (21722): 	at btlr.run(PG:196)
02-11 21:59:40.649 E/ogi     (21722): 	at akfm.run(PG:7)
02-11 21:59:40.649 E/ogi     (21722): 	at java.util.concurrent.ThreadPoolExecutor.runWorker(ThreadPoolExecutor.java:1156)
02-11 21:59:40.649 E/ogi     (21722): 	at java.util.concurrent.ThreadPoolExecutor$Worker.run(ThreadPoolExecutor.java:651)
02-11 21:59:40.649 E/ogi     (21722): 	at xem.run(PG:27)
02-11 21:59:40.649 E/ogi     (21722): 	at java.lang.Thread.run(Thread.java:1119)
02-11 21:59:40.649 E/ogi     (21722): 	at akgd.run(PG:61)
02-11 21:59:40.649 E/ogi     (21722): Caused by: bxpl: Protocol message end-group tag did not match expected tag.
