02-11 21:50:51.543 E/NotifHistoryProto( 1796): 	at com.android.server.notification.NotificationManagerService.cancelNotificationLocked(qb/105196903 9f38fc1ce7a93800a4cb7aab7d961056d28113a8811dc2091b8cbd2ba3634ae9:836)
02-11 21:50:51.543 E/NotifHistoryProto( 1796): 	at com.android.server.notification.NotificationManagerService$CancelNotificationRunnable.run(qb/105196903 9f38fc1ce7a93800a4cb7aab7d961056d28113a8811dc2091b8cbd2ba3634ae9:212)
02-11 21:50:51.543 E/NotifHistoryProto( 1796): 	at android.os.Handler.handleCallback(Handler.java:995)
02-11 21:50:51.543 E/NotifHistoryProto( 1796): 	at android.os.Handler.dispatchMessage(Handler.java:103)
02-11 21:50:51.543 E/NotifHistoryProto( 1796): 	at android.os.Looper.loopOnce(Looper.java:273)
02-11 21:50:51.543 E/NotifHistoryProto( 1796): 	at android.os.Looper.loop(Looper.java:363)
02-11 21:50:51.543 E/NotifHistoryProto( 1796): 	at com.android.server.SystemServer.main(qb/105196903 9f38fc1ce7a93800a4cb7aab7d961056d28113a8811dc2091b8cbd2ba3634ae9:867)
02-11 21:50:51.543 E/NotifHistoryProto( 1796): 	at java.lang.reflect.Method.invoke(Native Method)
02-11 21:50:51.543 E/NotifHistoryProto( 1796): 	at com.android.internal.os.RuntimeInit$MethodAndArgsCaller.run(RuntimeInit.java:632)
02-11 21:50:51.543 E/NotifHistoryProto( 1796): 	at com.android.internal.os.ZygoteInit.main(ZygoteInit.java:953)
02-11 21:50:52.072 E/WindowManager( 1796): win=Window{f2df67b u0 com.whatsapp/com.whatsapp.home.ui.HomeActivity} destroySurfaces: appStopped=true cleanupOnResume=false win.mWindowRemovalAllowed=false win.mRemoveOnExit=false win.mViewVisibility=8 caller=com.android.server.wm.ActivityRecord.destroySurfaces:25 com.android.server.wm.ActivityRecord.activityStopped:192 com.android.server.wm.ActivityClientController.activityStopped:97 android.app.IActivityClientController$Stub.onTransact:726 com.android.server.wm.ActivityClientController.onTransact:1 android.os.Binder.execTransactInternal:1462 android.os.Binder.execTransact:1401 
02-11 21:50:53.076 E/WindowManager( 1796): win=Window{a3d60f4 u0 com.whatsapp/com.whatsapp.Conversation} destroySurfaces: appStopped=true cleanupOnResume=false win.mWindowRemovalAllowed=false win.mRemoveOnExit=false win.mViewVisibility=8 caller=com.android.server.wm.ActivityRecord.destroySurfaces:25 com.android.server.wm.ActivityRecord.activityStopped:192 com.android.server.wm.ActivityClientController.activityStopped:97 android.app.IActivityClientController$Stub.onTransact:726 com.android.server.wm.ActivityClientController.onTransact:1 android.os.Binder.execTransactInternal:1462 android.os.Binder.execTransact:1401 
02-11 21:50:53.551 E/WindowManager( 1796): win=Window{c3e7cca u0 com.instagram.android/com.instagram.android.activity.MainTabActivity} destroySurfaces: appStopped=true cleanupOnResume=false win.mWindowRemovalAllowed=false win.mRemoveOnExit=false win.mViewVisibility=4 caller=com.android.server.wm.ActivityRecord.destroySurfaces:25 com.android.server.wm.ActivityRecord.activityStopped:192 com.android.server.wm.ActivityClientController.activityStopped:97 android.app.IActivityClientController$Stub.onTransact:726 com.android.server.wm.ActivityClientController.onTransact:1 android.os.Binder.execTransactInternal:1462 android.os.Binder.execTransact:1401 
02-11 21:50:54.930 E/TaskPersister( 1796): File error accessing recents directory (directory doesn't exist?).
02-11 21:51:01.902 E/HandwritingModeController( 1796): Cannot get requestId: Handwriting was not initialized.
02-11 21:51:03.175 E/WindowManager( 1796): win=Window{fa1bfd4 u0 com.sec.android.app.launcher/com.sec.android.app.launcher.activities.LauncherActivity} destroySurfaces: appStopped=true cleanupOnResume=false win.mWindowRemovalAllowed=false win.mRemoveOnExit=false win.mViewVisibility=8 caller=com.android.server.wm.ActivityRecord.destroySurfaces:25 com.android.server.wm.ActivityRecord.activityStopped:192 com.android.server.wm.ActivityClientController.activityStopped:97 android.app.IActivityClientController$Stub.onTransact:726 com.android.server.wm.ActivityClientController.onTransact:1 android.os.Binder.execTransactInternal:1462 android.os.Binder.execTransact:1401 
02-11 21:51:03.176 E/WindowManager( 1796): win=Window{2729b54 u0 com.sec.android.app.launcher/com.sec.android.app.launcher.activities.LauncherActivity} destroySurfaces: appStopped=true cleanupOnResume=false win.mWindowRemovalAllowed=false win.mRemoveOnExit=false win.mViewVisibility=8 caller=com.android.server.wm.ActivityRecord.destroySurfaces:25 com.android.server.wm.ActivityRecord.activityStopped:192 com.android.server.wm.ActivityClientController.activityStopped:97 android.app.IActivityClientController$Stub.onTransact:726 com.android.server.wm.ActivityClientController.onTransact:1 android.os.Binder.execTransactInternal:1462 android.os.Binder.execTransact:1401 
02-11 21:51:06.141 E/TaskPersister( 1796): File error accessing recents directory (directory doesn't exist?).
02-11 21:51:07.069 E/HandwritingModeController( 1796): Cannot get requestId: Handwriting was not initialized.
02-11 21:51:07.454 E/HandwritingModeController( 1796): Cannot get requestId: Handwriting was not initialized.
02-11 21:51:08.006 E/TransitionChain( 1796): Can't collect into a chain with no transition
02-11 21:51:08.043 E/WindowManager( 1796): win=Window{2729b54 u0 com.sec.android.app.launcher/com.sec.android.app.launcher.activities.LauncherActivity} destroySurfaces: appStopped=true cleanupOnResume=false win.mWindowRemovalAllowed=false win.mRemoveOnExit=false win.mViewVisibility=4 caller=com.android.server.wm.ActivityRecord.destroySurfaces:25 com.android.server.wm.ActivityRecord.activityStopped:192 com.android.server.wm.ActivityClientController.activityStopped:97 android.app.IActivityClientController$Stub.onTransact:726 com.android.server.wm.ActivityClientController.onTransact:1 android.os.Binder.execTransactInternal:1462 android.os.Binder.execTransact:1401 
02-11 21:51:08.050 E/WindowManager( 1796): win=Window{34f0375 u0 com.instagram.android/com.instagram.urlhandlers.clips.ClipsUrlHandlerActivity} destroySurfaces: appStopped=true cleanupOnResume=false win.mWindowRemovalAllowed=false win.mRemoveOnExit=false win.mViewVisibility=8 caller=com.android.server.wm.ActivityRecord.destroySurfaces:25 com.android.server.wm.ActivityRecord.activityStopped:192 com.android.server.wm.ActivityClientController.activityStopped:97 android.app.IActivityClientController$Stub.onTransact:726 com.android.server.wm.ActivityClientController.onTransact:1 android.os.Binder.execTransactInternal:1462 android.os.Binder.execTransact:1401 
02-11 21:51:08.054 E/WindowManager( 1796): win=Window{fa1bfd4 u0 com.sec.android.app.launcher/com.sec.android.app.launcher.activities.LauncherActivity} destroySurfaces: appStopped=true cleanupOnResume=false win.mWindowRemovalAllowed=false win.mRemoveOnExit=false win.mViewVisibility=8 caller=com.android.server.wm.WindowManagerService.tryStartExitingAnimation:134 com.android.server.wm.WindowManagerService.relayoutWindow:1147 com.android.server.wm.Session.relayout:27 android.view.IWindowSession$Stub.onTransact:829 com.android.server.wm.Session.onTransact:1 android.os.Binder.execTransactInternal:1457 android.os.Binder.execTransact:1401 
02-11 21:51:08.345 E/TaskPersister( 1796): File error accessing recents directory (directory doesn't exist?).
02-11 21:51:08.710 E/WindowManager( 1796): win=Window{6f1cdcd u0 SnapshotStartingWindow for taskId=8450 EXITING} destroySurfaces: appStopped=false cleanupOnResume=false win.mWindowRemovalAllowed=true win.mRemoveOnExit=true win.mViewVisibility=0 caller=com.android.server.wm.WindowState.onExitAnimationDone:224 com.android.server.wm.WindowState.onAnimationFinished:161 com.android.server.wm.WindowContainer$$ExternalSyntheticLambda8.onAnimationFinished:3 com.android.server.wm.SurfaceAnimator$$ExternalSyntheticLambda0.onAnimationFinished:69 com.android.server.wm.LocalAnimationAdapter$$ExternalSyntheticLambda0.run:10 android.os.Handler.handleCallback:995 android.os.Handler.dispatchMessage:103 
02-11 21:51:08.779 E/WindowManager( 1796): win=Window{e872431 u0 com.sec.android.app.launcher/com.android.quickstep.RecentsActivity} destroySurfaces: appStopped=true cleanupOnResume=false win.mWindowRemovalAllowed=false win.mRemoveOnExit=false win.mViewVisibility=8 caller=com.android.server.wm.ActivityRecord.destroySurfaces:25 com.android.server.wm.ActivityRecord.activityStopped:192 com.android.server.wm.ActivityClientController.activityStopped:97 android.app.IActivityClientController$Stub.onTransact:726 com.android.server.wm.ActivityClientController.onTransact:1 android.os.Binder.execTransactInternal:1462 android.os.Binder.execTransact:1401 
02-11 21:51:11.878 E/TaskPersister( 1796): File error accessing recents directory (directory doesn't exist?).
02-11 21:51:17.204 E/SDHMS:i ( 6032): e = /sys/class/rtc/rtc0/date: open failed: EACCES (Permission denied)
02-11 21:51:17.205 E/SDHMS:i ( 6032): e = /sys/class/rtc/rtc0/time: open failed: EACCES (Permission denied)
02-11 21:51:17.205 E/SDHMS:i ( 6032): e = /sys/class/rtc/rtc0/since_epoch: open failed: EACCES (Permission denied)
02-11 21:51:19.965 E/Watchdog( 1796): !@Sync: 7989 heap(MB): 170 / 204 FD: 1619 [2026-02-11 21:51:19.965]
02-11 21:51:28.725 E/WindowManager( 1796): win=Window{4b6c0b8 u0 BackPanelController} destroySurfaces: appStopped=true cleanupOnResume=false win.mWindowRemovalAllowed=false win.mRemoveOnExit=false win.mViewVisibility=8 caller=com.android.server.wm.WindowManagerService.tryStartExitingAnimation:134 com.android.server.wm.WindowManagerService.relayoutWindow:1147 com.android.server.wm.Session.relayout:27 android.view.IWindowSession$Stub.onTransact:829 com.android.server.wm.Session.onTransact:1 android.os.Binder.execTransactInternal:1462 android.os.Binder.execTransact:1401 
02-11 21:51:29.064 E/WindowManager( 1796): win=Window{52726a9 u0 InputMethod} destroySurfaces: appStopped=true cleanupOnResume=false win.mWindowRemovalAllowed=false win.mRemoveOnExit=false win.mViewVisibility=8 caller=com.android.server.wm.WindowManagerService.tryStartExitingAnimation:134 com.android.server.wm.WindowManagerService.relayoutWindow:1147 com.android.server.wm.Session.relayout:27 android.view.IWindowSession$Stub.onTransact:829 com.android.server.wm.Session.onTransact:1 android.os.Binder.execTransactInternal:1457 android.os.Binder.execTransact:1401 
02-11 21:51:29.111 E/WindowManager( 1796): win=Window{4b6c0b8 u0 BackPanelController} destroySurfaces: appStopped=true cleanupOnResume=false win.mWindowRemovalAllowed=false win.mRemoveOnExit=false win.mViewVisibility=8 caller=com.android.server.wm.WindowManagerService.tryStartExitingAnimation:134 com.android.server.wm.WindowManagerService.relayoutWindow:1147 com.android.server.wm.Session.relayout:27 android.view.IWindowSession$Stub.onTransact:829 com.android.server.wm.Session.onTransact:1 android.os.Binder.execTransactInternal:1462 android.os.Binder.execTransact:1401 
02-11 21:51:30.798 E/HandwritingModeController( 1796): Cannot get requestId: Handwriting was not initialized.
02-11 21:51:31.020 E/HandwritingModeController( 1796): Cannot get requestId: Handwriting was not initialized.
02-11 21:51:31.581 E/TransitionChain( 1796): Can't collect into a chain with no transition
02-11 21:51:31.618 E/WindowManager( 1796): win=Window{2729b54 u0 com.sec.android.app.launcher/com.sec.android.app.launcher.activities.LauncherActivity} destroySurfaces: appStopped=true cleanupOnResume=false win.mWindowRemovalAllowed=false win.mRemoveOnExit=false win.mViewVisibility=4 caller=com.android.server.wm.ActivityRecord.destroySurfaces:25 com.android.server.wm.ActivityRecord.activityStopped:192 com.android.server.wm.ActivityClientController.activityStopped:97 android.app.IActivityClientController$Stub.onTransact:726 com.android.server.wm.ActivityClientController.onTransact:1 android.os.Binder.execTransactInternal:1462 android.os.Binder.execTransact:1401 
02-11 21:51:31.631 E/WindowManager( 1796): win=Window{fa1bfd4 u0 com.sec.android.app.launcher/com.sec.android.app.launcher.activities.LauncherActivity} destroySurfaces: appStopped=true cleanupOnResume=false win.mWindowRemovalAllowed=false win.mRemoveOnExit=false win.mViewVisibility=8 caller=com.android.server.wm.WindowManagerService.tryStartExitingAnimation:134 com.android.server.wm.WindowManagerService.relayoutWindow:1147 com.android.server.wm.Session.relayout:27 android.view.IWindowSession$Stub.onTransact:829 com.android.server.wm.Session.onTransact:1 android.os.Binder.execTransactInternal:1457 android.os.Binder.execTransact:1401 
02-11 21:51:31.639 E/WindowManager( 1796): win=Window{f2df67b u0 com.whatsapp/com.whatsapp.home.ui.HomeActivity} destroySurfaces: appStopped=true cleanupOnResume=false win.mWindowRemovalAllowed=false win.mRemoveOnExit=false win.mViewVisibility=8 caller=com.android.server.wm.ActivityRecord.destroySurfaces:25 com.android.server.wm.ActivityRecord.activityStopped:192 com.android.server.wm.ActivityClientController.activityStopped:97 android.app.IActivityClientController$Stub.onTransact:726 com.android.server.wm.ActivityClientController.onTransact:1 android.os.Binder.execTransactInternal:1462 android.os.Binder.execTransact:1401 
02-11 21:51:32.429 E/WindowManager( 1796): win=Window{e872431 u0 com.sec.android.app.launcher/com.android.quickstep.RecentsActivity} destroySurfaces: appStopped=true cleanupOnResume=false win.mWindowRemovalAllowed=false win.mRemoveOnExit=false win.mViewVisibility=8 caller=com.android.server.wm.ActivityRecord.destroySurfaces:25 com.android.server.wm.ActivityRecord.activityStopped:192 com.android.server.wm.ActivityClientController.activityStopped:97 android.app.IActivityClientController$Stub.onTransact:726 com.android.server.wm.ActivityClientController.onTransact:1 android.os.Binder.execTransactInternal:1462 android.os.Binder.execTransact:1401 
02-11 21:51:32.444 E/WindowManager( 1796): win=Window{78fdfa4 u0 SnapshotStartingWindow for taskId=8447 EXITING} destroySurfaces: appStopped=false cleanupOnResume=false win.mWindowRemovalAllowed=true win.mRemoveOnExit=true win.mViewVisibility=0 caller=com.android.server.wm.WindowState.onExitAnimationDone:224 com.android.server.wm.WindowState.onAnimationFinished:161 com.android.server.wm.WindowContainer$$ExternalSyntheticLambda8.onAnimationFinished:3 com.android.server.wm.SurfaceAnimator$$ExternalSyntheticLambda0.onAnimationFinished:69 com.android.server.wm.LocalAnimationAdapter$$ExternalSyntheticLambda0.run:10 android.os.Handler.handleCallback:995 android.os.Handler.dispatchMessage:103 
02-11 21:51:32.904 E/TaskPersister( 1796): File error accessing recents directory (directory doesn't exist?).
02-11 21:51:49.278 E/WindowManager( 1796): win=Window{52726a9 u0 InputMethod} destroySurfaces: appStopped=true cleanupOnResume=false win.mWindowRemovalAllowed=false win.mRemoveOnExit=false win.mViewVisibility=8 caller=com.android.server.wm.WindowManagerService.tryStartExitingAnimation:134 com.android.server.wm.WindowManagerService.relayoutWindow:1147 com.android.server.wm.Session.relayout:27 android.view.IWindowSession$Stub.onTransact:829 com.android.server.wm.Session.onTransact:1 android.os.Binder.execTransactInternal:1457 android.os.Binder.execTransact:1401 
02-11 21:51:49.983 E/Watchdog( 1796): !@Sync: 7990 heap(MB): 202 / 204 FD: 1630 [2026-02-11 21:51:49.982]
02-11 21:51:53.769 E/NotificationService( 1796): notification real name Exception
02-11 21:51:53.769 E/NotificationService( 1796): java.lang.NullPointerException: Attempt to invoke virtual method 'boolean com.android.server.notification.sec.NotificationRealNamePolicy.checkAllowedNotification(android.service.notification.StatusBarNotification)' on a null object reference
02-11 21:51:53.769 E/NotificationService( 1796): 	at com.android.server.notification.NotificationManagerService.enqueueNotificationInternal(qb/105196903 9f38fc1ce7a93800a4cb7aab7d961056d28113a8811dc2091b8cbd2ba3634ae9:124)
02-11 21:51:53.769 E/NotificationService( 1796): 	at com.android.server.notification.NotificationManagerService.enqueueNotificationInternal(qb/105196903 9f38fc1ce7a93800a4cb7aab7d961056d28113a8811dc2091b8cbd2ba3634ae9:2)
02-11 21:51:53.769 E/NotificationService( 1796): 	at com.android.server.notification.NotificationManagerService$17.enqueueNotificationWithTag(qb/105196903 9f38fc1ce7a93800a4cb7aab7d961056d28113a8811dc2091b8cbd2ba3634ae9:97)
02-11 21:51:53.769 E/NotificationService( 1796): 	at android.app.INotificationManager$Stub.onTransact(INotificationManager.java:2027)
02-11 21:51:53.769 E/NotificationService( 1796): 	at android.os.Binder.execTransactInternal(Binder.java:1462)
02-11 21:51:53.769 E/NotificationService( 1796): 	at android.os.Binder.execTransact(Binder.java:1401)
02-11 21:51:53.772 E/NotificationService( 1796): notification real name Exception
02-11 21:51:53.772 E/NotificationService( 1796): java.lang.NullPointerException: Attempt to invoke virtual method 'boolean com.android.server.notification.sec.NotificationRealNamePolicy.checkAllowedNotification(android.service.notification.StatusBarNotification)' on a null object reference
02-11 21:51:53.772 E/NotificationService( 1796): 	at com.android.server.notification.NotificationManagerService.enqueueNotificationInternal(qb/105196903 9f38fc1ce7a93800a4cb7aab7d961056d28113a8811dc2091b8cbd2ba3634ae9:124)
02-11 21:51:53.772 E/NotificationService( 1796): 	at com.android.server.notification.NotificationManagerService.enqueueNotificationInternal(qb/105196903 9f38fc1ce7a93800a4cb7aab7d961056d28113a8811dc2091b8cbd2ba3634ae9:2)
02-11 21:51:53.772 E/NotificationService( 1796): 	at com.android.server.notification.NotificationManagerService$17.enqueueNotificationWithTag(qb/105196903 9f38fc1ce7a93800a4cb7aab7d961056d28113a8811dc2091b8cbd2ba3634ae9:97)
02-11 21:51:53.772 E/NotificationService( 1796): 	at android.app.INotificationManager$Stub.onTransact(INotificationManager.java:2027)
02-11 21:51:53.772 E/NotificationService( 1796): 	at android.os.Binder.execTransactInternal(Binder.java:1462)
02-11 21:51:53.772 E/NotificationService( 1796): 	at android.os.Binder.execTransact(Binder.java:1401)
02-11 21:52:03.163 E/HandwritingModeController( 1796): Cannot get requestId: Handwriting was not initialized.
02-11 21:52:03.331 E/HandwritingModeController( 1796): Cannot get requestId: Handwriting was not initialized.
02-11 21:52:03.402 E/WindowManager( 1796): win=Window{52726a9 u0 InputMethod} destroySurfaces: appStopped=true cleanupOnResume=false win.mWindowRemovalAllowed=false win.mRemoveOnExit=false win.mViewVisibility=8 caller=com.android.server.wm.WindowManagerService.tryStartExitingAnimation:134 com.android.server.wm.WindowManagerService.relayoutWindow:1147 com.android.server.wm.Session.relayout:27 android.view.IWindowSession$Stub.onTransact:829 com.android.server.wm.Session.onTransact:1 android.os.Binder.execTransactInternal:1457 android.os.Binder.execTransact:1401 
02-11 21:52:03.890 E/TransitionChain( 1796): Can't collect into a chain with no transition
02-11 21:52:03.926 E/WindowManager( 1796): win=Window{2729b54 u0 com.sec.android.app.launcher/com.sec.android.app.launcher.activities.LauncherActivity} destroySurfaces: appStopped=true cleanupOnResume=false win.mWindowRemovalAllowed=false win.mRemoveOnExit=false win.mViewVisibility=4 caller=com.android.server.wm.ActivityRecord.destroySurfaces:25 com.android.server.wm.ActivityRecord.activityStopped:192 com.android.server.wm.ActivityClientController.activityStopped:97 android.app.IActivityClientController$Stub.onTransact:726 com.android.server.wm.ActivityClientController.onTransact:1 android.os.Binder.execTransactInternal:1462 android.os.Binder.execTransact:1401 
02-11 21:52:03.941 E/WindowManager( 1796): win=Window{fa1bfd4 u0 com.sec.android.app.launcher/com.sec.android.app.launcher.activities.LauncherActivity} destroySurfaces: appStopped=true cleanupOnResume=false win.mWindowRemovalAllowed=false win.mRemoveOnExit=false win.mViewVisibility=8 caller=com.android.server.wm.WindowManagerService.tryStartExitingAnimation:134 com.android.server.wm.WindowManagerService.relayoutWindow:1147 com.android.server.wm.Session.relayout:27 android.view.IWindowSession$Stub.onTransact:829 com.android.server.wm.Session.onTransact:1 android.os.Binder.execTransactInternal:1457 android.os.Binder.execTransact:1401 
02-11 21:52:03.965 E/WindowManager( 1796): win=Window{64c9a14 u0 com.android.chrome/org.chromium.chrome.browser.ChromeTabbedActivity} destroySurfaces: appStopped=true cleanupOnResume=false win.mWindowRemovalAllowed=false win.mRemoveOnExit=false win.mViewVisibility=8 caller=com.android.server.wm.ActivityRecord.destroySurfaces:25 com.android.server.wm.ActivityRecord.activityStopped:192 com.android.server.wm.ActivityClientController.activityStopped:97 android.app.IActivityClientController$Stub.onTransact:726 com.android.server.wm.ActivityClientController.onTransact:1 android.os.Binder.execTransactInternal:1462 android.os.Binder.execTransact:1401 
02-11 21:52:04.673 E/WindowManager( 1796): win=Window{e872431 u0 com.sec.android.app.launcher/com.android.quickstep.RecentsActivity} destroySurfaces: appStopped=true cleanupOnResume=false win.mWindowRemovalAllowed=false win.mRemoveOnExit=false win.mViewVisibility=8 caller=com.android.server.wm.ActivityRecord.destroySurfaces:25 com.android.server.wm.ActivityRecord.activityStopped:192 com.android.server.wm.ActivityClientController.activityStopped:97 android.app.IActivityClientController$Stub.onTransact:726 com.android.server.wm.ActivityClientController.onTransact:1 android.os.Binder.execTransactInternal:1462 android.os.Binder.execTransact:1401 
02-11 21:52:04.738 E/WindowManager( 1796): win=Window{49ccb80 u0 SnapshotStartingWindow for taskId=8445 EXITING} destroySurfaces: appStopped=false cleanupOnResume=false win.mWindowRemovalAllowed=true win.mRemoveOnExit=true win.mViewVisibility=0 caller=com.android.server.wm.WindowState.onExitAnimationDone:224 com.android.server.wm.WindowState.onAnimationFinished:161 com.android.server.wm.WindowContainer$$ExternalSyntheticLambda8.onAnimationFinished:3 com.android.server.wm.SurfaceAnimator$$ExternalSyntheticLambda0.onAnimationFinished:69 com.android.server.wm.LocalAnimationAdapter$$ExternalSyntheticLambda0.run:10 android.os.Handler.handleCallback:995 android.os.Handler.dispatchMessage:103 
02-11 21:52:07.243 E/TaskPersister( 1796): File error accessing recents directory (directory doesn't exist?).
02-11 21:52:11.505 E/HandwritingModeController( 1796): Cannot get requestId: Handwriting was not initialized.
02-11 21:52:11.813 E/HandwritingModeController( 1796): Cannot get requestId: Handwriting was not initialized.
02-11 21:52:12.365 E/TransitionChain( 1796): Can't collect into a chain with no transition
02-11 21:52:12.440 E/WindowManager( 1796): win=Window{2729b54 u0 com.sec.android.app.launcher/com.sec.android.app.launcher.activities.LauncherActivity} destroySurfaces: appStopped=true cleanupOnResume=false win.mWindowRemovalAllowed=false win.mRemoveOnExit=false win.mViewVisibility=4 caller=com.android.server.wm.ActivityRecord.destroySurfaces:25 com.android.server.wm.ActivityRecord.activityStopped:192 com.android.server.wm.ActivityClientController.activityStopped:97 android.app.IActivityClientController$Stub.onTransact:726 com.android.server.wm.ActivityClientController.onTransact:1 android.os.Binder.execTransactInternal:1462 android.os.Binder.execTransact:1401 
02-11 21:52:12.449 E/WindowManager( 1796): win=Window{fa1bfd4 u0 com.sec.android.app.launcher/com.sec.android.app.launcher.activities.LauncherActivity} destroySurfaces: appStopped=true cleanupOnResume=false win.mWindowRemovalAllowed=false win.mRemoveOnExit=false win.mViewVisibility=8 caller=com.android.server.wm.WindowManagerService.tryStartExitingAnimation:134 com.android.server.wm.WindowManagerService.relayoutWindow:1147 com.android.server.wm.Session.relayout:27 android.view.IWindowSession$Stub.onTransact:829 com.android.server.wm.Session.onTransact:1 android.os.Binder.execTransactInternal:1457 android.os.Binder.execTransact:1401 
02-11 21:52:12.466 E/WindowManager( 1796): win=Window{67d3c07 u0 com.google.android.apps.docs/com.google.android.apps.viewer.drive.InternalProjectorActivity} destroySurfaces: appStopped=true cleanupOnResume=false win.mWindowRemovalAllowed=false win.mRemoveOnExit=false win.mViewVisibility=8 caller=com.android.server.wm.ActivityRecord.destroySurfaces:25 com.android.server.wm.ActivityRecord.activityStopped:192 com.android.server.wm.ActivityClientController.activityStopped:97 android.app.IActivityClientController$Stub.onTransact:726 com.android.server.wm.ActivityClientController.onTransact:1 android.os.Binder.execTransactInternal:1462 android.os.Binder.execTransact:1401 
02-11 21:52:12.746 E/WindowManager( 1796): win=Window{3e8f3db u0 SnapshotStartingWindow for taskId=8447 EXITING} destroySurfaces: appStopped=false cleanupOnResume=false win.mWindowRemovalAllowed=true win.mRemoveOnExit=true win.mViewVisibility=0 caller=com.android.server.wm.WindowState.onExitAnimationDone:224 com.android.server.wm.WindowState.onAnimationFinished:161 com.android.server.wm.WindowContainer$$ExternalSyntheticLambda8.onAnimationFinished:3 com.android.server.wm.SurfaceAnimator$$ExternalSyntheticLambda0.onAnimationFinished:69 com.android.server.wm.LocalAnimationAdapter$$ExternalSyntheticLambda0.run:10 android.os.Handler.handleCallback:995 android.os.Handler.dispatchMessage:103 
02-11 21:52:12.793 E/WindowManager( 1796): win=Window{e872431 u0 com.sec.android.app.launcher/com.android.quickstep.RecentsActivity} destroySurfaces: appStopped=true cleanupOnResume=false win.mWindowRemovalAllowed=false win.mRemoveOnExit=false win.mViewVisibility=8 caller=com.android.server.wm.ActivityRecord.destroySurfaces:25 com.android.server.wm.ActivityRecord.activityStopped:192 com.android.server.wm.ActivityClientController.activityStopped:97 android.app.IActivityClientController$Stub.onTransact:726 com.android.server.wm.ActivityClientController.onTransact:1 android.os.Binder.execTransactInternal:1462 android.os.Binder.execTransact:1401 
02-11 21:52:15.384 E/TaskPersister( 1796): File error accessing recents directory (directory doesn't exist?).
02-11 21:52:18.768 E/WindowManager( 1796): win=Window{52726a9 u0 InputMethod} destroySurfaces: appStopped=true cleanupOnResume=false win.mWindowRemovalAllowed=false win.mRemoveOnExit=false win.mViewVisibility=8 caller=com.android.server.wm.WindowManagerService.tryStartExitingAnimation:134 com.android.server.wm.WindowManagerService.relayoutWindow:1147 com.android.server.wm.Session.relayout:27 android.view.IWindowSession$Stub.onTransact:829 com.android.server.wm.Session.onTransact:1 android.os.Binder.execTransactInternal:1457 android.os.Binder.execTransact:1401 
02-11 21:52:20.006 E/Watchdog( 1796): !@Sync: 7991 heap(MB): 165 / 203 FD: 1619 [2026-02-11 21:52:20.006]
02-11 21:52:50.024 E/Watchdog( 1796): !@Sync: 7992 heap(MB): 172 / 203 FD: 1619 [2026-02-11 21:52:50.023]
02-11 21:53:20.045 E/Watchdog( 1796): !@Sync: 7993 heap(MB): 178 / 203 FD: 1619 [2026-02-11 21:53:20.045]
02-11 21:53:50.065 E/Watchdog( 1796): !@Sync: 7994 heap(MB): 184 / 203 FD: 1619 [2026-02-11 21:53:50.065]
02-11 21:54:20.083 E/Watchdog( 1796): !@Sync: 7995 heap(MB): 190 / 203 FD: 1619 [2026-02-11 21:54:20.082]
02-11 21:54:50.101 E/Watchdog( 1796): !@Sync: 7996 heap(MB): 201 / 203 FD: 1619 [2026-02-11 21:54:50.100]
02-11 21:55:20.143 E/Watchdog( 1796): !@Sync: 7997 heap(MB): 185 / 204 FD: 1619 [2026-02-11 21:55:20.142]
02-11 21:55:50.175 E/Watchdog( 1796): !@Sync: 7998 heap(MB): 198 / 204 FD: 1619 [2026-02-11 21:55:50.174]
02-11 21:56:13.502 E/WindowManager( 1796): win=Window{a363a28 u0 com.sec.android.app.launcher/com.samsung.app.honeyspace.edge.edgepanel.app.CocktailBarService} destroySurfaces: appStopped=true cleanupOnResume=false win.mWindowRemovalAllowed=false win.mRemoveOnExit=false win.mViewVisibility=8 caller=com.android.server.wm.WindowManagerService.tryStartExitingAnimation:134 com.android.server.wm.WindowManagerService.relayoutWindow:1147 com.android.server.wm.Session.relayout:27 android.view.IWindowSession$Stub.onTransact:829 com.android.server.wm.Session.onTransact:1 android.os.Binder.execTransactInternal:1457 android.os.Binder.execTransact:1401 
02-11 21:56:15.747 E/WindowManager( 1796): win=Window{c054d76 u0 NotificationShade} destroySurfaces: appStopped=true cleanupOnResume=false win.mWindowRemovalAllowed=false win.mRemoveOnExit=false win.mViewVisibility=4 caller=com.android.server.wm.WindowManagerService.tryStartExitingAnimation:134 com.android.server.wm.WindowManagerService.relayoutWindow:1147 com.android.server.wm.Session.relayout:27 android.view.IWindowSession$Stub.onTransact:829 com.android.server.wm.Session.onTransact:1 android.os.Binder.execTransactInternal:1462 android.os.Binder.execTransact:1401 
02-11 21:56:20.190 E/Watchdog( 1796): !@Sync: 7999 heap(MB): 167 / 203 FD: 1618 [2026-02-11 21:56:20.190]
02-11 21:56:27.508 E/WindowManager( 1796): win=Window{a363a28 u0 com.sec.android.app.launcher/com.samsung.app.honeyspace.edge.edgepanel.app.CocktailBarService} destroySurfaces: appStopped=true cleanupOnResume=false win.mWindowRemovalAllowed=false win.mRemoveOnExit=false win.mViewVisibility=8 caller=com.android.server.wm.WindowManagerService.tryStartExitingAnimation:134 com.android.server.wm.WindowManagerService.relayoutWindow:1147 com.android.server.wm.Session.relayout:27 android.view.IWindowSession$Stub.onTransact:829 com.android.server.wm.Session.onTransact:1 android.os.Binder.execTransactInternal:1457 android.os.Binder.execTransact:1401 
02-11 21:56:28.341 E/android.hardware.wifi-service( 1431): Unknown iface name: wlan0
02-11 21:56:28.342 E/android.hardware.wifi-service( 1431): Unknown iface name: wlan0
02-11 21:56:28.345 E/android.hardware.wifi-service( 1431): Unknown iface name: wlan0
02-11 21:56:28.345 E/android.hardware.wifi-service( 1431): Unknown iface name: wlan0
02-11 21:56:28.349 E/android.hardware.wifi-service( 1431): Unknown iface name: wlan0
02-11 21:56:28.349 E/android.hardware.wifi-service( 1431): Unknown iface name: wlan0
02-11 21:56:28.872 E/WindowManager( 1796): win=Window{c054d76 u0 NotificationShade} destroySurfaces: appStopped=true cleanupOnResume=false win.mWindowRemovalAllowed=false win.mRemoveOnExit=false win.mViewVisibility=4 caller=com.android.server.wm.WindowManagerService.tryStartExitingAnimation:134 com.android.server.wm.WindowManagerService.relayoutWindow:1147 com.android.server.wm.Session.relayout:27 android.view.IWindowSession$Stub.onTransact:829 com.android.server.wm.Session.onTransact:1 android.os.Binder.execTransactInternal:1462 android.os.Binder.execTransact:1401 
02-11 21:56:29.653 E/android.hardware.wifi-service( 1431): twtRegisterEvents failed - %d-4
02-11 21:56:33.620 E/NetlinkEvent( 1407): NetlinkEvent::FindParam(): Parameter 'INTERFACE' not found
02-11 21:56:33.620 E/NetlinkEvent( 1407): NetlinkEvent::FindParam(): Parameter 'STATE' not found
02-11 21:56:33.620 E/NetlinkEvent( 1407): NetlinkEvent::FindParam(): Parameter 'TIME_NS' not found
02-11 21:56:33.620 E/NetlinkEvent( 1407): NetlinkEvent::FindParam(): Parameter 'UID' not found
02-11 21:56:42.348 E/ActivityThread(13451): Failed to find provider info for gmail-ofls
02-11 21:56:42.352 E/ActivityThread(13451): Failed to find provider info for gmail-ofls
02-11 21:56:42.358 E/ActivityThread(13451): Failed to find provider info for gmail-ofls
02-11 21:56:42.362 E/ActivityThread(13451): Failed to find provider info for gmail-ofls
02-11 21:56:42.366 E/ActivityThread(13451): Failed to find provider info for gmail-ofls
02-11 21:56:42.368 E/ActivityThread(13451): Failed to find provider info for gmail-ofls
02-11 21:56:44.155 E/NotificationService( 1796): notification real name Exception
02-11 21:56:44.155 E/NotificationService( 1796): java.lang.NullPointerException: Attempt to invoke virtual method 'boolean com.android.server.notification.sec.NotificationRealNamePolicy.checkAllowedNotification(android.service.notification.StatusBarNotification)' on a null object reference
02-11 21:56:44.155 E/NotificationService( 1796): 	at com.android.server.notification.NotificationManagerService.enqueueNotificationInternal(qb/105196903 9f38fc1ce7a93800a4cb7aab7d961056d28113a8811dc2091b8cbd2ba3634ae9:124)
02-11 21:56:44.155 E/NotificationService( 1796): 	at com.android.server.notification.NotificationManagerService.enqueueNotificationInternal(qb/105196903 9f38fc1ce7a93800a4cb7aab7d961056d28113a8811dc2091b8cbd2ba3634ae9:2)
02-11 21:56:44.155 E/NotificationService( 1796): 	at com.android.server.notification.NotificationManagerService$17.enqueueNotificationWithTag(qb/105196903 9f38fc1ce7a93800a4cb7aab7d961056d28113a8811dc2091b8cbd2ba3634ae9:97)
02-11 21:56:44.155 E/NotificationService( 1796): 	at android.app.INotificationManager$Stub.onTransact(INotificationManager.java:2027)
02-11 21:56:44.155 E/NotificationService( 1796): 	at android.os.Binder.execTransactInternal(Binder.java:1457)
02-11 21:56:44.155 E/NotificationService( 1796): 	at android.os.Binder.execTransact(Binder.java:1401)
02-11 21:56:44.170 E/NotificationService( 1796): notification real name Exception
02-11 21:56:44.170 E/NotificationService( 1796): java.lang.NullPointerException: Attempt to invoke virtual method 'boolean com.android.server.notification.sec.NotificationRealNamePolicy.checkAllowedNotification(android.service.notification.StatusBarNotification)' on a null object reference
02-11 21:56:44.170 E/NotificationService( 1796): 	at com.android.server.notification.NotificationManagerService.enqueueNotificationInternal(qb/105196903 9f38fc1ce7a93800a4cb7aab7d961056d28113a8811dc2091b8cbd2ba3634ae9:124)
02-11 21:56:44.170 E/NotificationService( 1796): 	at com.android.server.notification.NotificationManagerService.enqueueNotificationInternal(qb/105196903 9f38fc1ce7a93800a4cb7aab7d961056d28113a8811dc2091b8cbd2ba3634ae9:2)
02-11 21:56:44.170 E/NotificationService( 1796): 	at com.android.server.notification.NotificationManagerService$17.enqueueNotificationWithTag(qb/105196903 9f38fc1ce7a93800a4cb7aab7d961056d28113a8811dc2091b8cbd2ba3634ae9:97)
02-11 21:56:44.170 E/NotificationService( 1796): 	at android.app.INotificationManager$Stub.onTransact(INotificationManager.java:2027)
02-11 21:56:44.170 E/NotificationService( 1796): 	at android.os.Binder.execTransactInternal(Binder.java:1457)
02-11 21:56:44.170 E/NotificationService( 1796): 	at android.os.Binder.execTransact(Binder.java:1401)
02-11 21:56:48.657 E/ActivityThread(18963): Failed to find provider info for com.samsung.android.app.galaxyraw.core2
02-11 21:56:50.325 E/Watchdog( 1796): !@Sync: 8000 heap(MB): 157 / 203 native(MB): 131 FD: 1639 WaitTime: 0 ms GCcnt: 0 FullGC: 0 [2026-02-11 21:56:50.211]
02-11 21:56:50.932 E/WindowManager( 1796): win=Window{4b6c0b8 u0 BackPanelController} destroySurfaces: appStopped=true cleanupOnResume=false win.mWindowRemovalAllowed=false win.mRemoveOnExit=false win.mViewVisibility=8 caller=com.android.server.wm.WindowManagerService.tryStartExitingAnimation:134 com.android.server.wm.WindowManagerService.relayoutWindow:1147 com.android.server.wm.Session.relayout:27 android.view.IWindowSession$Stub.onTransact:829 com.android.server.wm.Session.onTransact:1 android.os.Binder.execTransactInternal:1462 android.os.Binder.execTransact:1401 
02-11 21:56:51.552 E/WindowManager( 1796): win=Window{a363a28 u0 com.sec.android.app.launcher/com.samsung.app.honeyspace.edge.edgepanel.app.CocktailBarService} destroySurfaces: appStopped=true cleanupOnResume=false win.mWindowRemovalAllowed=false win.mRemoveOnExit=false win.mViewVisibility=8 caller=com.android.server.wm.WindowManagerService.tryStartExitingAnimation:134 com.android.server.wm.WindowManagerService.relayoutWindow:1147 com.android.server.wm.Session.relayout:27 android.view.IWindowSession$Stub.onTransact:829 com.android.server.wm.Session.onTransact:1 android.os.Binder.execTransactInternal:1457 android.os.Binder.execTransact:1401 
02-11 21:56:51.958 E/BatteryStatsService( 1796): Invalid uid for waking network packet: -1
02-11 21:56:54.343 E/keystore2(  876): system/security/keystore2/src/error.rs:183 - system/security/keystore2/src/operation.rs:852: KeystoreOperation::finish
02-11 21:56:54.343 E/keystore2(  876): 
02-11 21:56:54.343 E/keystore2(  876): Caused by:
02-11 21:56:54.343 E/keystore2(  876):     0: system/security/keystore2/src/operation.rs:433: Finish failed for uid 10360
02-11 21:56:54.343 E/keystore2(  876):     1: Error::Km(r#UNKNOWN_ERROR)
02-11 21:56:54.375 E/WindowManager( 1796): win=Window{64c9a14 u0 com.android.chrome/org.chromium.chrome.browser.ChromeTabbedActivity} destroySurfaces: appStopped=true cleanupOnResume=false win.mWindowRemovalAllowed=false win.mRemoveOnExit=false win.mViewVisibility=8 caller=com.android.server.wm.ActivityRecord.destroySurfaces:25 com.android.server.wm.ActivityRecord.activityStopped:192 com.android.server.wm.ActivityClientController.activityStopped:97 android.app.IActivityClientController$Stub.onTransact:726 com.android.server.wm.ActivityClientController.onTransact:1 android.os.Binder.execTransactInternal:1462 android.os.Binder.execTransact:1401 
02-11 21:56:54.380 E/keystore2(  876): system/security/keystore2/src/error.rs:185 - Rc(r#KEY_NOT_FOUND), "system/security/keystore2/src/service.rs:178: In get_key_entry, while trying to load key info. 10360, Some(\"AdalKey\")"
02-11 21:56:54.382 E/keystore2(  876): system/security/keystore2/src/error.rs:185 - Rc(r#KEY_NOT_FOUND), "system/security/keystore2/src/service.rs:178: In get_key_entry, while trying to load key info. 10360, Some(\"AdalKey\")"
02-11 21:56:54.403 E/WindowManager( 1796): win=Window{c054d76 u0 NotificationShade} destroySurfaces: appStopped=true cleanupOnResume=false win.mWindowRemovalAllowed=false win.mRemoveOnExit=false win.mViewVisibility=4 caller=com.android.server.wm.WindowManagerService.tryStartExitingAnimation:134 com.android.server.wm.WindowManagerService.relayoutWindow:1147 com.android.server.wm.Session.relayout:27 android.view.IWindowSession$Stub.onTransact:829 com.android.server.wm.Session.onTransact:1 android.os.Binder.execTransactInternal:1462 android.os.Binder.execTransact:1401 
02-11 21:56:54.621 E/keystore2(  876): system/security/keystore2/src/error.rs:185 - Rc(r#KEY_NOT_FOUND), "system/security/keystore2/src/service.rs:401: In delete_key: Trying to unbind the key. 10360, Some(\"AdalKey\")"
02-11 21:56:54.622 E/keystore2(  876): system/security/keystore2/src/error.rs:185 - Rc(r#KEY_NOT_FOUND), "system/security/keystore2/src/service.rs:178: In get_key_entry, while trying to load key info. 10360, Some(\"AdalKey\")"
02-11 21:56:56.813 E/TaskPersister( 1796): File error accessing recents directory (directory doesn't exist?).
02-11 21:56:56.969 E/Pageboost( 1796): ioinfo read failed
02-11 21:57:07.735 E/BatteryStatsService( 1796): Invalid uid for waking network packet: -1
02-11 21:57:07.800 E/WindowManager( 1796): win=Window{4b6c0b8 u0 BackPanelController} destroySurfaces: appStopped=true cleanupOnResume=false win.mWindowRemovalAllowed=false win.mRemoveOnExit=false win.mViewVisibility=8 caller=com.android.server.wm.WindowManagerService.tryStartExitingAnimation:134 com.android.server.wm.WindowManagerService.relayoutWindow:1147 com.android.server.wm.Session.relayout:27 android.view.IWindowSession$Stub.onTransact:829 com.android.server.wm.Session.onTransact:1 android.os.Binder.execTransactInternal:1462 android.os.Binder.execTransact:1401 
02-11 21:57:10.123 E/KernelCpuUidFullTimeReader( 1796): Negative delta from freq time for uid: 90008, delta: -474
02-11 21:57:10.123 E/KernelCpuUidFullTimeReader( 1796): Negative delta from freq time for uid: 90009, delta: -434
02-11 21:57:10.124 E/KernelCpuUidFullTimeReader( 1796): Negative delta from freq time for uid: 90010, delta: -95
02-11 21:57:16.629 E/BatteryStatsService( 1796): Invalid uid for waking network packet: -1
02-11 21:57:20.353 E/Watchdog( 1796): !@Sync: 8001 heap(MB): 173 / 203 FD: 1643 [2026-02-11 21:57:20.352]
02-11 21:57:22.372 E/WindowManager( 1796): win=Window{4b6c0b8 u0 BackPanelController} destroySurfaces: appStopped=true cleanupOnResume=false win.mWindowRemovalAllowed=false win.mRemoveOnExit=false win.mViewVisibility=8 caller=com.android.server.wm.WindowManagerService.tryStartExitingAnimation:134 com.android.server.wm.WindowManagerService.relayoutWindow:1147 com.android.server.wm.Session.relayout:27 android.view.IWindowSession$Stub.onTransact:829 com.android.server.wm.Session.onTransact:1 android.os.Binder.execTransactInternal:1462 android.os.Binder.execTransact:1401 
02-11 21:57:23.429 E/WindowManager( 1796): win=Window{a363a28 u0 com.sec.android.app.launcher/com.samsung.app.honeyspace.edge.edgepanel.app.CocktailBarService} destroySurfaces: appStopped=true cleanupOnResume=false win.mWindowRemovalAllowed=false win.mRemoveOnExit=false win.mViewVisibility=8 caller=com.android.server.wm.WindowManagerService.tryStartExitingAnimation:134 com.android.server.wm.WindowManagerService.relayoutWindow:1147 com.android.server.wm.Session.relayout:27 android.view.IWindowSession$Stub.onTransact:829 com.android.server.wm.Session.onTransact:1 android.os.Binder.execTransactInternal:1457 android.os.Binder.execTransact:1401 
02-11 21:57:24.481 E/NotifHistoryProto( 1796): Error writing notification icon -
02-11 21:57:24.481 E/NotifHistoryProto( 1796): java.lang.NullPointerException: Attempt to invoke virtual method 'int android.graphics.drawable.Icon.getType()' on a null object reference
02-11 21:57:24.481 E/NotifHistoryProto( 1796): 	at com.android.server.notification.NotificationHistoryProtoHelper.writeIcon(qb/105196903 9f38fc1ce7a93800a4cb7aab7d961056d28113a8811dc2091b8cbd2ba3634ae9:14)
02-11 21:57:24.481 E/NotifHistoryProto( 1796): 	at com.android.server.notification.NotificationHistoryProtoHelper.write(qb/105196903 9f38fc1ce7a93800a4cb7aab7d961056d28113a8811dc2091b8cbd2ba3634ae9:437)
02-11 21:57:24.481 E/NotifHistoryProto( 1796): 	at com.android.server.notification.NotificationHistoryDatabase.writeLocked(qb/105196903 9f38fc1ce7a93800a4cb7aab7d961056d28113a8811dc2091b8cbd2ba3634ae9:7)
02-11 21:57:24.481 E/NotifHistoryProto( 1796): 	at com.android.server.notification.NotificationHistoryDatabase.updateCancelEvent(qb/105196903 9f38fc1ce7a93800a4cb7aab7d961056d28113a8811dc2091b8cbd2ba3634ae9:77)
02-11 21:57:24.481 E/NotifHistoryProto( 1796): 	at com.android.server.notification.NotificationHistoryManager.updateCancelEvent(qb/105196903 9f38fc1ce7a93800a4cb7aab7d961056d28113a8811dc2091b8cbd2ba3634ae9:34)
02-11 21:57:24.481 E/NotifHistoryProto( 1796): 	at com.android.server.notification.NotificationManagerService$3.onNotificationClick(qb/105196903 9f38fc1ce7a93800a4cb7aab7d961056d28113a8811dc2091b8cbd2ba3634ae9:255)
02-11 21:57:24.481 E/NotifHistoryProto( 1796): 	at com.android.server.statusbar.StatusBarManagerService.onNotificationClick(qb/105196903 9f38fc1ce7a93800a4cb7aab7d961056d28113a8811dc2091b8cbd2ba3634ae9:20)
02-11 21:57:24.481 E/NotifHistoryProto( 1796): 	at com.android.internal.statusbar.IStatusBarService$Stub.onTransact(IStatusBarService.java:1078)
02-11 21:57:24.481 E/NotifHistoryProto( 1796): 	at android.os.Binder.execTransactInternal(Binder.java:1462)
02-11 21:57:24.481 E/NotifHistoryProto( 1796): 	at android.os.Binder.execTransact(Binder.java:1401)
02-11 21:57:24.769 E/NotifHistoryProto( 1796): Error writing notification icon -
02-11 21:57:24.769 E/NotifHistoryProto( 1796): java.lang.NullPointerException: Attempt to invoke virtual method 'int android.graphics.drawable.Icon.getType()' on a null object reference
02-11 21:57:24.769 E/NotifHistoryProto( 1796): 	at com.android.server.notification.NotificationHistoryProtoHelper.writeIcon(qb/105196903 9f38fc1ce7a93800a4cb7aab7d961056d28113a8811dc2091b8cbd2ba3634ae9:14)
02-11 21:57:24.769 E/NotifHistoryProto( 1796): 	at com.android.server.notification.NotificationHistoryProtoHelper.write(qb/105196903 9f38fc1ce7a93800a4cb7aab7d961056d28113a8811dc2091b8cbd2ba3634ae9:437)
02-11 21:57:24.769 E/NotifHistoryProto( 1796): 	at com.android.server.notification.NotificationHistoryDatabase.writeLocked(qb/105196903 9f38fc1ce7a93800a4cb7aab7d961056d28113a8811dc2091b8cbd2ba3634ae9:7)
02-11 21:57:24.769 E/NotifHistoryProto( 1796): 	at com.android.server.notification.NotificationHistoryDatabase.updateCancelEvent(qb/105196903 9f38fc1ce7a93800a4cb7aab7d961056d28113a8811dc2091b8cbd2ba3634ae9:77)
02-11 21:57:24.769 E/NotifHistoryProto( 1796): 	at com.android.server.notification.NotificationHistoryManager.updateCancelEvent(qb/105196903 9f38fc1ce7a93800a4cb7aab7d961056d28113a8811dc2091b8cbd2ba3634ae9:34)
02-11 21:57:24.769 E/NotifHistoryProto( 1796): 	at com.android.server.notification.NotificationManagerService.cancelNotificationLocked(qb/105196903 9f38fc1ce7a93800a4cb7aab7d961056d28113a8811dc2091b8cbd2ba3634ae9:836)
02-11 21:57:24.769 E/NotifHistoryProto( 1796): 	at com.android.server.notification.NotificationManagerService$CancelNotificationRunnable.run(qb/105196903 9f38fc1ce7a93800a4cb7aab7d961056d28113a8811dc2091b8cbd2ba3634ae9:212)
02-11 21:57:24.769 E/NotifHistoryProto( 1796): 	at android.os.Handler.handleCallback(Handler.java:995)
02-11 21:57:24.769 E/NotifHistoryProto( 1796): 	at android.os.Handler.dispatchMessage(Handler.java:103)
02-11 21:57:24.769 E/NotifHistoryProto( 1796): 	at android.os.Looper.loopOnce(Looper.java:273)
02-11 21:57:24.769 E/NotifHistoryProto( 1796): 	at android.os.Looper.loop(Looper.java:363)
02-11 21:57:24.769 E/NotifHistoryProto( 1796): 	at com.android.server.SystemServer.main(qb/105196903 9f38fc1ce7a93800a4cb7aab7d961056d28113a8811dc2091b8cbd2ba3634ae9:867)
02-11 21:57:24.769 E/NotifHistoryProto( 1796): 	at java.lang.reflect.Method.invoke(Native Method)
02-11 21:57:24.769 E/NotifHistoryProto( 1796): 	at com.android.internal.os.RuntimeInit$MethodAndArgsCaller.run(RuntimeInit.java:632)
02-11 21:57:24.769 E/NotifHistoryProto( 1796): 	at com.android.internal.os.ZygoteInit.main(ZygoteInit.java:953)
02-11 21:57:24.876 E/WindowManager( 1796): win=Window{9f1cf14 u0 com.google.android.gm/com.google.android.gm.ui.MailActivityGmail} destroySurfaces: appStopped=true cleanupOnResume=false win.mWindowRemovalAllowed=false win.mRemoveOnExit=false win.mViewVisibility=8 caller=com.android.server.wm.ActivityRecord.destroySurfaces:25 com.android.server.wm.ActivityRecord.activityStopped:192 com.android.server.wm.ActivityClientController.activityStopped:97 android.app.IActivityClientController$Stub.onTransact:726 com.android.server.wm.ActivityClientController.onTransact:1 android.os.Binder.execTransactInternal:1462 android.os.Binder.execTransact:1401 
02-11 21:57:24.885 E/WindowManager( 1796): win=Window{f2df67b u0 com.whatsapp/com.whatsapp.home.ui.HomeActivity} destroySurfaces: appStopped=true cleanupOnResume=false win.mWindowRemovalAllowed=false win.mRemoveOnExit=false win.mViewVisibility=8 caller=com.android.server.wm.ActivityRecord.destroySurfaces:25 com.android.server.wm.ActivityRecord.activityStopped:192 com.android.server.wm.ActivityClientController.activityStopped:97 android.app.IActivityClientController$Stub.onTransact:726 com.android.server.wm.ActivityClientController.onTransact:1 android.os.Binder.execTransactInternal:1462 android.os.Binder.execTransact:1401 
02-11 21:57:24.898 E/WindowManager( 1796): win=Window{4f170d0 u0 Splash Screen com.whatsapp} destroySurfaces: appStopped=true cleanupOnResume=false win.mWindowRemovalAllowed=false win.mRemoveOnExit=false win.mViewVisibility=8 caller=com.android.server.wm.WindowManagerService.tryStartExitingAnimation:134 com.android.server.wm.WindowManagerService.relayoutWindow:1147 com.android.server.wm.Session.relayout:27 android.view.IWindowSession$Stub.onTransact:829 com.android.server.wm.Session.onTransact:1 android.os.Binder.execTransactInternal:1462 android.os.Binder.execTransact:1401 
02-11 21:57:25.047 E/WindowManager( 1796): win=Window{c054d76 u0 NotificationShade} destroySurfaces: appStopped=true cleanupOnResume=false win.mWindowRemovalAllowed=false win.mRemoveOnExit=false win.mViewVisibility=4 caller=com.android.server.wm.WindowManagerService.tryStartExitingAnimation:134 com.android.server.wm.WindowManagerService.relayoutWindow:1147 com.android.server.wm.Session.relayout:27 android.view.IWindowSession$Stub.onTransact:829 com.android.server.wm.Session.onTransact:1 android.os.Binder.execTransactInternal:1462 android.os.Binder.execTransact:1401 
02-11 21:57:27.966 E/TaskPersister( 1796): File error accessing recents directory (directory doesn't exist?).
02-11 21:57:30.101 E/BatteryStatsService( 1796): Invalid uid for waking network packet: -1
02-11 21:57:36.596 E/BatteryStatsService( 1796): Invalid uid for waking network packet: -1
02-11 21:57:43.934 E/ActivityThread(13451): Failed to find provider info for gmail-ofls
02-11 21:57:43.940 E/ActivityThread(13451): Failed to find provider info for gmail-ofls
02-11 21:57:43.945 E/ActivityThread(13451): Failed to find provider info for gmail-ofls
02-11 21:57:43.950 E/ActivityThread(13451): Failed to find provider info for gmail-ofls
02-11 21:57:43.962 E/ActivityThread(13451): Failed to find provider info for gmail-ofls
02-11 21:57:43.969 E/ActivityThread(13451): Failed to find provider info for gmail-ofls
02-11 21:57:43.971 E/ActivityThread(13451): Failed to find provider info for gmail-ofls
02-11 21:57:43.975 E/ActivityThread(13451): Failed to find provider info for gmail-ofls
02-11 21:57:45.393 E/ActivityThread(13451): Failed to find provider info for gmail-ofls
02-11 21:57:46.861 E/ActivityThread(13451): Failed to find provider info for gmail-ofls
02-11 21:57:46.866 E/ActivityThread(13451): Failed to find provider info for gmail-ofls
02-11 21:57:46.873 E/ActivityThread(13451): Failed to find provider info for gmail-ofls
02-11 21:57:46.880 E/ActivityThread(13451): Failed to find provider info for gmail-ofls
02-11 21:57:46.886 E/ActivityThread(13451): Failed to find provider info for gmail-ofls
02-11 21:57:46.893 E/ActivityThread(13451): Failed to find provider info for gmail-ofls
