02-11 22:00:48.371 E/SecVibrator-HAL-AIDL-EXT( 1463): V_5_0: performPrebakedHapticPattern 1 : 4000 : 0
02-11 22:00:48.371 E/SecVibrator-HAL-AIDL-CORE( 1463): HW_API: [setRepeatForForceFeedbackAw]repeat: 0
02-11 22:00:48.371 E/SecVibrator-HAL-AIDL-CORE( 1463): HW_API: [setForceFeedbackAmplitude]amplitude: 4000
02-11 22:00:48.372 E/SecVibrator-HAL-AIDL-CORE( 1463): HW_API: [uploadForceFeedbackeffect]ioctl success ,uploaded effect with ID: 0
02-11 22:00:48.372 E/SecVibrator-HAL-AIDL-CORE( 1463): HW_API: do_on for timeoutMs: 1000
02-11 22:00:48.372 E/SecVibrator-HAL-AIDL-CORE( 1463): HW_API: [triggerForceFeedbackVibration]on: 1
02-11 22:00:48.470 E/SecVibrator-HAL-AIDL-CORE( 1463): V_2_0: Vibrator off
02-11 22:00:48.470 E/SecVibrator-HAL-AIDL-CORE( 1463): HW_API: do_off
02-11 22:00:48.470 E/SecVibrator-HAL-AIDL-CORE( 1463): HW_API: [triggerForceFeedbackVibration]on: 0
02-11 22:00:48.479 E/SecVibrator-HAL-AIDL-EXT( 1463): V_5_0: performPrebakedHapticPattern 51 : 4000 : 0
02-11 22:00:48.480 E/SecVibrator-HAL-AIDL-CORE( 1463): HW_API: [setRepeatForForceFeedbackAw]repeat: 0
02-11 22:00:48.481 E/SecVibrator-HAL-AIDL-CORE( 1463): HW_API: [setForceFeedbackAmplitude]amplitude: 4000
02-11 22:00:48.481 E/SecVibrator-HAL-AIDL-CORE( 1463): HW_API: [uploadForceFeedbackeffect]ioctl success ,uploaded effect with ID: 0
02-11 22:00:48.481 E/SecVibrator-HAL-AIDL-CORE( 1463): HW_API: do_on for timeoutMs: 1000
02-11 22:00:48.481 E/SecVibrator-HAL-AIDL-CORE( 1463): HW_API: [triggerForceFeedbackVibration]on: 1
02-11 22:00:48.606 E/SecVibrator-HAL-AIDL-CORE( 1463): V_2_0: Vibrator off
02-11 22:00:48.606 E/SecVibrator-HAL-AIDL-CORE( 1463): HW_API: do_off
02-11 22:00:48.606 E/SecVibrator-HAL-AIDL-CORE( 1463): HW_API: [triggerForceFeedbackVibration]on: 0
02-11 22:00:48.926 E/SecVibrator-HAL-AIDL-EXT( 1463): V_5_0: performPrebakedHapticPattern 51 : 4000 : 0
02-11 22:00:48.926 E/SecVibrator-HAL-AIDL-CORE( 1463): HW_API: [setRepeatForForceFeedbackAw]repeat: 0
02-11 22:00:48.926 E/SecVibrator-HAL-AIDL-CORE( 1463): HW_API: [setForceFeedbackAmplitude]amplitude: 4000
02-11 22:00:48.926 E/SecVibrator-HAL-AIDL-CORE( 1463): HW_API: [uploadForceFeedbackeffect]ioctl success ,uploaded effect with ID: 0
02-11 22:00:48.926 E/SecVibrator-HAL-AIDL-CORE( 1463): HW_API: do_on for timeoutMs: 1000
02-11 22:00:48.926 E/SecVibrator-HAL-AIDL-CORE( 1463): HW_API: [triggerForceFeedbackVibration]on: 1
02-11 22:00:49.035 E/SecVibrator-HAL-AIDL-CORE( 1463): V_2_0: Vibrator off
02-11 22:00:49.035 E/SecVibrator-HAL-AIDL-CORE( 1463): HW_API: do_off
02-11 22:00:49.035 E/SecVibrator-HAL-AIDL-CORE( 1463): HW_API: [triggerForceFeedbackVibration]on: 0
02-11 22:00:49.042 E/SecVibrator-HAL-AIDL-EXT( 1463): V_5_0: performPrebakedHapticPattern 1 : 4000 : 0
02-11 22:00:49.043 E/SecVibrator-HAL-AIDL-CORE( 1463): HW_API: [setRepeatForForceFeedbackAw]repeat: 0
02-11 22:00:49.043 E/SecVibrator-HAL-AIDL-CORE( 1463): HW_API: [setForceFeedbackAmplitude]amplitude: 4000
02-11 22:00:49.045 E/SecVibrator-HAL-AIDL-CORE( 1463): HW_API: [uploadForceFeedbackeffect]ioctl success ,uploaded effect with ID: 0
02-11 22:00:49.045 E/SecVibrator-HAL-AIDL-CORE( 1463): HW_API: do_on for timeoutMs: 1000
02-11 22:00:49.045 E/SecVibrator-HAL-AIDL-CORE( 1463): HW_API: [triggerForceFeedbackVibration]on: 1
02-11 22:00:49.162 E/SecVibrator-HAL-AIDL-CORE( 1463): V_2_0: Vibrator off
02-11 22:00:49.162 E/SecVibrator-HAL-AIDL-CORE( 1463): HW_API: do_off
02-11 22:00:49.162 E/SecVibrator-HAL-AIDL-CORE( 1463): HW_API: [triggerForceFeedbackVibration]on: 0
02-11 22:00:50.080 E/SamsungAccount( 8427): [FamilyGroupUtil] getCountryCodeListWithRegionMcc - no country code with region mcc
02-11 22:00:50.104 E/SamsungAccount( 8427): [FamilyGroupUtil] getCountryCodeListWithRegionMcc - no country code with region mcc
02-11 22:00:50.148 E/SamsungAccount( 8427): [FamilyGroupUtil] getCountryCodeListWithRegionMcc - no country code with region mcc
02-11 22:00:50.209 E/WifiStaIfaceAidlImpl( 1796): getCachedScanData failed with service-specific exception: android.os.ServiceSpecificException:  (code 4)
02-11 22:00:50.500 E/Watchdog( 1796): !@Sync: 8008 heap(MB): 178 / 203 FD: 1638 [2026-02-11 22:00:50.499]
02-11 22:00:50.573 E/MediaCodec( 1639): Media Quality Service not found.
02-11 22:00:50.574 E/Codec2-ComponentInterface( 1667): We have a failed config
02-11 22:00:50.575 E/mediaserver( 1639): Failed to query component interface for required system resources: 6
02-11 22:00:50.583 E/Codec2-ComponentInterface( 1667): We have a failed config
02-11 22:00:50.681 E/SecVibrator-HAL-AIDL-EXT( 1463): V_5_0: performPrebakedHapticPattern 23 : 4000 : 0
02-11 22:00:50.682 E/SecVibrator-HAL-AIDL-CORE( 1463): HW_API: [setRepeatForForceFeedbackAw]repeat: 0
02-11 22:00:50.682 E/SecVibrator-HAL-AIDL-CORE( 1463): HW_API: [setForceFeedbackAmplitude]amplitude: 4000
02-11 22:00:50.682 E/SecVibrator-HAL-AIDL-CORE( 1463): HW_API: [uploadForceFeedbackeffect]ioctl success ,uploaded effect with ID: 0
02-11 22:00:50.682 E/SecVibrator-HAL-AIDL-CORE( 1463): HW_API: do_on for timeoutMs: 1000
02-11 22:00:50.683 E/SecVibrator-HAL-AIDL-CORE( 1463): HW_API: [triggerForceFeedbackVibration]on: 1
02-11 22:00:50.800 E/SecVibrator-HAL-AIDL-CORE( 1463): V_2_0: Vibrator off
02-11 22:00:50.800 E/SecVibrator-HAL-AIDL-CORE( 1463): HW_API: do_off
02-11 22:00:50.800 E/SecVibrator-HAL-AIDL-CORE( 1463): HW_API: [triggerForceFeedbackVibration]on: 0
02-11 22:00:50.954 E/WindowManager( 1796): win=Window{4b6c0b8 u0 BackPanelController} destroySurfaces: appStopped=true cleanupOnResume=false win.mWindowRemovalAllowed=false win.mRemoveOnExit=false win.mViewVisibility=8 caller=com.android.server.wm.WindowManagerService.tryStartExitingAnimation:134 com.android.server.wm.WindowManagerService.relayoutWindow:1147 com.android.server.wm.Session.relayout:27 android.view.IWindowSession$Stub.onTransact:829 com.android.server.wm.Session.onTransact:1 android.os.Binder.execTransactInternal:1462 android.os.Binder.execTransact:1401 
02-11 22:00:51.274 E/WindowManager( 1796): win=Window{52726a9 u0 InputMethod} destroySurfaces: appStopped=true cleanupOnResume=false win.mWindowRemovalAllowed=false win.mRemoveOnExit=false win.mViewVisibility=8 caller=com.android.server.wm.WindowManagerService.tryStartExitingAnimation:134 com.android.server.wm.WindowManagerService.relayoutWindow:1147 com.android.server.wm.Session.relayout:27 android.view.IWindowSession$Stub.onTransact:829 com.android.server.wm.Session.onTransact:1 android.os.Binder.execTransactInternal:1457 android.os.Binder.execTransact:1401 
02-11 22:00:51.299 E/SurfaceFlinger( 1481): alpha changed 1.000 -> 0.000 - Surface(name=52726a9 InputMethod)/@0x71e9bcf - animation-leash of insets_animation#161517
02-11 22:00:51.420 E/SecVibrator-HAL-AIDL-EXT( 1463): V_5_0: performPrebakedHapticPattern 23 : 4000 : 0
02-11 22:00:51.421 E/SecVibrator-HAL-AIDL-CORE( 1463): HW_API: [setRepeatForForceFeedbackAw]repeat: 0
02-11 22:00:51.421 E/SecVibrator-HAL-AIDL-CORE( 1463): HW_API: [setForceFeedbackAmplitude]amplitude: 4000
02-11 22:00:51.421 E/SecVibrator-HAL-AIDL-CORE( 1463): HW_API: [uploadForceFeedbackeffect]ioctl success ,uploaded effect with ID: 0
02-11 22:00:51.421 E/SecVibrator-HAL-AIDL-CORE( 1463): HW_API: do_on for timeoutMs: 1000
02-11 22:00:51.421 E/SecVibrator-HAL-AIDL-CORE( 1463): HW_API: [triggerForceFeedbackVibration]on: 1
02-11 22:00:51.535 E/SecVibrator-HAL-AIDL-CORE( 1463): V_2_0: Vibrator off
02-11 22:00:51.535 E/SecVibrator-HAL-AIDL-CORE( 1463): HW_API: do_off
02-11 22:00:51.535 E/SecVibrator-HAL-AIDL-CORE( 1463): HW_API: [triggerForceFeedbackVibration]on: 0
02-11 22:00:51.558 E/SamsungAccount( 8427): [FamilyGroupUtil] getCountryCodeListWithRegionMcc - no country code with region mcc
02-11 22:00:51.571 E/msys    (15100): E[N mns]_OnDiskCacheGetData(632)=>Start post callback cache refresh DNS resolution
02-11 22:00:51.573 E/SurfaceFlinger( 1481): alpha changed 1.000 -> 0.000 - Surface(name=52726a9 InputMethod)/@0x71e9bcf - animation-leash of insets_animation#161523
02-11 22:00:51.574 E/msys    (15100): E[N mns]_LogError(228)=>Failed to resolve using system DNS resolver, getaddrinfo(): No address associated with hostname
02-11 22:00:51.574 E/msys    (15100): E[N mns]_OnDiskCacheGetData(632)=>Start post callback cache refresh DNS resolution
02-11 22:00:51.579 E/msys    (15100): E[N mns]_LogError(228)=>Failed to resolve using system DNS resolver, getaddrinfo(): No address associated with hostname
02-11 22:00:51.713 E/WindowManager( 1796): win=Window{4b6c0b8 u0 BackPanelController} destroySurfaces: appStopped=true cleanupOnResume=false win.mWindowRemovalAllowed=false win.mRemoveOnExit=false win.mViewVisibility=8 caller=com.android.server.wm.WindowManagerService.tryStartExitingAnimation:134 com.android.server.wm.WindowManagerService.relayoutWindow:1147 com.android.server.wm.Session.relayout:27 android.view.IWindowSession$Stub.onTransact:829 com.android.server.wm.Session.onTransact:1 android.os.Binder.execTransactInternal:1462 android.os.Binder.execTransact:1401 
02-11 22:00:51.862 E/NativeCustomFrequencyManager( 1481): [NativeCFMS] BpCustomFrequencyManager::acquire()
02-11 22:00:52.760 E/SatelliteController( 2911): registerForSatelliteModemStateChanged: mSatelliteSessionController is not initialized yet
02-11 22:00:52.767 E/SatelliteController( 2911): registerForSatelliteModemStateChanged: mSatelliteSessionController is not initialized yet
02-11 22:00:52.781 E/SatelliteController( 2911): notifyNtnEligibility: mSatellitePhone is null
02-11 22:00:53.240 E/WifiStaIfaceAidlImpl( 1796): getCachedScanData failed with service-specific exception: android.os.ServiceSpecificException:  (code 4)
02-11 22:00:53.445 E/msys    (15100): E[N mns]_OnDiskCacheGetData(632)=>Start post callback cache refresh DNS resolution
02-11 22:00:53.482 E/msys    (15100): E[N mns]_LogError(228)=>Failed to resolve using system DNS resolver, getaddrinfo(): No address associated with hostname
02-11 22:00:53.745 E/msys    (15100): E[N mns]_OnDiskCacheGetData(632)=>Start post callback cache refresh DNS resolution
02-11 22:00:53.777 E/msys    (15100): E[N mns]_LogError(228)=>Failed to resolve using system DNS resolver, getaddrinfo(): No address associated with hostname
02-11 22:00:54.985 E/TaskPersister( 1796): File error accessing recents directory (directory doesn't exist?).
02-11 22:00:55.061 E/pageboostd( 4551): Received HALT command code 2
02-11 22:00:55.085 E/com.whatsapp(11591): Invalid resource ID 0x00000000.
02-11 22:00:55.085 E/com.whatsapp(11591): Invalid resource ID 0x00000000.
02-11 22:00:55.086 E/com.whatsapp(11591): Invalid resource ID 0x00000000.
02-11 22:00:55.086 E/com.whatsapp(11591): Invalid resource ID 0x00000000.
02-11 22:00:55.086 E/com.whatsapp(11591): Invalid resource ID 0x00000000.
02-11 22:00:55.087 E/com.whatsapp(11591): Invalid resource ID 0x00000000.
02-11 22:00:55.087 E/com.whatsapp(11591): Invalid resource ID 0x00000000.
02-11 22:00:55.087 E/com.whatsapp(11591): Invalid resource ID 0x00000000.
02-11 22:00:55.087 E/com.whatsapp(11591): Invalid resource ID 0x00000000.
02-11 22:00:55.087 E/com.whatsapp(11591): Invalid resource ID 0x00000000.
02-11 22:00:55.087 E/com.whatsapp(11591): Invalid resource ID 0x00000000.
02-11 22:00:55.087 E/com.whatsapp(11591): Invalid resource ID 0x00000000.
02-11 22:00:55.087 E/com.whatsapp(11591): Invalid resource ID 0x00000000.
02-11 22:00:55.087 E/com.whatsapp(11591): Invalid resource ID 0x00000000.
02-11 22:00:55.087 E/com.whatsapp(11591): Invalid resource ID 0x00000000.
02-11 22:00:55.087 E/com.whatsapp(11591): Invalid resource ID 0x00000000.
02-11 22:00:55.087 E/com.whatsapp(11591): Invalid resource ID 0x00000000.
02-11 22:00:55.087 E/com.whatsapp(11591): Invalid resource ID 0x00000000.
02-11 22:00:55.216 E/pageboostd( 4551): Received HALT command code 2
02-11 22:00:55.227 E/SurfaceFlinger( 1481): alpha changed 1.000 -> 0.000 - TaskFragment{2372b55 mode=fullscreen}#161524
02-11 22:00:55.232 E/NativeCustomFrequencyManager( 1481): [NativeCFMS] BpCustomFrequencyManager::acquire()
02-11 22:00:55.236 E/SurfaceFlinger( 1481): alpha changed 0.000 -> 1.000 - TaskFragment{2372b55 mode=fullscreen}#161524
02-11 22:00:55.256 E/SamsungAccount( 8427): [FamilyGroupUtil] getCountryCodeListWithRegionMcc - no country code with region mcc
02-11 22:00:55.261 E/SurfaceFlinger( 1481): alpha changed 1.000 -> 0.000 - Surface(name=52726a9 InputMethod)/@0x71e9bcf - animation-leash of insets_animation#161532
02-11 22:00:55.383 E/AtomicFile( 6945): Failed to rename /data/user_de/0/com.samsung.android.honeyboard/files/selected.json.new to /data/user_de/0/com.samsung.android.honeyboard/files/selected.json
02-11 22:00:55.500 E/NotificationService( 1796): notification real name Exception
02-11 22:00:55.500 E/NotificationService( 1796): java.lang.NullPointerException: Attempt to invoke virtual method 'boolean com.android.server.notification.sec.NotificationRealNamePolicy.checkAllowedNotification(android.service.notification.StatusBarNotification)' on a null object reference
02-11 22:00:55.500 E/NotificationService( 1796): 	at com.android.server.notification.NotificationManagerService.enqueueNotificationInternal(qb/105196903 9f38fc1ce7a93800a4cb7aab7d961056d28113a8811dc2091b8cbd2ba3634ae9:124)
02-11 22:00:55.500 E/NotificationService( 1796): 	at com.android.server.notification.NotificationManagerService.enqueueNotificationInternal(qb/105196903 9f38fc1ce7a93800a4cb7aab7d961056d28113a8811dc2091b8cbd2ba3634ae9:2)
02-11 22:00:55.500 E/NotificationService( 1796): 	at com.android.server.notification.NotificationManagerService$17.enqueueNotificationWithTag(qb/105196903 9f38fc1ce7a93800a4cb7aab7d961056d28113a8811dc2091b8cbd2ba3634ae9:97)
02-11 22:00:55.500 E/NotificationService( 1796): 	at android.app.INotificationManager$Stub.onTransact(INotificationManager.java:2027)
02-11 22:00:55.500 E/NotificationService( 1796): 	at android.os.Binder.execTransactInternal(Binder.java:1462)
02-11 22:00:55.500 E/NotificationService( 1796): 	at android.os.Binder.execTransact(Binder.java:1401)
02-11 22:00:55.683 E/SamsungAccount( 8427): [FamilyGroupUtil] getCountryCodeListWithRegionMcc - no country code with region mcc
02-11 22:00:55.704 E/WindowManager( 1796): win=Window{f2df67b u0 com.whatsapp/com.whatsapp.home.ui.HomeActivity} destroySurfaces: appStopped=true cleanupOnResume=false win.mWindowRemovalAllowed=false win.mRemoveOnExit=false win.mViewVisibility=8 caller=com.android.server.wm.ActivityRecord.destroySurfaces:25 com.android.server.wm.ActivityRecord.activityStopped:192 com.android.server.wm.ActivityClientController.activityStopped:97 android.app.IActivityClientController$Stub.onTransact:726 com.android.server.wm.ActivityClientController.onTransact:1 android.os.Binder.execTransactInternal:1462 android.os.Binder.execTransact:1401 
02-11 22:00:55.721 E/SamsungAccount( 8427): [FamilyGroupUtil] getCountryCodeListWithRegionMcc - no country code with region mcc
02-11 22:00:55.735 E/SurfaceFlinger( 1481): alpha changed 0.000 -> 1.000 - Surface(name=52726a9 InputMethod)/@0x71e9bcf - animation-leash of insets_animation#161532
02-11 22:00:56.203 E/SecVibrator-HAL-AIDL-EXT( 1463): V_5_0: performPrebakedHapticPattern 1 : 4000 : 0
02-11 22:00:56.204 E/SecVibrator-HAL-AIDL-CORE( 1463): HW_API: [setRepeatForForceFeedbackAw]repeat: 0
02-11 22:00:56.204 E/SecVibrator-HAL-AIDL-CORE( 1463): HW_API: [setForceFeedbackAmplitude]amplitude: 4000
02-11 22:00:56.204 E/SecVibrator-HAL-AIDL-CORE( 1463): HW_API: [uploadForceFeedbackeffect]ioctl success ,uploaded effect with ID: 0
02-11 22:00:56.204 E/SecVibrator-HAL-AIDL-CORE( 1463): HW_API: do_on for timeoutMs: 1000
02-11 22:00:56.205 E/SecVibrator-HAL-AIDL-CORE( 1463): HW_API: [triggerForceFeedbackVibration]on: 1
02-11 22:00:56.231 E/SecVibrator-HAL-AIDL-CORE( 1463): V_2_0: Vibrator off
02-11 22:00:56.231 E/SecVibrator-HAL-AIDL-CORE( 1463): HW_API: do_off
02-11 22:00:56.231 E/SecVibrator-HAL-AIDL-CORE( 1463): HW_API: [triggerForceFeedbackVibration]on: 0
02-11 22:00:56.235 E/SecVibrator-HAL-AIDL-EXT( 1463): V_5_0: performPrebakedHapticPattern 1 : 4000 : 0
02-11 22:00:56.235 E/SecVibrator-HAL-AIDL-CORE( 1463): HW_API: [setRepeatForForceFeedbackAw]repeat: 0
02-11 22:00:56.236 E/SecVibrator-HAL-AIDL-CORE( 1463): HW_API: [setForceFeedbackAmplitude]amplitude: 4000
02-11 22:00:56.248 E/SecVibrator-HAL-AIDL-CORE( 1463): HW_API: [uploadForceFeedbackeffect]ioctl success ,uploaded effect with ID: 0
02-11 22:00:56.249 E/SecVibrator-HAL-AIDL-CORE( 1463): HW_API: do_on for timeoutMs: 1000
02-11 22:00:56.249 E/SecVibrator-HAL-AIDL-CORE( 1463): HW_API: [triggerForceFeedbackVibration]on: 1
02-11 22:00:56.286 E/HBD     ( 6945): RtsCueLocation updateCursorLoc failed, cursor info is not exist 
02-11 22:00:56.310 E/WifiStaIfaceAidlImpl( 1796): getCachedScanData failed with service-specific exception: android.os.ServiceSpecificException:  (code 4)
02-11 22:00:56.356 E/SecVibrator-HAL-AIDL-CORE( 1463): V_2_0: Vibrator off
02-11 22:00:56.356 E/SecVibrator-HAL-AIDL-CORE( 1463): HW_API: do_off
02-11 22:00:56.356 E/SecVibrator-HAL-AIDL-CORE( 1463): HW_API: [triggerForceFeedbackVibration]on: 0
02-11 22:00:56.422 E/SecVibrator-HAL-AIDL-EXT( 1463): V_5_0: performPrebakedHapticPattern 51 : 4000 : 0
02-11 22:00:56.422 E/SecVibrator-HAL-AIDL-CORE( 1463): HW_API: [setRepeatForForceFeedbackAw]repeat: 0
02-11 22:00:56.422 E/SecVibrator-HAL-AIDL-CORE( 1463): HW_API: [setForceFeedbackAmplitude]amplitude: 4000
02-11 22:00:56.422 E/SecVibrator-HAL-AIDL-CORE( 1463): HW_API: [uploadForceFeedbackeffect]ioctl success ,uploaded effect with ID: 0
02-11 22:00:56.422 E/SecVibrator-HAL-AIDL-CORE( 1463): HW_API: do_on for timeoutMs: 1000
02-11 22:00:56.422 E/SecVibrator-HAL-AIDL-CORE( 1463): HW_API: [triggerForceFeedbackVibration]on: 1
02-11 22:00:56.552 E/SecVibrator-HAL-AIDL-CORE( 1463): V_2_0: Vibrator off
02-11 22:00:56.552 E/SecVibrator-HAL-AIDL-CORE( 1463): HW_API: do_off
02-11 22:00:56.552 E/SecVibrator-HAL-AIDL-CORE( 1463): HW_API: [triggerForceFeedbackVibration]on: 0
02-11 22:00:56.638 E/SecVibrator-HAL-AIDL-EXT( 1463): V_5_0: performPrebakedHapticPattern 1 : 4000 : 0
02-11 22:00:56.639 E/SecVibrator-HAL-AIDL-CORE( 1463): HW_API: [setRepeatForForceFeedbackAw]repeat: 0
02-11 22:00:56.639 E/SecVibrator-HAL-AIDL-CORE( 1463): HW_API: [setForceFeedbackAmplitude]amplitude: 4000
02-11 22:00:56.639 E/SecVibrator-HAL-AIDL-CORE( 1463): HW_API: [uploadForceFeedbackeffect]ioctl success ,uploaded effect with ID: 0
02-11 22:00:56.640 E/SecVibrator-HAL-AIDL-CORE( 1463): HW_API: do_on for timeoutMs: 1000
02-11 22:00:56.640 E/SecVibrator-HAL-AIDL-CORE( 1463): HW_API: [triggerForceFeedbackVibration]on: 1
02-11 22:00:56.718 E/SecVibrator-HAL-AIDL-CORE( 1463): V_2_0: Vibrator off
02-11 22:00:56.718 E/SecVibrator-HAL-AIDL-CORE( 1463): HW_API: do_off
02-11 22:00:56.718 E/SecVibrator-HAL-AIDL-CORE( 1463): HW_API: [triggerForceFeedbackVibration]on: 0
02-11 22:00:56.724 E/SecVibrator-HAL-AIDL-EXT( 1463): V_5_0: performPrebakedHapticPattern 1 : 4000 : 0
02-11 22:00:56.724 E/SecVibrator-HAL-AIDL-CORE( 1463): HW_API: [setRepeatForForceFeedbackAw]repeat: 0
02-11 22:00:56.724 E/SecVibrator-HAL-AIDL-CORE( 1463): HW_API: [setForceFeedbackAmplitude]amplitude: 4000
02-11 22:00:56.725 E/SecVibrator-HAL-AIDL-CORE( 1463): HW_API: [uploadForceFeedbackeffect]ioctl success ,uploaded effect with ID: 0
02-11 22:00:56.725 E/SecVibrator-HAL-AIDL-CORE( 1463): HW_API: do_on for timeoutMs: 1000
02-11 22:00:56.725 E/SecVibrator-HAL-AIDL-CORE( 1463): HW_API: [triggerForceFeedbackVibration]on: 1
02-11 22:00:56.844 E/SecVibrator-HAL-AIDL-CORE( 1463): V_2_0: Vibrator off
02-11 22:00:56.844 E/SecVibrator-HAL-AIDL-CORE( 1463): HW_API: do_off
02-11 22:00:56.844 E/SecVibrator-HAL-AIDL-CORE( 1463): HW_API: [triggerForceFeedbackVibration]on: 0
02-11 22:00:56.893 E/SecVibrator-HAL-AIDL-EXT( 1463): V_5_0: performPrebakedHapticPattern 1 : 4000 : 0
02-11 22:00:56.893 E/SecVibrator-HAL-AIDL-CORE( 1463): HW_API: [setRepeatForForceFeedbackAw]repeat: 0
02-11 22:00:56.894 E/SecVibrator-HAL-AIDL-CORE( 1463): HW_API: [setForceFeedbackAmplitude]amplitude: 4000
02-11 22:00:56.901 E/SecVibrator-HAL-AIDL-CORE( 1463): HW_API: [uploadForceFeedbackeffect]ioctl success ,uploaded effect with ID: 0
02-11 22:00:56.901 E/SecVibrator-HAL-AIDL-CORE( 1463): HW_API: do_on for timeoutMs: 1000
02-11 22:00:56.901 E/SecVibrator-HAL-AIDL-CORE( 1463): HW_API: [triggerForceFeedbackVibration]on: 1
02-11 22:00:56.979 E/SecVibrator-HAL-AIDL-CORE( 1463): V_2_0: Vibrator off
02-11 22:00:56.979 E/SecVibrator-HAL-AIDL-CORE( 1463): HW_API: do_off
02-11 22:00:56.979 E/SecVibrator-HAL-AIDL-CORE( 1463): HW_API: [triggerForceFeedbackVibration]on: 0
02-11 22:00:56.990 E/SecVibrator-HAL-AIDL-EXT( 1463): V_5_0: performPrebakedHapticPattern 1 : 4000 : 0
02-11 22:00:56.990 E/SecVibrator-HAL-AIDL-CORE( 1463): HW_API: [setRepeatForForceFeedbackAw]repeat: 0
02-11 22:00:56.990 E/SecVibrator-HAL-AIDL-CORE( 1463): HW_API: [setForceFeedbackAmplitude]amplitude: 4000
02-11 22:00:56.995 E/SecVibrator-HAL-AIDL-CORE( 1463): HW_API: [uploadForceFeedbackeffect]ioctl success ,uploaded effect with ID: 0
02-11 22:00:56.995 E/SecVibrator-HAL-AIDL-CORE( 1463): HW_API: do_on for timeoutMs: 1000
02-11 22:00:56.995 E/SecVibrator-HAL-AIDL-CORE( 1463): HW_API: [triggerForceFeedbackVibration]on: 1
02-11 22:00:57.109 E/SecVibrator-HAL-AIDL-CORE( 1463): V_2_0: Vibrator off
02-11 22:00:57.109 E/SecVibrator-HAL-AIDL-CORE( 1463): HW_API: do_off
02-11 22:00:57.109 E/SecVibrator-HAL-AIDL-CORE( 1463): HW_API: [triggerForceFeedbackVibration]on: 0
02-11 22:00:57.143 E/SecVibrator-HAL-AIDL-EXT( 1463): V_5_0: performPrebakedHapticPattern 1 : 4000 : 0
02-11 22:00:57.143 E/SecVibrator-HAL-AIDL-CORE( 1463): HW_API: [setRepeatForForceFeedbackAw]repeat: 0
02-11 22:00:57.143 E/SecVibrator-HAL-AIDL-CORE( 1463): HW_API: [setForceFeedbackAmplitude]amplitude: 4000
02-11 22:00:57.143 E/SecVibrator-HAL-AIDL-CORE( 1463): HW_API: [uploadForceFeedbackeffect]ioctl success ,uploaded effect with ID: 0
02-11 22:00:57.143 E/SecVibrator-HAL-AIDL-CORE( 1463): HW_API: do_on for timeoutMs: 1000
02-11 22:00:57.143 E/SecVibrator-HAL-AIDL-CORE( 1463): HW_API: [triggerForceFeedbackVibration]on: 1
02-11 22:00:57.201 E/SecVibrator-HAL-AIDL-CORE( 1463): V_2_0: Vibrator off
02-11 22:00:57.201 E/SecVibrator-HAL-AIDL-CORE( 1463): HW_API: do_off
02-11 22:00:57.201 E/SecVibrator-HAL-AIDL-CORE( 1463): HW_API: [triggerForceFeedbackVibration]on: 0
02-11 22:00:57.216 E/SecVibrator-HAL-AIDL-EXT( 1463): V_5_0: performPrebakedHapticPattern 51 : 4000 : 0
02-11 22:00:57.216 E/SecVibrator-HAL-AIDL-CORE( 1463): HW_API: [setRepeatForForceFeedbackAw]repeat: 0
02-11 22:00:57.216 E/SecVibrator-HAL-AIDL-CORE( 1463): HW_API: [setForceFeedbackAmplitude]amplitude: 4000
02-11 22:00:57.220 E/SecVibrator-HAL-AIDL-CORE( 1463): HW_API: [uploadForceFeedbackeffect]ioctl success ,uploaded effect with ID: 0
02-11 22:00:57.220 E/SecVibrator-HAL-AIDL-CORE( 1463): HW_API: do_on for timeoutMs: 1000
02-11 22:00:57.220 E/SecVibrator-HAL-AIDL-CORE( 1463): HW_API: [triggerForceFeedbackVibration]on: 1
02-11 22:00:57.344 E/SecVibrator-HAL-AIDL-CORE( 1463): V_2_0: Vibrator off
02-11 22:00:57.344 E/SecVibrator-HAL-AIDL-CORE( 1463): HW_API: do_off
02-11 22:00:57.344 E/SecVibrator-HAL-AIDL-CORE( 1463): HW_API: [triggerForceFeedbackVibration]on: 0
02-11 22:00:57.536 E/SecVibrator-HAL-AIDL-EXT( 1463): V_5_0: performPrebakedHapticPattern 1 : 4000 : 0
02-11 22:00:57.536 E/SecVibrator-HAL-AIDL-CORE( 1463): HW_API: [setRepeatForForceFeedbackAw]repeat: 0
02-11 22:00:57.536 E/SecVibrator-HAL-AIDL-CORE( 1463): HW_API: [setForceFeedbackAmplitude]amplitude: 4000
02-11 22:00:57.536 E/SecVibrator-HAL-AIDL-CORE( 1463): HW_API: [uploadForceFeedbackeffect]ioctl success ,uploaded effect with ID: 0
02-11 22:00:57.536 E/SecVibrator-HAL-AIDL-CORE( 1463): HW_API: do_on for timeoutMs: 1000
02-11 22:00:57.537 E/SecVibrator-HAL-AIDL-CORE( 1463): HW_API: [triggerForceFeedbackVibration]on: 1
02-11 22:00:57.656 E/SecVibrator-HAL-AIDL-CORE( 1463): V_2_0: Vibrator off
02-11 22:00:57.657 E/SecVibrator-HAL-AIDL-CORE( 1463): HW_API: do_off
02-11 22:00:57.657 E/SecVibrator-HAL-AIDL-CORE( 1463): HW_API: [triggerForceFeedbackVibration]on: 0
02-11 22:00:57.744 E/SecVibrator-HAL-AIDL-EXT( 1463): V_5_0: performPrebakedHapticPattern 1 : 4000 : 0
02-11 22:00:57.745 E/SecVibrator-HAL-AIDL-CORE( 1463): HW_API: [setRepeatForForceFeedbackAw]repeat: 0
02-11 22:00:57.745 E/SecVibrator-HAL-AIDL-CORE( 1463): HW_API: [setForceFeedbackAmplitude]amplitude: 4000
02-11 22:00:57.746 E/SecVibrator-HAL-AIDL-CORE( 1463): HW_API: [uploadForceFeedbackeffect]ioctl success ,uploaded effect with ID: 0
02-11 22:00:57.746 E/SecVibrator-HAL-AIDL-CORE( 1463): HW_API: do_on for timeoutMs: 1000
02-11 22:00:57.747 E/SecVibrator-HAL-AIDL-CORE( 1463): HW_API: [triggerForceFeedbackVibration]on: 1
02-11 22:00:57.826 E/SecVibrator-HAL-AIDL-CORE( 1463): V_2_0: Vibrator off
02-11 22:00:57.826 E/SecVibrator-HAL-AIDL-CORE( 1463): HW_API: do_off
02-11 22:00:57.826 E/SecVibrator-HAL-AIDL-CORE( 1463): HW_API: [triggerForceFeedbackVibration]on: 0
02-11 22:00:57.835 E/SecVibrator-HAL-AIDL-EXT( 1463): V_5_0: performPrebakedHapticPattern 1 : 4000 : 0
02-11 22:00:57.835 E/SecVibrator-HAL-AIDL-CORE( 1463): HW_API: [setRepeatForForceFeedbackAw]repeat: 0
02-11 22:00:57.836 E/SecVibrator-HAL-AIDL-CORE( 1463): HW_API: [setForceFeedbackAmplitude]amplitude: 4000
02-11 22:00:57.836 E/SecVibrator-HAL-AIDL-CORE( 1463): HW_API: [uploadForceFeedbackeffect]ioctl success ,uploaded effect with ID: 0
02-11 22:00:57.836 E/SecVibrator-HAL-AIDL-CORE( 1463): HW_API: do_on for timeoutMs: 1000
02-11 22:00:57.836 E/SecVibrator-HAL-AIDL-CORE( 1463): HW_API: [triggerForceFeedbackVibration]on: 1
02-11 22:00:57.951 E/SecVibrator-HAL-AIDL-CORE( 1463): V_2_0: Vibrator off
02-11 22:00:57.951 E/SecVibrator-HAL-AIDL-CORE( 1463): HW_API: do_off
02-11 22:00:57.951 E/SecVibrator-HAL-AIDL-CORE( 1463): HW_API: [triggerForceFeedbackVibration]on: 0
02-11 22:00:57.998 E/SecVibrator-HAL-AIDL-EXT( 1463): V_5_0: performPrebakedHapticPattern 1 : 4000 : 0
02-11 22:00:57.999 E/SecVibrator-HAL-AIDL-CORE( 1463): HW_API: [setRepeatForForceFeedbackAw]repeat: 0
02-11 22:00:57.999 E/SecVibrator-HAL-AIDL-CORE( 1463): HW_API: [setForceFeedbackAmplitude]amplitude: 4000
02-11 22:00:57.999 E/SecVibrator-HAL-AIDL-CORE( 1463): HW_API: [uploadForceFeedbackeffect]ioctl success ,uploaded effect with ID: 0
02-11 22:00:57.999 E/SecVibrator-HAL-AIDL-CORE( 1463): HW_API: do_on for timeoutMs: 1000
02-11 22:00:57.999 E/SecVibrator-HAL-AIDL-CORE( 1463): HW_API: [triggerForceFeedbackVibration]on: 1
02-11 22:00:58.062 E/TaskPersister( 1796): File error accessing recents directory (directory doesn't exist?).
02-11 22:00:58.120 E/SecVibrator-HAL-AIDL-CORE( 1463): V_2_0: Vibrator off
02-11 22:00:58.120 E/SecVibrator-HAL-AIDL-CORE( 1463): HW_API: do_off
02-11 22:00:58.120 E/SecVibrator-HAL-AIDL-CORE( 1463): HW_API: [triggerForceFeedbackVibration]on: 0
02-11 22:00:58.184 E/SecVibrator-HAL-AIDL-EXT( 1463): V_5_0: performPrebakedHapticPattern 51 : 4000 : 0
02-11 22:00:58.184 E/SecVibrator-HAL-AIDL-CORE( 1463): HW_API: [setRepeatForForceFeedbackAw]repeat: 0
02-11 22:00:58.184 E/SecVibrator-HAL-AIDL-CORE( 1463): HW_API: [setForceFeedbackAmplitude]amplitude: 4000
02-11 22:00:58.185 E/SecVibrator-HAL-AIDL-CORE( 1463): HW_API: [uploadForceFeedbackeffect]ioctl success ,uploaded effect with ID: 0
02-11 22:00:58.185 E/SecVibrator-HAL-AIDL-CORE( 1463): HW_API: do_on for timeoutMs: 1000
02-11 22:00:58.185 E/SecVibrator-HAL-AIDL-CORE( 1463): HW_API: [triggerForceFeedbackVibration]on: 1
02-11 22:00:58.315 E/SecVibrator-HAL-AIDL-CORE( 1463): V_2_0: Vibrator off
02-11 22:00:58.315 E/SecVibrator-HAL-AIDL-CORE( 1463): HW_API: do_off
02-11 22:00:58.315 E/SecVibrator-HAL-AIDL-CORE( 1463): HW_API: [triggerForceFeedbackVibration]on: 0
02-11 22:00:58.337 E/SecVibrator-HAL-AIDL-EXT( 1463): V_5_0: performPrebakedHapticPattern 51 : 4000 : 0
02-11 22:00:58.339 E/SecVibrator-HAL-AIDL-CORE( 1463): HW_API: [setRepeatForForceFeedbackAw]repeat: 0
02-11 22:00:58.339 E/SecVibrator-HAL-AIDL-CORE( 1463): HW_API: [setForceFeedbackAmplitude]amplitude: 4000
02-11 22:00:58.350 E/SecVibrator-HAL-AIDL-CORE( 1463): HW_API: [uploadForceFeedbackeffect]ioctl success ,uploaded effect with ID: 0
02-11 22:00:58.350 E/SecVibrator-HAL-AIDL-CORE( 1463): HW_API: do_on for timeoutMs: 1000
02-11 22:00:58.350 E/SecVibrator-HAL-AIDL-CORE( 1463): HW_API: [triggerForceFeedbackVibration]on: 1
02-11 22:00:58.421 E/SecVibrator-HAL-AIDL-CORE( 1463): V_2_0: Vibrator off
02-11 22:00:58.421 E/SecVibrator-HAL-AIDL-CORE( 1463): HW_API: do_off
02-11 22:00:58.421 E/SecVibrator-HAL-AIDL-CORE( 1463): HW_API: [triggerForceFeedbackVibration]on: 0
02-11 22:00:58.426 E/SecVibrator-HAL-AIDL-EXT( 1463): V_5_0: performPrebakedHapticPattern 1 : 4000 : 0
02-11 22:00:58.427 E/SecVibrator-HAL-AIDL-CORE( 1463): HW_API: [setRepeatForForceFeedbackAw]repeat: 0
02-11 22:00:58.427 E/SecVibrator-HAL-AIDL-CORE( 1463): HW_API: [setForceFeedbackAmplitude]amplitude: 4000
02-11 22:00:58.430 E/SecVibrator-HAL-AIDL-CORE( 1463): HW_API: [uploadForceFeedbackeffect]ioctl success ,uploaded effect with ID: 0
02-11 22:00:58.430 E/SecVibrator-HAL-AIDL-CORE( 1463): HW_API: do_on for timeoutMs: 1000
02-11 22:00:58.430 E/SecVibrator-HAL-AIDL-CORE( 1463): HW_API: [triggerForceFeedbackVibration]on: 1
02-11 22:00:58.545 E/SecVibrator-HAL-AIDL-CORE( 1463): V_2_0: Vibrator off
02-11 22:00:58.545 E/SecVibrator-HAL-AIDL-CORE( 1463): HW_API: do_off
02-11 22:00:58.545 E/SecVibrator-HAL-AIDL-CORE( 1463): HW_API: [triggerForceFeedbackVibration]on: 0
02-11 22:00:58.786 E/msys    (15100): E[N mns]_OnDiskCacheGetData(632)=>Start post callback cache refresh DNS resolution
02-11 22:00:58.809 E/msys    (15100): E[N mns]_LogError(228)=>Failed to resolve using system DNS resolver, getaddrinfo(): No address associated with hostname
02-11 22:00:58.809 E/msys    (15100): E[N mns]_OnDiskCacheGetData(632)=>Start post callback cache refresh DNS resolution
02-11 22:00:58.816 E/msys    (15100): E[N mns]_LogError(228)=>Failed to resolve using system DNS resolver, getaddrinfo(): No address associated with hostname
02-11 22:00:58.940 E/SamsungAccount( 8427): [FamilyGroupUtil] getCountryCodeListWithRegionMcc - no country code with region mcc
02-11 22:00:58.967 E/SamsungAccount( 8427): [FamilyGroupUtil] getCountryCodeListWithRegionMcc - no country code with region mcc
02-11 22:00:59.017 E/SamsungAccount( 8427): [FamilyGroupUtil] getCountryCodeListWithRegionMcc - no country code with region mcc
02-11 22:00:59.244 E/SecVibrator-HAL-AIDL-EXT( 1463): V_5_0: performPrebakedHapticPattern 23 : 4000 : 0
02-11 22:00:59.244 E/SecVibrator-HAL-AIDL-CORE( 1463): HW_API: [setRepeatForForceFeedbackAw]repeat: 0
02-11 22:00:59.244 E/SecVibrator-HAL-AIDL-CORE( 1463): HW_API: [setForceFeedbackAmplitude]amplitude: 4000
02-11 22:00:59.244 E/SecVibrator-HAL-AIDL-CORE( 1463): HW_API: [uploadForceFeedbackeffect]ioctl success ,uploaded effect with ID: 0
02-11 22:00:59.244 E/SecVibrator-HAL-AIDL-CORE( 1463): HW_API: do_on for timeoutMs: 1000
02-11 22:00:59.244 E/SecVibrator-HAL-AIDL-CORE( 1463): HW_API: [triggerForceFeedbackVibration]on: 1
02-11 22:00:59.336 E/WifiStaIfaceAidlImpl( 1796): getCachedScanData failed with service-specific exception: android.os.ServiceSpecificException:  (code 4)
02-11 22:00:59.365 E/SecVibrator-HAL-AIDL-CORE( 1463): V_2_0: Vibrator off
02-11 22:00:59.365 E/SecVibrator-HAL-AIDL-CORE( 1463): HW_API: do_off
02-11 22:00:59.365 E/SecVibrator-HAL-AIDL-CORE( 1463): HW_API: [triggerForceFeedbackVibration]on: 0
02-11 22:00:59.366 E/MediaCodec( 1639): Media Quality Service not found.
02-11 22:00:59.367 E/Codec2-ComponentInterface( 1667): We have a failed config
02-11 22:00:59.367 E/mediaserver( 1639): Failed to query component interface for required system resources: 6
02-11 22:00:59.372 E/Codec2-ComponentInterface( 1667): We have a failed config
02-11 22:00:59.574 E/msys    (15100): E[N mns]_OnDiskCacheGetData(632)=>Start post callback cache refresh DNS resolution
02-11 22:00:59.589 E/msys    (15100): E[N mns]_LogError(228)=>Failed to resolve using system DNS resolver, getaddrinfo(): No address associated with hostname
02-11 22:00:59.637 E/WindowManager( 1796): win=Window{4b6c0b8 u0 BackPanelController} destroySurfaces: appStopped=true cleanupOnResume=false win.mWindowRemovalAllowed=false win.mRemoveOnExit=false win.mViewVisibility=8 caller=com.android.server.wm.WindowManagerService.tryStartExitingAnimation:134 com.android.server.wm.WindowManagerService.relayoutWindow:1147 com.android.server.wm.Session.relayout:27 android.view.IWindowSession$Stub.onTransact:829 com.android.server.wm.Session.onTransact:1 android.os.Binder.execTransactInternal:1462 android.os.Binder.execTransact:1401 
02-11 22:00:59.883 E/msys    (15100): E[N mns]_OnDiskCacheGetData(632)=>Start post callback cache refresh DNS resolution
02-11 22:00:59.901 E/WindowManager( 1796): win=Window{52726a9 u0 InputMethod} destroySurfaces: appStopped=true cleanupOnResume=false win.mWindowRemovalAllowed=false win.mRemoveOnExit=false win.mViewVisibility=8 caller=com.android.server.wm.WindowManagerService.tryStartExitingAnimation:134 com.android.server.wm.WindowManagerService.relayoutWindow:1147 com.android.server.wm.Session.relayout:27 android.view.IWindowSession$Stub.onTransact:829 com.android.server.wm.Session.onTransact:1 android.os.Binder.execTransactInternal:1457 android.os.Binder.execTransact:1401 
02-11 22:00:59.922 E/msys    (15100): E[N mns]_LogError(228)=>Failed to resolve using system DNS resolver, getaddrinfo(): No address associated with hostname
02-11 22:00:59.923 E/SurfaceFlinger( 1481): alpha changed 1.000 -> 0.000 - Surface(name=52726a9 InputMethod)/@0x71e9bcf - animation-leash of insets_animation#161539
02-11 22:01:00.699 E/SecVibrator-HAL-AIDL-EXT( 1463): V_5_0: performPrebakedHapticPattern 23 : 4000 : 0
02-11 22:01:00.700 E/SecVibrator-HAL-AIDL-CORE( 1463): HW_API: [setRepeatForForceFeedbackAw]repeat: 0
02-11 22:01:00.700 E/SecVibrator-HAL-AIDL-CORE( 1463): HW_API: [setForceFeedbackAmplitude]amplitude: 4000
02-11 22:01:00.700 E/SecVibrator-HAL-AIDL-CORE( 1463): HW_API: [uploadForceFeedbackeffect]ioctl success ,uploaded effect with ID: 0
02-11 22:01:00.700 E/SecVibrator-HAL-AIDL-CORE( 1463): HW_API: do_on for timeoutMs: 1000
02-11 22:01:00.700 E/SecVibrator-HAL-AIDL-CORE( 1463): HW_API: [triggerForceFeedbackVibration]on: 1
02-11 22:01:00.806 E/SamsungAccount( 8427): [FamilyGroupUtil] getCountryCodeListWithRegionMcc - no country code with region mcc
02-11 22:01:00.819 E/SecVibrator-HAL-AIDL-CORE( 1463): V_2_0: Vibrator off
02-11 22:01:00.819 E/SecVibrator-HAL-AIDL-CORE( 1463): HW_API: do_off
02-11 22:01:00.820 E/SecVibrator-HAL-AIDL-CORE( 1463): HW_API: [triggerForceFeedbackVibration]on: 0
02-11 22:01:00.822 E/SurfaceFlinger( 1481): alpha changed 1.000 -> 0.000 - Surface(name=52726a9 InputMethod)/@0x71e9bcf - animation-leash of insets_animation#161545
02-11 22:01:00.978 E/WindowManager( 1796): win=Window{4b6c0b8 u0 BackPanelController} destroySurfaces: appStopped=true cleanupOnResume=false win.mWindowRemovalAllowed=false win.mRemoveOnExit=false win.mViewVisibility=8 caller=com.android.server.wm.WindowManagerService.tryStartExitingAnimation:134 com.android.server.wm.WindowManagerService.relayoutWindow:1147 com.android.server.wm.Session.relayout:27 android.view.IWindowSession$Stub.onTransact:829 com.android.server.wm.Session.onTransact:1 android.os.Binder.execTransactInternal:1462 android.os.Binder.execTransact:1401 
02-11 22:01:01.109 E/NativeCustomFrequencyManager( 1481): [NativeCFMS] BpCustomFrequencyManager::acquire()
02-11 22:01:01.268 E/NotificationService( 1796): notification real name Exception
02-11 22:01:01.268 E/NotificationService( 1796): java.lang.NullPointerException: Attempt to invoke virtual method 'boolean com.android.server.notification.sec.NotificationRealNamePolicy.checkAllowedNotification(android.service.notification.StatusBarNotification)' on a null object reference
02-11 22:01:01.268 E/NotificationService( 1796): 	at com.android.server.notification.NotificationManagerService.enqueueNotificationInternal(qb/105196903 9f38fc1ce7a93800a4cb7aab7d961056d28113a8811dc2091b8cbd2ba3634ae9:124)
02-11 22:01:01.268 E/NotificationService( 1796): 	at com.android.server.notification.NotificationManagerService.enqueueNotificationInternal(qb/105196903 9f38fc1ce7a93800a4cb7aab7d961056d28113a8811dc2091b8cbd2ba3634ae9:2)
02-11 22:01:01.268 E/NotificationService( 1796): 	at com.android.server.notification.NotificationManagerService$17.enqueueNotificationWithTag(qb/105196903 9f38fc1ce7a93800a4cb7aab7d961056d28113a8811dc2091b8cbd2ba3634ae9:97)
02-11 22:01:01.268 E/NotificationService( 1796): 	at android.app.INotificationManager$Stub.onTransact(INotificationManager.java:2027)
02-11 22:01:01.268 E/NotificationService( 1796): 	at android.os.Binder.execTransactInternal(Binder.java:1462)
02-11 22:01:01.268 E/NotificationService( 1796): 	at android.os.Binder.execTransact(Binder.java:1401)
02-11 22:01:01.270 E/NotificationService( 1796): notification real name Exception
02-11 22:01:01.270 E/NotificationService( 1796): java.lang.NullPointerException: Attempt to invoke virtual method 'boolean com.android.server.notification.sec.NotificationRealNamePolicy.checkAllowedNotification(android.service.notification.StatusBarNotification)' on a null object reference
02-11 22:01:01.270 E/NotificationService( 1796): 	at com.android.server.notification.NotificationManagerService.enqueueNotificationInternal(qb/105196903 9f38fc1ce7a93800a4cb7aab7d961056d28113a8811dc2091b8cbd2ba3634ae9:124)
02-11 22:01:01.270 E/NotificationService( 1796): 	at com.android.server.notification.NotificationManagerService.enqueueNotificationInternal(qb/105196903 9f38fc1ce7a93800a4cb7aab7d961056d28113a8811dc2091b8cbd2ba3634ae9:2)
02-11 22:01:01.270 E/NotificationService( 1796): 	at com.android.server.notification.NotificationManagerService$17.enqueueNotificationWithTag(qb/105196903 9f38fc1ce7a93800a4cb7aab7d961056d28113a8811dc2091b8cbd2ba3634ae9:97)
02-11 22:01:01.270 E/NotificationService( 1796): 	at android.app.INotificationManager$Stub.onTransact(INotificationManager.java:2027)
02-11 22:01:01.270 E/NotificationService( 1796): 	at android.os.Binder.execTransactInternal(Binder.java:1462)
02-11 22:01:01.270 E/NotificationService( 1796): 	at android.os.Binder.execTransact(Binder.java:1401)
02-11 22:01:02.185 E/pageboostd( 4551): Received HALT command code 2
02-11 22:01:02.212 E/com.whatsapp(11591): Invalid resource ID 0x00000000.
02-11 22:01:02.212 E/com.whatsapp(11591): Invalid resource ID 0x00000000.
02-11 22:01:02.212 E/com.whatsapp(11591): Invalid resource ID 0x00000000.
02-11 22:01:02.213 E/com.whatsapp(11591): Invalid resource ID 0x00000000.
02-11 22:01:02.213 E/com.whatsapp(11591): Invalid resource ID 0x00000000.
02-11 22:01:02.214 E/com.whatsapp(11591): Invalid resource ID 0x00000000.
02-11 22:01:02.214 E/com.whatsapp(11591): Invalid resource ID 0x00000000.
02-11 22:01:02.214 E/com.whatsapp(11591): Invalid resource ID 0x00000000.
02-11 22:01:02.214 E/com.whatsapp(11591): Invalid resource ID 0x00000000.
02-11 22:01:02.214 E/com.whatsapp(11591): Invalid resource ID 0x00000000.
02-11 22:01:02.214 E/com.whatsapp(11591): Invalid resource ID 0x00000000.
02-11 22:01:02.214 E/com.whatsapp(11591): Invalid resource ID 0x00000000.
02-11 22:01:02.214 E/com.whatsapp(11591): Invalid resource ID 0x00000000.
02-11 22:01:02.214 E/com.whatsapp(11591): Invalid resource ID 0x00000000.
02-11 22:01:02.214 E/com.whatsapp(11591): Invalid resource ID 0x00000000.
02-11 22:01:02.214 E/com.whatsapp(11591): Invalid resource ID 0x00000000.
02-11 22:01:02.214 E/com.whatsapp(11591): Invalid resource ID 0x00000000.
02-11 22:01:02.214 E/com.whatsapp(11591): Invalid resource ID 0x00000000.
02-11 22:01:02.336 E/pageboostd( 4551): Received HALT command code 2
02-11 22:01:02.345 E/SurfaceFlinger( 1481): alpha changed 1.000 -> 0.000 - TaskFragment{dab66e1 mode=fullscreen}#161546
02-11 22:01:02.345 E/SurfaceFlinger( 1481): alpha changed 0.000 -> 1.000 - TaskFragment{dab66e1 mode=fullscreen}#161546
02-11 22:01:02.359 E/WifiStaIfaceAidlImpl( 1796): getCachedScanData failed with service-specific exception: android.os.ServiceSpecificException:  (code 4)
02-11 22:01:02.443 E/SamsungAccount( 8427): [FamilyGroupUtil] getCountryCodeListWithRegionMcc - no country code with region mcc
02-11 22:01:02.445 E/SurfaceFlinger( 1481): alpha changed 1.000 -> 0.000 - Surface(name=52726a9 InputMethod)/@0x71e9bcf - animation-leash of insets_animation#161554
02-11 22:01:02.453 E/AtomicFile( 6945): Failed to rename /data/user_de/0/com.samsung.android.honeyboard/files/selected.json.new to /data/user_de/0/com.samsung.android.honeyboard/files/selected.json
02-11 22:01:02.613 E/NativeCustomFrequencyManager( 1481): [NativeCFMS] BpCustomFrequencyManager::acquire()
02-11 22:01:02.677 E/NotificationService( 1796): notification real name Exception
02-11 22:01:02.677 E/NotificationService( 1796): java.lang.NullPointerException: Attempt to invoke virtual method 'boolean com.android.server.notification.sec.NotificationRealNamePolicy.checkAllowedNotification(android.service.notification.StatusBarNotification)' on a null object reference
02-11 22:01:02.677 E/NotificationService( 1796): 	at com.android.server.notification.NotificationManagerService.enqueueNotificationInternal(qb/105196903 9f38fc1ce7a93800a4cb7aab7d961056d28113a8811dc2091b8cbd2ba3634ae9:124)
02-11 22:01:02.677 E/NotificationService( 1796): 	at com.android.server.notification.NotificationManagerService.enqueueNotificationInternal(qb/105196903 9f38fc1ce7a93800a4cb7aab7d961056d28113a8811dc2091b8cbd2ba3634ae9:2)
02-11 22:01:02.677 E/NotificationService( 1796): 	at com.android.server.notification.NotificationManagerService$17.enqueueNotificationWithTag(qb/105196903 9f38fc1ce7a93800a4cb7aab7d961056d28113a8811dc2091b8cbd2ba3634ae9:97)
02-11 22:01:02.677 E/NotificationService( 1796): 	at android.app.INotificationManager$Stub.onTransact(INotificationManager.java:2027)
02-11 22:01:02.677 E/NotificationService( 1796): 	at android.os.Binder.execTransactInternal(Binder.java:1462)
02-11 22:01:02.677 E/NotificationService( 1796): 	at android.os.Binder.execTransact(Binder.java:1401)
02-11 22:01:02.822 E/WindowManager( 1796): win=Window{f2df67b u0 com.whatsapp/com.whatsapp.home.ui.HomeActivity} destroySurfaces: appStopped=true cleanupOnResume=false win.mWindowRemovalAllowed=false win.mRemoveOnExit=false win.mViewVisibility=8 caller=com.android.server.wm.ActivityRecord.destroySurfaces:25 com.android.server.wm.ActivityRecord.activityStopped:192 com.android.server.wm.ActivityClientController.activityStopped:97 android.app.IActivityClientController$Stub.onTransact:726 com.android.server.wm.ActivityClientController.onTransact:1 android.os.Binder.execTransactInternal:1462 android.os.Binder.execTransact:1401 
02-11 22:01:04.739 E/TaskPersister( 1796): File error accessing recents directory (directory doesn't exist?).
02-11 22:01:05.418 E/WifiStaIfaceAidlImpl( 1796): getCachedScanData failed with service-specific exception: android.os.ServiceSpecificException:  (code 4)
02-11 22:01:06.022 E/msys    (15100): E[N mns]_OnDiskCacheGetData(632)=>Start post callback cache refresh DNS resolution
02-11 22:01:06.055 E/msys    (15100): E[N mns]_LogError(228)=>Failed to resolve using system DNS resolver, getaddrinfo(): No address associated with hostname
02-11 22:01:06.055 E/msys    (15100): E[N mns]_OnDiskCacheGetData(632)=>Start post callback cache refresh DNS resolution
02-11 22:01:06.063 E/msys    (15100): E[N mns]_LogError(228)=>Failed to resolve using system DNS resolver, getaddrinfo(): No address associated with hostname
02-11 22:01:06.678 E/msys    (15100): E[N mns]_OnDiskCacheGetData(632)=>Start post callback cache refresh DNS resolution
02-11 22:01:06.717 E/msys    (15100): E[N mns]_LogError(228)=>Failed to resolve using system DNS resolver, getaddrinfo(): No address associated with hostname
02-11 22:01:07.508 E/msys    (15100): E[N mns]_OnDiskCacheGetData(632)=>Start post callback cache refresh DNS resolution
02-11 22:01:07.525 E/msys    (15100): E[N mns]_LogError(228)=>Failed to resolve using system DNS resolver, getaddrinfo(): No address associated with hostname
02-11 22:01:07.560 E/SimCardManagerServiceProvider( 2646): isDefaultDataSlotAllowed: service is not running.
02-11 22:01:07.615 E/WindowManager( 1796): win=Window{a363a28 u0 com.sec.android.app.launcher/com.samsung.app.honeyspace.edge.edgepanel.app.CocktailBarService} destroySurfaces: appStopped=true cleanupOnResume=false win.mWindowRemovalAllowed=false win.mRemoveOnExit=false win.mViewVisibility=8 caller=com.android.server.wm.WindowManagerService.tryStartExitingAnimation:134 com.android.server.wm.WindowManagerService.relayoutWindow:1147 com.android.server.wm.Session.relayout:27 android.view.IWindowSession$Stub.onTransact:829 com.android.server.wm.Session.onTransact:1 android.os.Binder.execTransactInternal:1457 android.os.Binder.execTransact:1401 
02-11 22:01:07.615 E/NativeCustomFrequencyManager( 1481): [NativeCFMS] BpCustomFrequencyManager::acquire()
02-11 22:01:08.492 E/WifiStaIfaceAidlImpl( 1796): getCachedScanData failed with service-specific exception: android.os.ServiceSpecificException:  (code 4)
02-11 22:01:08.693 E/NowBarCardStackView( 2646): getTopCard topCard is null view size = 0
02-11 22:01:09.615 E/NowBarCardStackView( 2646): getTopCard topCard is null view size = 0
02-11 22:01:09.703 E/SecVibrator-HAL-AIDL-EXT( 1463): V_5_0: performPrebakedHapticPattern 27 : 4000 : 0
02-11 22:01:09.703 E/SecVibrator-HAL-AIDL-CORE( 1463): HW_API: [setRepeatForForceFeedbackAw]repeat: 0
02-11 22:01:09.703 E/SecVibrator-HAL-AIDL-CORE( 1463): HW_API: [setForceFeedbackAmplitude]amplitude: 4000
02-11 22:01:09.704 E/SecVibrator-HAL-AIDL-CORE( 1463): HW_API: [uploadForceFeedbackeffect]ioctl success ,uploaded effect with ID: 0
02-11 22:01:09.704 E/SecVibrator-HAL-AIDL-CORE( 1463): HW_API: do_on for timeoutMs: 1000
02-11 22:01:09.705 E/SecVibrator-HAL-AIDL-CORE( 1463): HW_API: [triggerForceFeedbackVibration]on: 1
02-11 22:01:09.901 E/HwcComposer( 1481): getLuts failed Status(-129, EX_TRANSACTION_FAILED): 'UNKNOWN_TRANSACTION: '
02-11 22:01:09.932 E/msys    (15100): E[N mns]_CacheRefreshTimerCallback(454)=>Start active cache refresh DNS resolution
02-11 22:01:09.935 E/msys    (15100): E[N mns]_CacheRefreshTimerCallback(454)=>Start active cache refresh DNS resolution
02-11 22:01:09.935 E/msys    (15100): E[N mns]_CacheRefreshTimerCallback(454)=>Start active cache refresh DNS resolution
02-11 22:01:09.935 E/msys    (15100): E[N mns]_CacheRefreshTimerCallback(454)=>Start active cache refresh DNS resolution
02-11 22:01:09.935 E/msys    (15100): E[N mns]_CacheRefreshTimerCallback(454)=>Start active cache refresh DNS resolution
02-11 22:01:09.939 E/msys    (15100): E[N mns]_CacheRefreshTimerCallback(454)=>Start active cache refresh DNS resolution
02-11 22:01:09.939 E/msys    (15100): E[N mns]_LogError(228)=>Failed to resolve using system DNS resolver, getaddrinfo(): No address associated with hostname
02-11 22:01:09.940 E/msys    (15100): E[N mns]_LogError(228)=>Failed to resolve using system DNS resolver, getaddrinfo(): No address associated with hostname
02-11 22:01:09.940 E/msys    (15100): E[N mns]_LogError(228)=>Failed to resolve using system DNS resolver, getaddrinfo(): No address associated with hostname
02-11 22:01:09.940 E/msys    (15100): E[N mns]_LogError(228)=>Failed to resolve using system DNS resolver, getaddrinfo(): No address associated with hostname
02-11 22:01:09.940 E/msys    (15100): E[N mns]_LogError(228)=>Failed to resolve using system DNS resolver, getaddrinfo(): No address associated with hostname
02-11 22:01:09.943 E/SecVibrator-HAL-AIDL-CORE( 1463): V_2_0: Vibrator off
02-11 22:01:09.943 E/SecVibrator-HAL-AIDL-CORE( 1463): HW_API: do_off
02-11 22:01:09.943 E/SecVibrator-HAL-AIDL-CORE( 1463): HW_API: [triggerForceFeedbackVibration]on: 0
02-11 22:01:09.945 E/msys    (15100): E[N mns]_LogError(228)=>Failed to resolve using system DNS resolver, getaddrinfo(): No address associated with hostname
02-11 22:01:09.990 E/NativeCustomFrequencyManager( 1481): [NativeCFMS] BpCustomFrequencyManager::acquire()
02-11 22:01:10.052 E/NowBarCardStackView( 2646): getTopCard topCard is null view size = 0
02-11 22:01:10.293 E/WindowManager( 1796): win=Window{c054d76 u0 NotificationShade} destroySurfaces: appStopped=true cleanupOnResume=false win.mWindowRemovalAllowed=false win.mRemoveOnExit=false win.mViewVisibility=4 caller=com.android.server.wm.WindowManagerService.tryStartExitingAnimation:134 com.android.server.wm.WindowManagerService.relayoutWindow:1147 com.android.server.wm.Session.relayout:27 android.view.IWindowSession$Stub.onTransact:829 com.android.server.wm.Session.onTransact:1 android.os.Binder.execTransactInternal:1462 android.os.Binder.execTransact:1401 
02-11 22:01:10.591 E/SamsungAccount( 8427): [FamilyGroupUtil] getCountryCodeListWithRegionMcc - no country code with region mcc
02-11 22:01:10.631 E/SamsungAccount( 8427): [FamilyGroupUtil] getCountryCodeListWithRegionMcc - no country code with region mcc
02-11 22:01:10.653 E/SurfaceFlinger( 1481): alpha changed 0.000 -> 1.000 - Surface(name=52726a9 InputMethod)/@0x71e9bcf - animation-leash of insets_animation#161554
02-11 22:01:10.953 E/ActivityThread(13451): Failed to find provider info for gmail-ofls
02-11 22:01:10.957 E/ActivityThread(13451): Failed to find provider info for gmail-ofls
02-11 22:01:10.958 E/ActivityThread(13451): Failed to find provider info for gmail-ofls
02-11 22:01:10.960 E/ActivityThread(13451): Failed to find provider info for gmail-ofls
02-11 22:01:10.961 E/ActivityThread(13451): Failed to find provider info for gmail-ofls
02-11 22:01:10.963 E/ActivityThread(13451): Failed to find provider info for gmail-ofls
02-11 22:01:10.965 E/ActivityThread(13451): Failed to find provider info for gmail-ofls
02-11 22:01:10.966 E/ActivityThread(13451): Failed to find provider info for gmail-ofls
